MPLINK 4.22, Linker
Linker Map File - Created Thu Aug 04 20:07:01 2016

                                 Section Info
                  Section       Type    Address   Location Size(Bytes)
                ---------  ---------  ---------  ---------  ---------
               _entry_scn       code   0x000000    program   0x000006
               highVector       code   0x000008    program   0x000006
                lowVector       code   0x000018    program   0x000006
                   .cinit    romdata   0x00002a    program   0x0000e6
              .code_TCP.o       code   0x000110    program   0x003d4e
             .code_SNMP.o       code   0x003e5e    program   0x002b9a
            .code_HTTP2.o       code   0x0069f8    program   0x0020e8
        .code_RCUServer.o       code   0x008ae0    program   0x0016aa
  .code_AgilisHTTPPrint.o       code   0x00a18a    program   0x000ffe
            .code_MPFS2.o       code   0x00b188    program   0x000f12
          .code_Helpers.o       code   0x00c09a    program   0x000d78
              .code_UDP.o       code   0x00ce12    program   0x000bb2
         .code_ETH97J60.o       code   0x00d9c4    program   0x000bb2
             .code_Main.o       code   0x00e576    program   0x000ae6
      .code_RCULLAccess.o       code   0x00f05c    program   0x000a9e
             .stringtable    romdata   0x00fafa    program   0x000a55
   .romdata_RCULLAccess.o    romdata   0x01054f    program   0x000000
.romdata_AgilisHTTPPrint.o    romdata   0x01054f    program   0x000000
   .idata_RCUHLAccess.o_i    romdata   0x01054f    program   0x000000
   .romdata_RCUHLAccess.o    romdata   0x01054f    program   0x000000
.idata_AgilisHTTPPrint.o_i    romdata   0x01054f    program   0x000000
.romdata_AgilisHTTPGetDevInfo.o    romdata   0x01054f    program   0x000000
 .romdata_AgilisAppUtil.o    romdata   0x01054f    program   0x000000
.idata_AgilisHTTPGetDevInfo.o_i    romdata   0x01054f    program   0x000000
 .romdata_AgilisHTTPApp.o    romdata   0x01054f    program   0x000000
.idata_AgilisDriverManager.o_i    romdata   0x01054f    program   0x000001
.romdata_AgilisDriverManager.o    romdata   0x01054f    program   0x000000
    .romdata_AgilisUart.o    romdata   0x01054f    program   0x000000
        .idata_devspi.o_i    romdata   0x01054f    program   0x000000
        .romdata_devspi.o    romdata   0x01054f    program   0x000000
        .idata_devadc.o_i    romdata   0x01054f    program   0x000000
        .romdata_devadc.o    romdata   0x01054f    program   0x000000
       .romdata_UARTISR.o    romdata   0x01054f    program   0x000000
           .idata_ISR.o_i    romdata   0x01054f    program   0x000000
           .romdata_ISR.o    romdata   0x01054f    program   0x000000
   .idata_internalADC.o_i    romdata   0x01054f    program   0x000000
   .romdata_internalADC.o    romdata   0x01054f    program   0x000000
.romdata_AgilisDeviceManager.o    romdata   0x01054f    program   0x000000
.idata_AgilisDualUART.o_i    romdata   0x01054f    program   0x000000
.romdata_AgilisDualUART.o    romdata   0x01054f    program   0x000000
.romdata_AgilisConsoleInterface.o    romdata   0x01054f    program   0x000000
.romdata_UART2TCPBridge.o    romdata   0x01054f    program   0x000000
      .romdata_fxd1616u.o    romdata   0x01054f    program   0x000000
      .idata_fxd3232u.o_i    romdata   0x01054f    program   0x000000
      .romdata_fxd3232u.o    romdata   0x01054f    program   0x000000
       .idata_fxm3232.o_i    romdata   0x01054f    program   0x000000
       .romdata_fxm3232.o    romdata   0x01054f    program   0x000000
        .idata_u1open.o_i    romdata   0x01054f    program   0x000000
        .romdata_u1open.o    romdata   0x01054f    program   0x000000
        .idata_u2open.o_i    romdata   0x01054f    program   0x000000
        .romdata_u2open.o    romdata   0x01054f    program   0x000000
       .idata_adcopen.o_i    romdata   0x01054f    program   0x000000
       .romdata_adcopen.o    romdata   0x01054f    program   0x000000
       .idata_adcread.o_i    romdata   0x01054f    program   0x000000
       .romdata_adcread.o    romdata   0x01054f    program   0x000000
      .idata_adcsetch.o_i    romdata   0x01054f    program   0x000000
      .romdata_adcsetch.o    romdata   0x01054f    program   0x000000
        .idata___init.o_i    romdata   0x01054f    program   0x000000
        .romdata___init.o    romdata   0x01054f    program   0x000000
     .romdata_RCUServer.o    romdata   0x01054f    program   0x000000
 .romdata_AgilisSNMPApp.o    romdata   0x01054f    program   0x000000
.idata_AgilisSNMPLLiBUCDevInfo.o_i    romdata   0x01054f    program   0x000000
.romdata_AgilisSNMPLLiBUCDevInfo.o    romdata   0x01054f    program   0x000000
.idata_AgilisSNMPLLiBUCOp.o_i    romdata   0x01054f    program   0x000000
.romdata_AgilisSNMPLLiBUCOp.o    romdata   0x01054f    program   0x000000
.idata_AgilisSNMPLLiBUCStatus.o_i    romdata   0x01054f    program   0x000000
.romdata_AgilisSNMPLLiBUCStatus.o    romdata   0x01054f    program   0x000000
.idata_AgilisSNMPSysInfo.o_i    romdata   0x01054f    program   0x000000
.romdata_AgilisSNMPSysInfo.o    romdata   0x01054f    program   0x000000
       .idata_adcbusy.o_i    romdata   0x01054f    program   0x000000
       .romdata_adcbusy.o    romdata   0x01054f    program   0x000000
      .idata_adcclose.o_i    romdata   0x01054f    program   0x000000
      .romdata_adcclose.o    romdata   0x01054f    program   0x000000
       .idata_adcconv.o_i    romdata   0x01054f    program   0x000000
       .romdata_adcconv.o    romdata   0x01054f    program   0x000000
      .idata_fxd1616u.o_i    romdata   0x01054f    program   0x000000
          .romdata_ICMP.o    romdata   0x01054f    program   0x000000
          .idata_ICMP.o_i    romdata   0x01054f    program   0x000000
         .romdata_MPFS2.o    romdata   0x01054f    program   0x000000
         .idata_MPFS2.o_i    romdata   0x01054f    program   0x000000
      .romdata_ETH97J60.o    romdata   0x01054f    program   0x000000
            .romdata_IP.o    romdata   0x01054f    program   0x000000
         .idata_Delay.o_i    romdata   0x01054f    program   0x000000
         .idata_HTTP2.o_i    romdata   0x01054f    program   0x000000
         .romdata_Delay.o    romdata   0x01054f    program   0x000000
       .idata_Helpers.o_i    romdata   0x01054f    program   0x000000
       .romdata_Helpers.o    romdata   0x01054f    program   0x000000
         .romdata_DHCPs.o    romdata   0x01054f    program   0x000000
          .idata_UART.o_i    romdata   0x01054f    program   0x000000
          .romdata_UART.o    romdata   0x01054f    program   0x000000
         .idata_DHCPs.o_i    romdata   0x01054f    program   0x000000
          .romdata_Tick.o    romdata   0x01054f    program   0x000000
          .idata_DHCP.o_i    romdata   0x01054f    program   0x000000
          .romdata_DHCP.o    romdata   0x01054f    program   0x000000
        .idata_c018iz.o_i    romdata   0x01054f    program   0x000000
.romdata_AgilisProtocol.o    romdata   0x01054f    program   0x000000
        .romdata_c018iz.o    romdata   0x01054f    program   0x000000
          .romdata_util.o    romdata   0x01054f    program   0x000000
.idata_AgilisProtocol.o_i    romdata   0x01054f    program   0x000000
.idata_Initialization.o_i    romdata   0x01054f    program   0x000000
      .romdata_SPIFlash.o    romdata   0x01054f    program   0x000000
      .idata_MPFSImg2.o_i    romdata   0x01054f    program   0x000000
      .idata_SPIFlash.o_i    romdata   0x01054f    program   0x000000
      .romdata_MPFSImg2.o    romdata   0x01054f    program   0x000000
      .idata_StackTsk.o_i    romdata   0x01054f    program   0x000000
      .romdata_StackTsk.o    romdata   0x01054f    program   0x000000
     .romdata_SPIEEPROM.o    romdata   0x01054f    program   0x000000
           .romdata_UDP.o    romdata   0x01054f    program   0x000000
     .idata_SPIEEPROM.o_i    romdata   0x01054f    program   0x000000
           .romdata_ARP.o    romdata   0x01054f    program   0x000000
      .idata_ETH97J60.o_i    romdata   0x01054f    program   0x000000
    .code_AgilisSNMPApp.o       code   0x010550    program   0x0008b2
.code_AgilisHTTPGetDevInfo.o       code   0x010e02    program   0x00085c
    .code_AgilisHTTPApp.o       code   0x01165e    program   0x0007fe
             .code_util.o       code   0x011e5c    program   0x00074c
   .code_AgilisProtocol.o       code   0x0125a8    program   0x000714
      .code_singcom_RCU.o       code   0x012cbc    program   0x000708
.code_AgilisDeviceManager.o       code   0x0133c4    program   0x0005ea
                     PROG       code   0x0139ae    program   0x0005a2
   .code_AgilisDualUART.o       code   0x013f50    program   0x000504
              .code_ARP.o       code   0x014454    program   0x000494
   .code_Initialization.o       code   0x0148e8    program   0x000478
          .code_UARTISR.o       code   0x014d60    program   0x000460
                   STRING       code   0x0151c0    program   0x00042c
    .code_AgilisAppUtil.o       code   0x0155ec    program   0x0003d6
.code_AgilisSNMPSysInfo.o       code   0x0159c2    program   0x0003c0
   .romdata_singcom_RCU.o    romdata   0x015d82    program   0x00038e
.code_AgilisSNMPLLiBUCOp.o       code   0x016110    program   0x00035a
               .code_IP.o       code   0x01646a    program   0x00032e
      .code_RCUHLAccess.o       code   0x016798    program   0x00031a
        .code_SPIEEPROM.o       code   0x016ab2    program   0x0002fa
      .code_internalADC.o       code   0x016dac    program   0x000252
         .code_StackTsk.o       code   0x016ffe    program   0x00021c
.code_AgilisSNMPLLiBUCDevInfo.o       code   0x01721a    program   0x000210
       .code_AgilisUart.o       code   0x01742a    program   0x0001e6
           .code_devadc.o       code   0x017610    program   0x0001de
.code_AgilisDriverManager.o       code   0x0177ee    program   0x0001aa
                   STDLIB       code   0x017998    program   0x000192
             .code_ICMP.o       code   0x017b2a    program   0x00014a
              .code_ISR.o       code   0x017c74    program   0x000138
             .code_Tick.o       code   0x017dac    program   0x000122
             .code_UART.o       code   0x017ece    program   0x0000e6
               _cinit_scn       code   0x017fb4    program   0x00009e
           .code_u2open.o       code   0x018052    program   0x00008a
           .code_devspi.o       code   0x0180dc    program   0x000086
           .code_u1open.o       code   0x018162    program   0x000084
         .romdata_HTTP2.o    romdata   0x0181e6    program   0x00007e
          .code_fxm3232.o       code   0x018264    program   0x000070
          .code_adcopen.o       code   0x0182d4    program   0x00006e
.code_AgilisSNMPLLiBUCStatus.o       code   0x018342    program   0x00005e
         .code_fxd3232u.o       code   0x0183a0    program   0x000048
             D10KTCYXCODE       code   0x0183e8    program   0x00002e
         .code_adcsetch.o       code   0x018416    program   0x00002e
         .code_fxd1616u.o       code   0x018444    program   0x00002c
           .romdata_TCP.o    romdata   0x018470    program   0x000024
             _startup_scn       code   0x018494    program   0x000020
              D1KTCYXCODE       code   0x0184b4    program   0x000020
   .code_UART2TCPBridge.o       code   0x0184d4    program   0x00001e
.romdata_Initialization.o    romdata   0x0184f2    program   0x000018
              D10TCYXCODE       code   0x01850a    program   0x000016
          .romdata_SNMP.o    romdata   0x018520    program   0x000014
          .code_adcread.o       code   0x018534    program   0x000012
          .romdata_Main.o    romdata   0x018546    program   0x000010
                    .code       code   0x018556    program   0x00000e
          .code_adcbusy.o       code   0x018564    program   0x00000a
         .code_adcclose.o       code   0x01856e    program   0x000006
          .code_adcconv.o       code   0x018574    program   0x000004
           .code___init.o       code   0x018578    program   0x000002
              SEED_DATA_i    romdata   0x01857a    program   0x000002
          .idata_util.o_i    romdata   0x01857c    program   0x000004
   .idata_singcom_RCU.o_i    romdata   0x018580    program   0x000023
           .idata_UDP.o_i    romdata   0x0185a3    program   0x000002
       .idata_UARTISR.o_i    romdata   0x0185a5    program   0x000029
.idata_UART2TCPBridge.o_i    romdata   0x0185ce    program   0x000008
          .idata_Tick.o_i    romdata   0x0185d6    program   0x000004
           .idata_TCP.o_i    romdata   0x0185da    program   0x000002
          .idata_SNMP.o_i    romdata   0x0185dc    program   0x000002
     .idata_RCUServer.o_i    romdata   0x0185de    program   0x000068
   .idata_RCULLAccess.o_i    romdata   0x018646    program   0x000004
          .idata_Main.o_i    romdata   0x01864a    program   0x0000e4
            .idata_IP.o_i    romdata   0x01872e    program   0x000002
    .idata_AgilisUart.o_i    romdata   0x018730    program   0x000018
 .idata_AgilisSNMPApp.o_i    romdata   0x018748    program   0x000073
 .idata_AgilisHTTPApp.o_i    romdata   0x0187bb    program   0x000002
.idata_AgilisDeviceManager.o_i    romdata   0x0187bd    program   0x000004
           .idata_ARP.o_i    romdata   0x0187c1    program   0x000001
 .idata_AgilisAppUtil.o_i    romdata   0x0187c1    program   0x000000
.idata_AgilisConsoleInterface.o_i    romdata   0x0187c1    program   0x000000
             .code_DHCP.o       code   0x0187c2    program   0x000000
         .code_MPFSImg2.o       code   0x0187c2    program   0x000000
           .code_c018iz.o       code   0x0187c2    program   0x000000
         .code_SPIFlash.o       code   0x0187c2    program   0x000000
.code_AgilisConsoleInterface.o       code   0x0187c2    program   0x000000
            .code_Delay.o       code   0x0187c2    program   0x000000
            .code_DHCPs.o       code   0x0187c2    program   0x000000
     .config_1fff8_Main.o    romdata   0x01fff8    program   0x000001
     .config_1fffa_Main.o    romdata   0x01fffa    program   0x000001
     .config_1fffd_Main.o    romdata   0x01fffd    program   0x000001
                 .tmpdata      udata   0x000000       data   0x00001a
                MATH_DATA      udata   0x00001a       data   0x000014
                DELAYDAT2      udata   0x00002e       data   0x000001
                DELAYDAT1      udata   0x00002f       data   0x000001
             .udata_UDP.o      udata   0x000060       data   0x000098
.udata_AgilisDriverManager.o      udata   0x0000f8       data   0x000008
            .idata_Main.o      idata   0x000100       data   0x0000e4
      .idata_AgilisUart.o      idata   0x0001e4       data   0x000018
  .udata_Initialization.o      udata   0x0001fc       data   0x000004
                 TCB_uRAM      udata   0x000200       data   0x0000a8
  .udata_UART2TCPBridge.o      udata   0x0002a8       data   0x000052
            .udata_Tick.o      udata   0x0002fa       data   0x000006
                     gpr8      udata   0x000300       data   0x000091
           .udata_MPFS2.o      udata   0x000391       data   0x00006f
                    grp10      udata   0x000400       data   0x000090
                     grp5      udata   0x000490       data   0x000069
        .udata_ETH97J60.o      udata   0x0004f9       data   0x000007
.udata_AgilisDeviceManager.o      udata   0x000500       data   0x00008a
   .idata_AgilisSNMPApp.o      idata   0x00058a       data   0x000073
            .udata_util.o      udata   0x0005fd       data   0x000003
   HTTP_CONNECTION_STATES      udata   0x000600       data   0x000084
       .idata_RCUServer.o      idata   0x000684       data   0x000068
             .udata_ARP.o      udata   0x0006ec       data   0x000014
            .udata_SNMP.o      udata   0x000700       data   0x00002b
         .idata_UARTISR.o      idata   0x00072b       data   0x000029
      .udata_AgilisUart.o      udata   0x000754       data   0x000026
       .udata_SPIEEPROM.o      udata   0x00077a       data   0x000025
     .idata_singcom_RCU.o      idata   0x00079f       data   0x000023
     .udata_RCULLAccess.o      udata   0x0007c2       data   0x00001f
.udata_AgilisHTTPGetDevInfo.o      udata   0x0007e1       data   0x00001f
            .udata_Main.o      udata   0x000800       data   0x000169
         .udata_UARTISR.o      udata   0x000969       data   0x000092
.udata_AgilisSNMPLLiBUCDevInfo.o      udata   0x0009fb       data   0x000005
.udata_AgilisSNMPSysInfo.o      udata   0x000a00       data   0x000010
 .udata_AgilisHTTPPrint.o      udata   0x000a10       data   0x00000f
     .udata_singcom_RCU.o      udata   0x000a1f       data   0x00000b
        .udata_StackTsk.o      udata   0x000a2a       data   0x00000b
                    grp17      udata   0x000a35       data   0x00000a
          .udata_c018iz.o      udata   0x000a3f       data   0x00000a
  .idata_UART2TCPBridge.o      idata   0x000a49       data   0x000008
         .udata_Helpers.o      udata   0x000a51       data   0x000004
            .idata_util.o      idata   0x000a55       data   0x000004
            .idata_Tick.o      idata   0x000a59       data   0x000004
     .idata_RCULLAccess.o      idata   0x000a5d       data   0x000004
.idata_AgilisDeviceManager.o      idata   0x000a61       data   0x000004
                SEED_DATA      idata   0x000a65       data   0x000002
             .idata_UDP.o      idata   0x000a67       data   0x000002
             .idata_TCP.o      idata   0x000a69       data   0x000002
            .idata_SNMP.o      idata   0x000a6b       data   0x000002
              .idata_IP.o      idata   0x000a6d       data   0x000002
   .idata_AgilisHTTPApp.o      idata   0x000a6f       data   0x000002
.idata_AgilisDriverManager.o      idata   0x000a71       data   0x000001
             .idata_ARP.o      idata   0x000a72       data   0x000001
.udata_AgilisSNMPLLiBUCStatus.o      udata   0x000a73       data   0x000000
     .idata_RCUHLAccess.o      idata   0x000a73       data   0x000000
.idata_AgilisSNMPLLiBUCOp.o      idata   0x000a73       data   0x000000
.udata_AgilisSNMPLLiBUCOp.o      udata   0x000a73       data   0x000000
.idata_AgilisSNMPLLiBUCDevInfo.o      idata   0x000a73       data   0x000000
   .udata_AgilisAppUtil.o      udata   0x000a73       data   0x000000
   .idata_AgilisAppUtil.o      idata   0x000a73       data   0x000000
   .udata_AgilisSNMPApp.o      udata   0x000a73       data   0x000000
          .idata___init.o      idata   0x000a73       data   0x000000
          .udata___init.o      udata   0x000a73       data   0x000000
        .idata_adcsetch.o      idata   0x000a73       data   0x000000
        .udata_adcsetch.o      udata   0x000a73       data   0x000000
         .idata_adcread.o      idata   0x000a73       data   0x000000
         .udata_adcread.o      udata   0x000a73       data   0x000000
         .idata_adcopen.o      idata   0x000a73       data   0x000000
         .udata_adcopen.o      udata   0x000a73       data   0x000000
          .idata_u2open.o      idata   0x000a73       data   0x000000
          .udata_u2open.o      udata   0x000a73       data   0x000000
          .idata_u1open.o      idata   0x000a73       data   0x000000
          .udata_u1open.o      udata   0x000a73       data   0x000000
         .idata_fxm3232.o      idata   0x000a73       data   0x000000
         .udata_fxm3232.o      udata   0x000a73       data   0x000000
        .idata_fxd3232u.o      idata   0x000a73       data   0x000000
        .udata_fxd3232u.o      udata   0x000a73       data   0x000000
        .idata_fxd1616u.o      idata   0x000a73       data   0x000000
        .udata_fxd1616u.o      udata   0x000a73       data   0x000000
          .idata_c018iz.o      idata   0x000a73       data   0x000000
         .idata_adcconv.o      idata   0x000a73       data   0x000000
         .udata_adcconv.o      udata   0x000a73       data   0x000000
        .idata_adcclose.o      idata   0x000a73       data   0x000000
        .udata_adcclose.o      udata   0x000a73       data   0x000000
         .idata_adcbusy.o      idata   0x000a73       data   0x000000
         .udata_adcbusy.o      udata   0x000a73       data   0x000000
.idata_AgilisSNMPSysInfo.o      idata   0x000a73       data   0x000000
.idata_AgilisSNMPLLiBUCStatus.o      idata   0x000a73       data   0x000000
        .idata_ETH97J60.o      idata   0x000a73       data   0x000000
           .udata_Delay.o      udata   0x000a73       data   0x000000
           .idata_Delay.o      idata   0x000a73       data   0x000000
         .idata_Helpers.o      idata   0x000a73       data   0x000000
            .udata_UART.o      udata   0x000a73       data   0x000000
            .idata_UART.o      idata   0x000a73       data   0x000000
            .udata_DHCP.o      udata   0x000a73       data   0x000000
            .idata_DHCP.o      idata   0x000a73       data   0x000000
           .udata_DHCPs.o      udata   0x000a73       data   0x000000
           .idata_DHCPs.o      idata   0x000a73       data   0x000000
           .udata_HTTP2.o      udata   0x000a73       data   0x000000
           .idata_HTTP2.o      idata   0x000a73       data   0x000000
           .idata_MPFS2.o      idata   0x000a73       data   0x000000
            .udata_ICMP.o      udata   0x000a73       data   0x000000
  .idata_AgilisProtocol.o      idata   0x000a73       data   0x000000
  .udata_AgilisProtocol.o      udata   0x000a73       data   0x000000
        .idata_SPIFlash.o      idata   0x000a73       data   0x000000
        .udata_SPIFlash.o      udata   0x000a73       data   0x000000
       .idata_SPIEEPROM.o      idata   0x000a73       data   0x000000
            .idata_ICMP.o      idata   0x000a73       data   0x000000
 .idata_AgilisHTTPPrint.o      idata   0x000a73       data   0x000000
.idata_AgilisHTTPGetDevInfo.o      idata   0x000a73       data   0x000000
  .idata_Initialization.o      idata   0x000a73       data   0x000000
        .udata_MPFSImg2.o      udata   0x000a73       data   0x000000
.idata_AgilisConsoleInterface.o      idata   0x000a73       data   0x000000
.udata_AgilisConsoleInterface.o      udata   0x000a73       data   0x000000
  .idata_AgilisDualUART.o      idata   0x000a73       data   0x000000
  .udata_AgilisDualUART.o      udata   0x000a73       data   0x000000
     .idata_internalADC.o      idata   0x000a73       data   0x000000
     .udata_internalADC.o      udata   0x000a73       data   0x000000
             .idata_ISR.o      idata   0x000a73       data   0x000000
             .udata_ISR.o      udata   0x000a73       data   0x000000
          .idata_devadc.o      idata   0x000a73       data   0x000000
          .udata_devadc.o      udata   0x000a73       data   0x000000
          .idata_devspi.o      idata   0x000a73       data   0x000000
          .udata_devspi.o      udata   0x000a73       data   0x000000
        .idata_MPFSImg2.o      idata   0x000a73       data   0x000000
        .idata_StackTsk.o      idata   0x000a73       data   0x000000
                   .stack      udata   0x000c00       data   0x000200
       SYN_QUEUE_RAM_SECT      udata   0x000e00       data   0x00003c
     .udata_RCUHLAccess.o      udata   0x000e3c       data   0x000037
   .udata_AgilisHTTPApp.o      udata   0x000e73       data   0x00000d
              SFR_BANKED0      udata   0x000e80       data   0x000006
              SFR_BANKED1      udata   0x000e8a       data   0x000001
              SFR_BANKED2      udata   0x000e97       data   0x000003
              SFR_BANKED3      udata   0x000ea0       data   0x000001
              SFR_BANKED4      udata   0x000ea2       data   0x000003
              SFR_BANKED5      udata   0x000ea6       data   0x000002
              SFR_BANKED6      udata   0x000eaa       data   0x000002
              SFR_BANKED7      udata   0x000eb2       data   0x000001
              SFR_BANKED8      udata   0x000eb4       data   0x000001
              SFR_BANKED9      udata   0x000eb6       data   0x000004
             SFR_BANKED10      udata   0x000ec0       data   0x000012
             SFR_BANKED11      udata   0x000ed4       data   0x000002
             SFR_BANKED12      udata   0x000ed8       data   0x000002
             SFR_BANKED13      udata   0x000ee2       data   0x000016
             SFR_BANKED14      udata   0x000efb       data   0x000001
             SFR_BANKED15      udata   0x000efd       data   0x000002
             .udata_TCP.o      udata   0x000f00       data   0x00004f
       .udata_RCUServer.o      udata   0x000f4f       data   0x000010
              .udata_IP.o      udata   0x000f5f       data   0x000001
            SFR_UNBANKED0      udata   0x000f60       data   0x0000a0



                              Program Memory Usage 
                               Start         End      
                           ---------   ---------      
                            0x000000    0x000005      
                            0x000008    0x00000d      
                            0x000018    0x00001d      
                            0x00002a    0x0187c1      
                            0x01fff8    0x01fff8      
                            0x01fffa    0x01fffa      
                            0x01fffd    0x01fffd      
            100269 out of 131072 program addresses used, program memory utilization is 76%



                              Symbols - Sorted by Name
                     Name    Address   Location    Storage File                     
                ---------  ---------  ---------  --------- ---------                
                ADC_Value   0x016ec4    program     extern C:\wzx\ZX\724\Converter\Drivers\MCU-Internal\internalADC.c
                  AD_init   0x016dac    program     extern C:\wzx\ZX\724\Converter\Drivers\MCU-Internal\internalADC.c
                  ARPInit   0x01451c    program     extern C:\wzx\ZX\724\Converter\Microchip\TCPIP Stack\ARP.c
            ARPIsResolved   0x014774    program     extern C:\wzx\ZX\724\Converter\Microchip\TCPIP Stack\ARP.c
               ARPProcess   0x014534    program     extern C:\wzx\ZX\724\Converter\Microchip\TCPIP Stack\ARP.c
                   ARPPut   0x014454    program     static C:\wzx\ZX\724\Converter\Microchip\TCPIP Stack\ARP.c
               ARPResolve   0x0146ca    program     extern C:\wzx\ZX\724\Converter\Microchip\TCPIP Stack\ARP.c
                ASC2toHEX   0x011e5c    program     extern C:\wzx\ZX\724\Converter\Agilis-SysLib\util.c
 AgilisAppUtil_dword_swap   0x015620    program     extern C:\wzx\ZX\724\Converter\App\Util\AgilisAppUtil.c
AgilisAppUtil_validate_attenuation   0x0155ec    program     extern C:\wzx\ZX\724\Converter\App\Util\AgilisAppUtil.c
AgilisDeviceManagerClientPoll   0x0137ba    program     extern C:\wzx\ZX\724\Converter\AgilisDevices\AgilisDeviceManager.c
AgilisDeviceManagerClientRespond   0x01382e    program     extern C:\wzx\ZX\724\Converter\AgilisDevices\AgilisDeviceManager.c
AgilisDeviceManagerGetBUCClient   0x013456    program     extern C:\wzx\ZX\724\Converter\AgilisDevices\AgilisDeviceManager.c
AgilisDeviceManagerHandler   0x0138a2    program     extern C:\wzx\ZX\724\Converter\AgilisDevices\AgilisDeviceManager.c
  AgilisDeviceManagerInit   0x0133c4    program     extern C:\wzx\ZX\724\Converter\AgilisDevices\AgilisDeviceManager.c
AgilisDeviceManagerRegisterClient   0x013402    program     extern C:\wzx\ZX\724\Converter\AgilisDevices\AgilisDeviceManager.c
AgilisDeviceManagerRegisterServer   0x01342c    program     extern C:\wzx\ZX\724\Converter\AgilisDevices\AgilisDeviceManager.c
AgilisDeviceManagerServerRespond   0x01374c    program     extern C:\wzx\ZX\724\Converter\AgilisDevices\AgilisDeviceManager.c
AgilisDeviceManagerStdClientRespond   0x013496    program     extern C:\wzx\ZX\724\Converter\AgilisDevices\AgilisDeviceManager.c
  AgilisDriverManagerInit   0x0177ee    program     extern C:\wzx\ZX\724\Converter\Drivers\AgilisDriverManager.c
  AgilisDriverManagerOpen   0x017818    program     extern C:\wzx\ZX\724\Converter\Drivers\AgilisDriverManager.c
AgilisDriverManagerRegister   0x017924    program     extern C:\wzx\ZX\724\Converter\Drivers\AgilisDriverManager.c
AgilisProtocolCalcChecksum   0x0125a8    program     extern C:\wzx\ZX\724\Converter\App\SerialIntf\AgilisProtocol\AgilisProtocol.c
  AgilisProtocolCmdLookUp   0x01298e    program     extern C:\wzx\ZX\724\Converter\App\SerialIntf\AgilisProtocol\AgilisProtocol.c
AgilisProtocolGCmdPackRequestPgm   0x0127de    program     extern C:\wzx\ZX\724\Converter\App\SerialIntf\AgilisProtocol\AgilisProtocol.c
AgilisProtocolGCmdPackResponse   0x0128ee    program     extern C:\wzx\ZX\724\Converter\App\SerialIntf\AgilisProtocol\AgilisProtocol.c
AgilisProtocolGCmdReqCheck   0x012774    program     extern C:\wzx\ZX\724\Converter\App\SerialIntf\AgilisProtocol\AgilisProtocol.c
AgilisProtocolGCmdRespCheck   0x0127c0    program     extern C:\wzx\ZX\724\Converter\App\SerialIntf\AgilisProtocol\AgilisProtocol.c
AgilisProtocolGetCmdPacketStartPos   0x012a48    program     extern C:\wzx\ZX\724\Converter\App\SerialIntf\AgilisProtocol\AgilisProtocol.c
AgilisProtocolPackChecksum   0x0125e0    program     extern C:\wzx\ZX\724\Converter\App\SerialIntf\AgilisProtocol\AgilisProtocol.c
AgilisProtocolVerifyChecksum   0x01262a    program     extern C:\wzx\ZX\724\Converter\App\SerialIntf\AgilisProtocol\AgilisProtocol.c
AgilisProtocolZCmdPackResponse   0x01293e    program     extern C:\wzx\ZX\724\Converter\App\SerialIntf\AgilisProtocol\AgilisProtocol.c
AgilisProtocolZCmdReqCheck   0x0126d2    program     extern C:\wzx\ZX\724\Converter\App\SerialIntf\AgilisProtocol\AgilisProtocol.c
          AgilisUart0Init   0x01742a    program     extern C:\wzx\ZX\724\Converter\Drivers\AgilisUart.c
          AgilisUart0Open   0x01745e    program     extern C:\wzx\ZX\724\Converter\Drivers\AgilisUart.c
          AgilisUart0Read   0x017468    program     extern C:\wzx\ZX\724\Converter\Drivers\AgilisUart.c
         AgilisUart0Write   0x01748e    program     extern C:\wzx\ZX\724\Converter\Drivers\AgilisUart.c
          AgilisUart1Init   0x0174be    program     extern C:\wzx\ZX\724\Converter\Drivers\AgilisUart.c
          AgilisUart1Open   0x0174f2    program     extern C:\wzx\ZX\724\Converter\Drivers\AgilisUart.c
          AgilisUart1Read   0x0174fc    program     extern C:\wzx\ZX\724\Converter\Drivers\AgilisUart.c
         AgilisUart1Write   0x017522    program     extern C:\wzx\ZX\724\Converter\Drivers\AgilisUart.c
Agilis_util_convert_ascii   0x015718    program     extern C:\wzx\ZX\724\Converter\App\Util\AgilisAppUtil.c
   Agilis_util_parse_attn   0x015814    program     extern C:\wzx\ZX\724\Converter\App\Util\AgilisAppUtil.c
 Agilissnmp_getSYS_Params   0x015a76    program     extern C:\wzx\ZX\724\Converter\App\SNMP\AgilisSNMPSysInfo.c
 Agilissnmp_get_trap_resp   0x017318    program     extern C:\wzx\ZX\724\Converter\App\SNMP\AgilisSNMPLLiBUCDevInfo.c
Agilissnmpll_getALARM_STATUS   0x018342    program     extern C:\wzx\ZX\724\Converter\App\SNMP\AgilisSNMPLLiBUCStatus.c
 Agilissnmpll_getDEVICEIP   0x017276    program     extern C:\wzx\ZX\724\Converter\App\SNMP\AgilisSNMPLLiBUCDevInfo.c
Agilissnmpll_getMANAGERIP   0x01721a    program     extern C:\wzx\ZX\724\Converter\App\SNMP\AgilisSNMPLLiBUCDevInfo.c
Agilissnmpll_getOPERATION   0x016110    program     extern C:\wzx\ZX\724\Converter\App\SNMP\AgilisSNMPLLiBUCOp.c
Agilissnmpll_getRCU_SNMP_FIRMWAREVERSION   0x0172da    program     extern C:\wzx\ZX\724\Converter\App\SNMP\AgilisSNMPLLiBUCDevInfo.c
 Agilissnmpll_setDEVICEIP   0x01729c    program     extern C:\wzx\ZX\724\Converter\App\SNMP\AgilisSNMPLLiBUCDevInfo.c
Agilissnmpll_setMANAGERIP   0x017240    program     extern C:\wzx\ZX\724\Converter\App\SNMP\AgilisSNMPLLiBUCDevInfo.c
Agilissnmpll_setOPERATION   0x0161c2    program     extern C:\wzx\ZX\724\Converter\App\SNMP\AgilisSNMPLLiBUCOp.c
Agilissnmpll_setSYS_Params   0x0159c2    program     extern C:\wzx\ZX\724\Converter\App\SNMP\AgilisSNMPSysInfo.c
             Base64Decode   0x00c56e    program     extern C:\wzx\ZX\724\Converter\Microchip\TCPIP Stack\Helpers.c
                  BusyADC   0x018564    program     extern C:\MCC18\src\pmc_common\ADC\adcbusy.c
                BusyUSART   0x017ece    program     extern C:\wzx\ZX\724\Converter\Microchip\TCPIP Stack\UART.c
               BusyUSART2   0x017f26    program     extern C:\wzx\ZX\724\Converter\Microchip\TCPIP Stack\UART.c
                    CGRAM   0x018546    program     extern C:\wzx\ZX\724\Converter\Main\Main.c
     CalcIPBufferChecksum   0x00df04    program     extern C:\wzx\ZX\724\Converter\Microchip\TCPIP Stack\ETH97J60.c
           CalcIPChecksum   0x00c9a6    program     extern C:\wzx\ZX\724\Converter\Microchip\TCPIP Stack\Helpers.c
                CheckBusy   0x00e73c    program     extern C:\wzx\ZX\724\Converter\Main\Main.c
      Check_LNAPSU_Status   0x012f0a    program     extern C:\wzx\ZX\724\Converter\Main\singcom_RCU.c
       Check_Other_Status   0x013130    program     extern C:\wzx\ZX\724\Converter\Main\singcom_RCU.c
          Check_SW_Status   0x012d10    program     extern C:\wzx\ZX\724\Converter\Main\singcom_RCU.c
                 CloseADC   0x01856e    program     extern C:\MCC18\src\pmc_common\ADC\adcclose.c
              CloseSocket   0x001f6c    program     static C:\wzx\ZX\724\Converter\Microchip\TCPIP Stack\TCP.c
               CloseUSART   0x017eda    program     extern C:\wzx\ZX\724\Converter\Microchip\TCPIP Stack\UART.c
              CloseUSART2   0x017f32    program     extern C:\wzx\ZX\724\Converter\Microchip\TCPIP Stack\UART.c
             Comm0Mode232   0x015076    program     extern C:\wzx\ZX\724\Converter\Drivers\UARTISR.c
           Comm0Mode485Rx   0x01508a    program     extern C:\wzx\ZX\724\Converter\Drivers\UARTISR.c
           Comm0Mode485Tx   0x01507e    program     extern C:\wzx\ZX\724\Converter\Drivers\UARTISR.c
             Comm1Mode232   0x015096    program     extern C:\wzx\ZX\724\Converter\Drivers\UARTISR.c
           Comm1Mode485Rx   0x0150aa    program     extern C:\wzx\ZX\724\Converter\Drivers\UARTISR.c
           Comm1Mode485Tx   0x01509e    program     extern C:\wzx\ZX\724\Converter\Drivers\UARTISR.c
     ConfigureUartChannel   0x014206    program     extern C:\wzx\ZX\724\Converter\Drivers\External-Peripherals\AgilisDualUART.c
               ConvertADC   0x018574    program     extern C:\MCC18\src\pmc_common\ADC\adcconv.c
                   D10K_1   0x0183f4    program     static C:\Program Files\mcc18\src\traditional\delays\d10ktcyx.asm
                    D10Kl   0x018400    program     static C:\Program Files\mcc18\src\traditional\delays\d10ktcyx.asm
                    D10Kx   0x0183f2    program     static C:\Program Files\mcc18\src\traditional\delays\d10ktcyx.asm
                    D10_1   0x01851a    program     static C:\Program Files\mcc18\src\traditional\delays\d10tcyx.asm
                     D10x   0x018512    program     static C:\Program Files\mcc18\src\traditional\delays\d10tcyx.asm
                    D1K_1   0x0184c0    program     static C:\Program Files\mcc18\src\traditional\delays\d1ktcyx.asm
                     D1Kx   0x0184be    program     static C:\Program Files\mcc18\src\traditional\delays\d1ktcyx.asm
             DataRdyUSART   0x017ee6    program     extern C:\wzx\ZX\724\Converter\Microchip\TCPIP Stack\UART.c
            DataRdyUSART2   0x017f3e    program     extern C:\wzx\ZX\724\Converter\Microchip\TCPIP Stack\UART.c
             Delay10KTCYx   0x0183e8    program     extern C:\Program Files\mcc18\src\traditional\delays\d10ktcyx.asm
              Delay10TCYx   0x01850a    program     extern C:\Program Files\mcc18\src\traditional\delays\d10tcyx.asm
              Delay1KTCYx   0x0184b4    program     extern C:\Program Files\mcc18\src\traditional\delays\d1ktcyx.asm
                  DelayMS   0x011f1a    program     extern C:\wzx\ZX\724\Converter\Agilis-SysLib\util.c
       DisplayCompanyMenu   0x00e9b6    program     extern C:\wzx\ZX\724\Converter\Main\Main.c
           DisplayIPValue   0x0122f4    program     extern C:\wzx\ZX\724\Converter\Agilis-SysLib\util.c
              DisplayMenu   0x00e9f0    program     extern C:\wzx\ZX\724\Converter\Main\Main.c
                  DoWrite   0x016c3e    program     static C:\wzx\ZX\724\Converter\Microchip\TCPIP Stack\SPIEEPROM.c
                 FLO0832S   0x0139b2    program     extern C:\Program Files\mcc18\src\traditional\math\cast08FP.asm
                 FLO0832U   0x0139ae    program     extern C:\Program Files\mcc18\src\traditional\math\cast08FP.asm
                 FLO1632S   0x0139d4    program     extern C:\Program Files\mcc18\src\traditional\math\cast16FP.asm
                 FLO1632U   0x0139d0    program     extern C:\Program Files\mcc18\src\traditional\math\cast16FP.asm
                    FPA32   0x0139fc    program     extern C:\Program Files\mcc18\src\traditional\math\addFP.asm
                    FPD32   0x013b28    program     extern C:\Program Files\mcc18\src\traditional\math\divFP.asm
                    FPM32   0x013bce    program     extern C:\Program Files\mcc18\src\traditional\math\mulFP.asm
                    FPS32   0x0139fa    program     extern C:\Program Files\mcc18\src\traditional\math\addFP.asm
                 FXD1616U   0x018444    program     extern C:\Program Files\mcc18\src\traditional\math\fxd1616u.c
                 FXD3232U   0x0183a0    program     extern C:\Program Files\mcc18\src\traditional\math\fxd3232u.c
                 FXM1616U   0x013ca8    program     extern C:\Program Files\mcc18\src\traditional\math\fxm1616u.asm
                 FXM2424U   0x013ce4    program     extern C:\Program Files\mcc18\src\traditional\math\fxm2424u.asm
                  FXM3232   0x018264    program     extern C:\Program Files\mcc18\src\traditional\math\fxm3232.c
       FindMatchingSocket   0x001c52    program     static C:\wzx\ZX\724\Converter\Microchip\TCPIP Stack\TCP.c
       FindMatchingSocket   0x00d598    program     static C:\wzx\ZX\724\Converter\Microchip\TCPIP Stack\UDP.c
        FindOIDsInRequest   0x00604e    program     static C:\wzx\ZX\724\Converter\Microchip\TCPIP Stack\SNMP.c
        FormatNetBIOSName   0x00cb52    program     extern C:\wzx\ZX\724\Converter\Microchip\TCPIP Stack\Helpers.c
      GenerateRandomDWORD   0x00c09a    program     extern C:\wzx\ZX\724\Converter\Microchip\TCPIP Stack\Helpers.c
   GetCurrentFromHexValue   0x0176b6    program     extern C:\wzx\ZX\724\Converter\Drivers\External-Peripherals\devadc.c
           GetDWORDString   0x00a34e    program     extern C:\wzx\ZX\724\Converter\App\WebUI\AgilisHTTPPrint.c
          GetDataTypeInfo   0x005c90    program     static C:\wzx\ZX\724\Converter\Microchip\TCPIP Stack\SNMP.c
              GetNextLeaf   0x0055f4    program     static C:\wzx\ZX\724\Converter\Microchip\TCPIP Stack\SNMP.c
       GetOIDStringByAddr   0x005a80    program     static C:\wzx\ZX\724\Converter\Microchip\TCPIP Stack\SNMP.c
         GetOIDStringByID   0x0059be    program     static C:\wzx\ZX\724\Converter\Microchip\TCPIP Stack\SNMP.c
                GetOneADC   0x016fa8    program     extern C:\wzx\ZX\724\Converter\Drivers\MCU-Internal\internalADC.c
             GetOneCHADC0   0x017610    program     extern C:\wzx\ZX\724\Converter\Drivers\External-Peripherals\devadc.c
       GetOneCHADC012Bits   0x017646    program     extern C:\wzx\ZX\724\Converter\Drivers\External-Peripherals\devadc.c
             GetOneCHADC1   0x017664    program     extern C:\wzx\ZX\724\Converter\Drivers\External-Peripherals\devadc.c
       GetOneCHADC112Bits   0x01769a    program     extern C:\wzx\ZX\724\Converter\Drivers\External-Peripherals\devadc.c
              GetTickCopy   0x017dbc    program     static C:\wzx\ZX\724\Converter\Microchip\TCPIP Stack\Tick.c
            GetWORDString   0x00a2c0    program     extern C:\wzx\ZX\724\Converter\App\WebUI\AgilisHTTPPrint.c
                HEXto2ASC   0x011ed2    program     extern C:\wzx\ZX\724\Converter\Agilis-SysLib\util.c
            HTTPCheckAuth   0x0116a4    program     extern C:\wzx\ZX\724\Converter\App\WebUI\AgilisHTTPApp.c
   HTTPExe_get_deviceinfo   0x010e02    program     extern C:\wzx\ZX\724\Converter\App\WebUI\AgilisHTTPGetDevInfo.c
           HTTPExecuteGet   0x0116ec    program     extern C:\wzx\ZX\724\Converter\App\WebUI\AgilisHTTPApp.c
          HTTPExecutePost   0x0116f0    program     extern C:\wzx\ZX\724\Converter\App\WebUI\AgilisHTTPApp.c
               HTTPGetArg   0x007d5e    program     extern C:\wzx\ZX\724\Converter\Microchip\TCPIP Stack\HTTP2.c
            HTTPGetROMArg   0x007da4    program     extern C:\wzx\ZX\724\Converter\Microchip\TCPIP Stack\HTTP2.c
HTTPHeaderParseAuthorization   0x007a70    program     static C:\wzx\ZX\724\Converter\Microchip\TCPIP Stack\HTTP2.c
HTTPHeaderParseContentLength   0x007b9c    program     static C:\wzx\ZX\724\Converter\Microchip\TCPIP Stack\HTTP2.c
    HTTPHeaderParseLookup   0x007a54    program     static C:\wzx\ZX\724\Converter\Microchip\TCPIP Stack\HTTP2.c
              HTTPIncFile   0x008262    program     extern C:\wzx\ZX\724\Converter\Microchip\TCPIP Stack\HTTP2.c
                 HTTPInit   0x006e3e    program     extern C:\wzx\ZX\724\Converter\Microchip\TCPIP Stack\HTTP2.c
             HTTPLoadConn   0x006f22    program     static C:\wzx\ZX\724\Converter\Microchip\TCPIP Stack\HTTP2.c
           HTTPMPFSUpload   0x008032    program     static C:\wzx\ZX\724\Converter\Microchip\TCPIP Stack\HTTP2.c
            HTTPNeedsAuth   0x01165e    program     extern C:\wzx\ZX\724\Converter\App\WebUI\AgilisHTTPApp.c
           HTTPPostConfig   0x01182a    program     static C:\wzx\ZX\724\Converter\App\WebUI\AgilisHTTPApp.c
    HTTPPostSNMPCommunity   0x011c3a    program     static C:\wzx\ZX\724\Converter\App\WebUI\AgilisHTTPApp.c
              HTTPPostlut   0x01178e    program     static C:\wzx\ZX\724\Converter\App\WebUI\AgilisHTTPApp.c
                HTTPPrint   0x0069f8    program     extern C:\wzx\ZX\724\Converter\Microchip\Include\TCPIP Stack\HTTPPrint.h
              HTTPPrintIP   0x00a1ca    program     extern C:\wzx\ZX\724\Converter\App\WebUI\AgilisHTTPPrint.c
               HTTPPrint_   0x006e2c    program     extern C:\wzx\ZX\724\Converter\Microchip\Include\TCPIP Stack\HTTPPrint.h
            HTTPPrint_MIP   0x00a226    program     extern C:\wzx\ZX\724\Converter\App\WebUI\AgilisHTTPPrint.c
           HTTPPrint_Oend   0x00ac5e    program     extern C:\wzx\ZX\724\Converter\App\WebUI\AgilisHTTPPrint.c
         HTTPPrint_Ostart   0x00ac5c    program     extern C:\wzx\ZX\724\Converter\App\WebUI\AgilisHTTPPrint.c
       HTTPPrint_PS1alarm   0x00aaf6    program     extern C:\wzx\ZX\724\Converter\App\WebUI\AgilisHTTPPrint.c
       HTTPPrint_PS2alarm   0x00ab24    program     extern C:\wzx\ZX\724\Converter\App\WebUI\AgilisHTTPPrint.c
       HTTPPrint_RCUModel   0x00a18a    program     extern C:\wzx\ZX\724\Converter\App\WebUI\AgilisHTTPPrint.c
      HTTPPrint_RCUSerial   0x00a196    program     extern C:\wzx\ZX\724\Converter\App\WebUI\AgilisHTTPPrint.c
       HTTPPrint_RCUfwver   0x00a28a    program     extern C:\wzx\ZX\724\Converter\App\WebUI\AgilisHTTPPrint.c
        HTTPPrint_comMode   0x00a754    program     extern C:\wzx\ZX\724\Converter\App\WebUI\AgilisHTTPPrint.c
HTTPPrint_comModeSelected   0x00a810    program     extern C:\wzx\ZX\724\Converter\App\WebUI\AgilisHTTPPrint.c
  HTTPPrint_config_aatten   0x00a6c0    program     extern C:\wzx\ZX\724\Converter\App\WebUI\AgilisHTTPPrint.c
 HTTPPrint_config_alofreq   0x00a556    program     extern C:\wzx\ZX\724\Converter\App\WebUI\AgilisHTTPPrint.c
  HTTPPrint_config_batten   0x00a6ce    program     extern C:\wzx\ZX\724\Converter\App\WebUI\AgilisHTTPPrint.c
 HTTPPrint_config_blofreq   0x00a566    program     extern C:\wzx\ZX\724\Converter\App\WebUI\AgilisHTTPPrint.c
HTTPPrint_config_dhcpchecked   0x00a848    program     extern C:\wzx\ZX\724\Converter\App\WebUI\AgilisHTTPPrint.c
      HTTPPrint_config_gw   0x00a276    program     extern C:\wzx\ZX\724\Converter\App\WebUI\AgilisHTTPPrint.c
      HTTPPrint_config_ip   0x00a25a    program     extern C:\wzx\ZX\724\Converter\App\WebUI\AgilisHTTPPrint.c
     HTTPPrint_config_mac   0x00ac62    program     extern C:\wzx\ZX\724\Converter\App\WebUI\AgilisHTTPPrint.c
  HTTPPrint_config_subnet   0x00a262    program     extern C:\wzx\ZX\724\Converter\App\WebUI\AgilisHTTPPrint.c
HTTPPrint_converteraalarm   0x00a9d0    program     extern C:\wzx\ZX\724\Converter\App\WebUI\AgilisHTTPPrint.c
HTTPPrint_converteraatten   0x00a6dc    program     extern C:\wzx\ZX\724\Converter\App\WebUI\AgilisHTTPPrint.c
HTTPPrint_converteraiffreq   0x00a68c    program     extern C:\wzx\ZX\724\Converter\App\WebUI\AgilisHTTPPrint.c
HTTPPrint_converteralofreq   0x00a576    program     extern C:\wzx\ZX\724\Converter\App\WebUI\AgilisHTTPPrint.c
HTTPPrint_converterarffreq   0x00a5b2    program     extern C:\wzx\ZX\724\Converter\App\WebUI\AgilisHTTPPrint.c
HTTPPrint_converterbalarm   0x00a9e8    program     extern C:\wzx\ZX\724\Converter\App\WebUI\AgilisHTTPPrint.c
HTTPPrint_converterbatten   0x00a70c    program     extern C:\wzx\ZX\724\Converter\App\WebUI\AgilisHTTPPrint.c
HTTPPrint_converterbiffreq   0x00a6a6    program     extern C:\wzx\ZX\724\Converter\App\WebUI\AgilisHTTPPrint.c
HTTPPrint_converterblofreq   0x00a602    program     extern C:\wzx\ZX\724\Converter\App\WebUI\AgilisHTTPPrint.c
HTTPPrint_converterbrffreq   0x00a63e    program     extern C:\wzx\ZX\724\Converter\App\WebUI\AgilisHTTPPrint.c
          HTTPPrint_ctemp   0x00ac60    program     extern C:\wzx\ZX\724\Converter\App\WebUI\AgilisHTTPPrint.c
    HTTPPrint_dhcp_status   0x00a1a2    program     extern C:\wzx\ZX\724\Converter\App\WebUI\AgilisHTTPPrint.c
  HTTPPrint_ifswASelected   0x00a8c4    program     extern C:\wzx\ZX\724\Converter\App\WebUI\AgilisHTTPPrint.c
     HTTPPrint_ifswAalarm   0x00aa66    program     extern C:\wzx\ZX\724\Converter\App\WebUI\AgilisHTTPPrint.c
      HTTPPrint_ifswAmode   0x00a788    program     extern C:\wzx\ZX\724\Converter\App\WebUI\AgilisHTTPPrint.c
  HTTPPrint_ifswBSelected   0x00a8d8    program     extern C:\wzx\ZX\724\Converter\App\WebUI\AgilisHTTPPrint.c
     HTTPPrint_ifswBalarm   0x00aa8a    program     extern C:\wzx\ZX\724\Converter\App\WebUI\AgilisHTTPPrint.c
      HTTPPrint_ifswBmode   0x00a7a2    program     extern C:\wzx\ZX\724\Converter\App\WebUI\AgilisHTTPPrint.c
            HTTPPrint_led   0x00ab54    program     extern C:\wzx\ZX\724\Converter\App\WebUI\AgilisHTTPPrint.c
      HTTPPrint_lnbAalarm   0x00aa00    program     extern C:\wzx\ZX\724\Converter\App\WebUI\AgilisHTTPPrint.c
      HTTPPrint_lnbBalarm   0x00aa22    program     extern C:\wzx\ZX\724\Converter\App\WebUI\AgilisHTTPPrint.c
      HTTPPrint_lnbCalarm   0x00aa44    program     extern C:\wzx\ZX\724\Converter\App\WebUI\AgilisHTTPPrint.c
      HTTPPrint_localmode   0x00a73a    program     extern C:\wzx\ZX\724\Converter\App\WebUI\AgilisHTTPPrint.c
            HTTPPrint_maf   0x00ac2c    program     extern C:\wzx\ZX\724\Converter\App\WebUI\AgilisHTTPPrint.c
            HTTPPrint_mas   0x00ac44    program     extern C:\wzx\ZX\724\Converter\App\WebUI\AgilisHTTPPrint.c
            HTTPPrint_ned   0x00abc0    program     extern C:\wzx\ZX\724\Converter\App\WebUI\AgilisHTTPPrint.c
      HTTPPrint_read_comm   0x00acbe    program     extern C:\wzx\ZX\724\Converter\App\WebUI\AgilisHTTPPrint.c
      HTTPPrint_reference   0x00a7f0    program     extern C:\wzx\ZX\724\Converter\App\WebUI\AgilisHTTPPrint.c
HTTPPrint_referenceSelected   0x00a884    program     extern C:\wzx\ZX\724\Converter\App\WebUI\AgilisHTTPPrint.c
  HTTPPrint_rfsw1Selected   0x00a89a    program     extern C:\wzx\ZX\724\Converter\App\WebUI\AgilisHTTPPrint.c
     HTTPPrint_rfsw1alarm   0x00aaae    program     extern C:\wzx\ZX\724\Converter\App\WebUI\AgilisHTTPPrint.c
      HTTPPrint_rfsw1mode   0x00a7bc    program     extern C:\wzx\ZX\724\Converter\App\WebUI\AgilisHTTPPrint.c
  HTTPPrint_rfsw2Selected   0x00a8b0    program     extern C:\wzx\ZX\724\Converter\App\WebUI\AgilisHTTPPrint.c
     HTTPPrint_rfsw2alarm   0x00aad2    program     extern C:\wzx\ZX\724\Converter\App\WebUI\AgilisHTTPPrint.c
      HTTPPrint_rfsw2mode   0x00a7d6    program     extern C:\wzx\ZX\724\Converter\App\WebUI\AgilisHTTPPrint.c
        HTTPPrint_setpass   0x00a92a    program     extern C:\wzx\ZX\724\Converter\App\WebUI\AgilisHTTPPrint.c
   HTTPPrint_setpasscolor   0x00a8ec    program     extern C:\wzx\ZX\724\Converter\App\WebUI\AgilisHTTPPrint.c
      HTTPPrint_static_ip   0x00a23a    program     extern C:\wzx\ZX\724\Converter\App\WebUI\AgilisHTTPPrint.c
         HTTPPrint_swmode   0x00a76e    program     extern C:\wzx\ZX\724\Converter\App\WebUI\AgilisHTTPPrint.c
 HTTPPrint_swmodeSelected   0x00a86e    program     extern C:\wzx\ZX\724\Converter\App\WebUI\AgilisHTTPPrint.c
     HTTPPrint_write_comm   0x00acd0    program     extern C:\wzx\ZX\724\Converter\App\WebUI\AgilisHTTPPrint.c
              HTTPProcess   0x006f6a    program     static C:\wzx\ZX\724\Converter\Microchip\TCPIP Stack\HTTP2.c
         HTTPReadPostName   0x007e06    program     extern C:\wzx\ZX\724\Converter\Microchip\TCPIP Stack\HTTP2.c
        HTTPReadPostValue   0x007e36    program     extern C:\wzx\ZX\724\Converter\Microchip\TCPIP Stack\HTTP2.c
               HTTPReadTo   0x007ea6    program     static C:\wzx\ZX\724\Converter\Microchip\TCPIP Stack\HTTP2.c
       HTTPRequestHeaders   0x01825b    program     static C:\wzx\ZX\724\Converter\Microchip\TCPIP Stack\HTTP2.c
      HTTPResponseHeaders   0x018231    program     static C:\wzx\ZX\724\Converter\Microchip\TCPIP Stack\HTTP2.c
             HTTPSendFile   0x0078dc    program     static C:\wzx\ZX\724\Converter\Microchip\TCPIP Stack\HTTP2.c
               HTTPServer   0x006ea0    program     extern C:\wzx\ZX\724\Converter\Microchip\TCPIP Stack\HTTP2.c
            HTTPURLDecode   0x007c24    program     extern C:\wzx\ZX\724\Converter\Microchip\TCPIP Stack\HTTP2.c
                HTTP_CRLF   0x0181e6    program     static C:\wzx\ZX\724\Converter\Microchip\TCPIP Stack\HTTP2.c
             HandleTCPSeg   0x001fea    program     static C:\wzx\ZX\724\Converter\Microchip\TCPIP Stack\TCP.c
                  Hex2Int   0x011f50    program     extern C:\wzx\ZX\724\Converter\Agilis-SysLib\util.c
                  HighISR   0x017cde    program     extern C:\wzx\ZX\724\Converter\Drivers\MCU-Internal\ISR.c
               HighVector   0x000008    program     extern C:\wzx\ZX\724\Converter\Drivers\MCU-Internal\ISR.c
              HitWatchDog   0x00e576    program     extern C:\wzx\ZX\724\Converter\Main\Main.c
                 I2C_Read   0x00e5b2    program     extern C:\wzx\ZX\724\Converter\Main\Main.c
                 I2C_Send   0x00e57a    program     extern C:\wzx\ZX\724\Converter\Main\Main.c
              ICMPProcess   0x017b2a    program     extern C:\wzx\ZX\724\Converter\Microchip\TCPIP Stack\ICMP.c
                  INT_OFF   0x00e738    program     extern C:\wzx\ZX\724\Converter\Main\Main.c
                   INT_ON   0x00e73a    program     extern C:\wzx\ZX\724\Converter\Main\Main.c
              IPGetHeader   0x01646a    program     extern C:\wzx\ZX\724\Converter\Microchip\TCPIP Stack\IP.c
              IPPutHeader   0x0165a6    program     extern C:\wzx\ZX\724\Converter\Microchip\TCPIP Stack\IP.c
            IPSetRxBuffer   0x0166ac    program     extern C:\wzx\ZX\724\Converter\Microchip\TCPIP Stack\IP.c
            InitAppConfig   0x014a78    program     extern C:\wzx\ZX\724\Converter\Bootstrap\Initialization.c
                 InitData   0x0148e8    program     extern C:\wzx\ZX\724\Converter\Bootstrap\Initialization.c
                InitFifo0   0x014e02    program     extern C:\wzx\ZX\724\Converter\Drivers\UARTISR.c
                InitFifo1   0x014e38    program     extern C:\wzx\ZX\724\Converter\Drivers\UARTISR.c
            InitalizeMenu   0x00ea80    program     extern C:\wzx\ZX\724\Converter\Main\Main.c
              Initial_LCD   0x00e8b6    program     extern C:\wzx\ZX\724\Converter\Main\Main.c
       InitialiseDualUart   0x014266    program     extern C:\wzx\ZX\724\Converter\Drivers\External-Peripherals\AgilisDualUART.c
          InitializeBoard   0x014a30    program     extern C:\wzx\ZX\724\Converter\Bootstrap\Initialization.c
                  Int2Hex   0x011fa0    program     extern C:\wzx\ZX\724\Converter\Agilis-SysLib\util.c
                IsASNNull   0x00586a    program     static C:\wzx\ZX\724\Converter\Microchip\TCPIP Stack\SNMP.c
         IsValidCommunity   0x0056c8    program     static C:\wzx\ZX\724\Converter\Microchip\TCPIP Stack\SNMP.c
               IsValidInt   0x00571a    program     static C:\wzx\ZX\724\Converter\Microchip\TCPIP Stack\SNMP.c
            IsValidLength   0x0057e8    program     static C:\wzx\ZX\724\Converter\Microchip\TCPIP Stack\SNMP.c
               IsValidOID   0x00588a    program     static C:\wzx\ZX\724\Converter\Microchip\TCPIP Stack\SNMP.c
               IsValidPDU   0x0057ae    program     static C:\wzx\ZX\724\Converter\Microchip\TCPIP Stack\SNMP.c
         IsValidStructure   0x0058ee    program     static C:\wzx\ZX\724\Converter\Microchip\TCPIP Stack\SNMP.c
            LCDBufferCopy   0x00e8cc    program     extern C:\wzx\ZX\724\Converter\Main\Main.c
                 LCDClear   0x00e878    program     extern C:\wzx\ZX\724\Converter\Main\Main.c
               LCDDisplay   0x00e88a    program     extern C:\wzx\ZX\724\Converter\Main\Main.c
             LCDEntryMode   0x00e884    program     extern C:\wzx\ZX\724\Converter\Main\Main.c
            LCDReturnhome   0x00e87e    program     extern C:\wzx\ZX\724\Converter\Main\Main.c
           LCDWriteString   0x00e7c4    program     extern C:\wzx\ZX\724\Converter\Main\Main.c
              Load_config   0x01218a    program     extern C:\wzx\ZX\724\Converter\Agilis-SysLib\util.c
                   LowISR   0x017c74    program     extern C:\wzx\ZX\724\Converter\Drivers\MCU-Internal\ISR.c
                LowVector   0x000018    program     extern C:\wzx\ZX\724\Converter\Drivers\MCU-Internal\ISR.c
        MACCalcRxChecksum   0x00deb8    program     extern C:\wzx\ZX\724\Converter\Microchip\TCPIP Stack\ETH97J60.c
             MACDiscardRx   0x00db16    program     extern C:\wzx\ZX\724\Converter\Microchip\TCPIP Stack\ETH97J60.c
                 MACFlush   0x00de4c    program     extern C:\wzx\ZX\724\Converter\Microchip\TCPIP Stack\ETH97J60.c
                   MACGet   0x00e1ce    program     extern C:\wzx\ZX\724\Converter\Microchip\TCPIP Stack\ETH97J60.c
              MACGetArray   0x00e1d2    program     extern C:\wzx\ZX\724\Converter\Microchip\TCPIP Stack\ETH97J60.c
         MACGetFreeRxSize   0x00db76    program     extern C:\wzx\ZX\724\Converter\Microchip\TCPIP Stack\ETH97J60.c
             MACGetHeader   0x00dc3e    program     extern C:\wzx\ZX\724\Converter\Microchip\TCPIP Stack\ETH97J60.c
                  MACInit   0x00d9c4    program     extern C:\wzx\ZX\724\Converter\Microchip\TCPIP Stack\ETH97J60.c
              MACIsLinked   0x00dada    program     extern C:\wzx\ZX\724\Converter\Microchip\TCPIP Stack\ETH97J60.c
         MACIsMemCopyDone   0x00e1c2    program     extern C:\wzx\ZX\724\Converter\Microchip\TCPIP Stack\ETH97J60.c
             MACIsTxReady   0x00daee    program     extern C:\wzx\ZX\724\Converter\Microchip\TCPIP Stack\ETH97J60.c
          MACMemCopyAsync   0x00e074    program     extern C:\wzx\ZX\724\Converter\Microchip\TCPIP Stack\ETH97J60.c
             MACPowerDown   0x00e3b2    program     extern C:\wzx\ZX\724\Converter\Microchip\TCPIP Stack\ETH97J60.c
               MACPowerUp   0x00e3c4    program     extern C:\wzx\ZX\724\Converter\Microchip\TCPIP Stack\ETH97J60.c
                   MACPut   0x00e22c    program     extern C:\wzx\ZX\724\Converter\Microchip\TCPIP Stack\ETH97J60.c
              MACPutArray   0x00e252    program     extern C:\wzx\ZX\724\Converter\Microchip\TCPIP Stack\ETH97J60.c
             MACPutHeader   0x00dde8    program     extern C:\wzx\ZX\724\Converter\Microchip\TCPIP Stack\ETH97J60.c
           MACPutROMArray   0x00e2a2    program     extern C:\wzx\ZX\724\Converter\Microchip\TCPIP Stack\ETH97J60.c
            MACSetReadPtr   0x00dea0    program     extern C:\wzx\ZX\724\Converter\Microchip\TCPIP Stack\ETH97J60.c
        MACSetReadPtrInRx   0x00de74    program     extern C:\wzx\ZX\724\Converter\Microchip\TCPIP Stack\ETH97J60.c
           MACSetWritePtr   0x00de8c    program     extern C:\wzx\ZX\724\Converter\Microchip\TCPIP Stack\ETH97J60.c
                MPFSClose   0x00b4ce    program     extern C:\wzx\ZX\724\Converter\Microchip\TCPIP Stack\MPFS2.c
               MPFSFormat   0x00b77a    program     extern C:\wzx\ZX\724\Converter\Microchip\TCPIP Stack\MPFS2.c
                  MPFSGet   0x00b4e6    program     extern C:\wzx\ZX\724\Converter\Microchip\TCPIP Stack\MPFS2.c
             MPFSGetArray   0x00b58c    program     extern C:\wzx\ZX\724\Converter\Microchip\TCPIP Stack\MPFS2.c
          MPFSGetBytesRem   0x00b9ec    program     extern C:\wzx\ZX\724\Converter\Microchip\TCPIP Stack\MPFS2.c
           MPFSGetEndAddr   0x00ba52    program     extern C:\wzx\ZX\724\Converter\Microchip\TCPIP Stack\MPFS2.c
          MPFSGetFilename   0x00baa0    program     extern C:\wzx\ZX\724\Converter\Microchip\TCPIP Stack\MPFS2.c
             MPFSGetFlags   0x00b98e    program     extern C:\wzx\ZX\724\Converter\Microchip\TCPIP Stack\MPFS2.c
                MPFSGetID   0x00bb58    program     extern C:\wzx\ZX\724\Converter\Microchip\TCPIP Stack\MPFS2.c
              MPFSGetLong   0x00b61c    program     extern C:\wzx\ZX\724\Converter\Microchip\TCPIP Stack\MPFS2.c
         MPFSGetMicrotime   0x00b95c    program     extern C:\wzx\ZX\724\Converter\Microchip\TCPIP Stack\MPFS2.c
          MPFSGetPosition   0x00bb26    program     extern C:\wzx\ZX\724\Converter\Microchip\TCPIP Stack\MPFS2.c
              MPFSGetSize   0x00b9ba    program     extern C:\wzx\ZX\724\Converter\Microchip\TCPIP Stack\MPFS2.c
         MPFSGetStartAddr   0x00ba16    program     extern C:\wzx\ZX\724\Converter\Microchip\TCPIP Stack\MPFS2.c
         MPFSGetTimestamp   0x00b92a    program     extern C:\wzx\ZX\724\Converter\Microchip\TCPIP Stack\MPFS2.c
                 MPFSInit   0x00b188    program     extern C:\wzx\ZX\724\Converter\Microchip\TCPIP Stack\MPFS2.c
                 MPFSOpen   0x00b1be    program     extern C:\wzx\ZX\724\Converter\Microchip\TCPIP Stack\MPFS2.c
               MPFSOpenID   0x00b450    program     extern C:\wzx\ZX\724\Converter\Microchip\TCPIP Stack\MPFS2.c
              MPFSOpenROM   0x00b30c    program     extern C:\wzx\ZX\724\Converter\Microchip\TCPIP Stack\MPFS2.c
             MPFSPutArray   0x00b7fc    program     extern C:\wzx\ZX\724\Converter\Microchip\TCPIP Stack\MPFS2.c
               MPFSPutEnd   0x00b882    program     extern C:\wzx\ZX\724\Converter\Microchip\TCPIP Stack\MPFS2.c
                 MPFSSeek   0x00b65c    program     extern C:\wzx\ZX\724\Converter\Microchip\TCPIP Stack\MPFS2.c
                OIDLookup   0x0052a0    program     static C:\wzx\ZX\724\Converter\Microchip\TCPIP Stack\SNMP.c
               Open1USART   0x018162    program     extern C:\MCC18\src\pmc_common\USART\u1open.c
               Open2USART   0x018052    program     extern C:\MCC18\src\pmc_common\USART\u2open.c
                  OpenADC   0x0182d4    program     extern C:\MCC18\src\pmc_common\ADC\adcopen.c
            PrintBlinkLCD   0x00e95c    program     extern C:\wzx\ZX\724\Converter\Main\Main.c
               PrintCGRAM   0x00e800    program     extern C:\wzx\ZX\724\Converter\Main\Main.c
                 PrintLCD   0x00e906    program     extern C:\wzx\ZX\724\Converter\Main\Main.c
        ProcessGetBulkVar   0x00507e    program     static C:\wzx\ZX\724\Converter\Microchip\TCPIP Stack\SNMP.c
        ProcessGetNextVar   0x004e9a    program     static C:\wzx\ZX\724\Converter\Microchip\TCPIP Stack\SNMP.c
      ProcessGetSetHeader   0x004410    program     static C:\wzx\ZX\724\Converter\Microchip\TCPIP Stack\SNMP.c
            ProcessGetVar   0x005eea    program     static C:\wzx\ZX\724\Converter\Microchip\TCPIP Stack\SNMP.c
            ProcessHeader   0x004384    program     static C:\wzx\ZX\724\Converter\Microchip\TCPIP Stack\SNMP.c
            ProcessSetVar   0x005cf8    program     static C:\wzx\ZX\724\Converter\Microchip\TCPIP Stack\SNMP.c
         ProcessVariables   0x004488    program     static C:\wzx\ZX\724\Converter\Microchip\TCPIP Stack\SNMP.c
      RCUHLGetAlarmStatus   0x01695c    program     extern C:\wzx\ZX\724\Converter\AgilisDevices\RCUHLAccess.c
                RCUHLInit   0x016798    program     extern C:\wzx\ZX\724\Converter\AgilisDevices\RCUHLAccess.c
          RCUHLSetBUCAttn   0x01694e    program     extern C:\wzx\ZX\724\Converter\AgilisDevices\RCUHLAccess.c
         RCUHLSetBUCOnOff   0x016940    program     extern C:\wzx\ZX\724\Converter\AgilisDevices\RCUHLAccess.c
          RCUHLSetComMode   0x016854    program     extern C:\wzx\ZX\724\Converter\AgilisDevices\RCUHLAccess.c
         RCUHLSetDeviceID   0x01691c    program     extern C:\wzx\ZX\724\Converter\AgilisDevices\RCUHLAccess.c
             RCUHLSetMode   0x01680e    program     extern C:\wzx\ZX\724\Converter\AgilisDevices\RCUHLAccess.c
      RCUHLSetModelNumber   0x01686c    program     extern C:\wzx\ZX\724\Converter\AgilisDevices\RCUHLAccess.c
             RCUHLSetPath   0x016824    program     extern C:\wzx\ZX\724\Converter\AgilisDevices\RCUHLAccess.c
     RCUHLSetSerialNumber   0x0168c4    program     extern C:\wzx\ZX\724\Converter\AgilisDevices\RCUHLAccess.c
         RCULLGetDeviceID   0x00f586    program     extern C:\wzx\ZX\724\Converter\AgilisDevices\RCULLAccess.c
       RCULLGetPartNumber   0x00f5ce    program     extern C:\wzx\ZX\724\Converter\AgilisDevices\RCULLAccess.c
   RCULLGetRCUAlarmStatus   0x00f462    program     extern C:\wzx\ZX\724\Converter\AgilisDevices\RCULLAccess.c
     RCULLGetSerialNumber   0x00f6c6    program     extern C:\wzx\ZX\724\Converter\AgilisDevices\RCULLAccess.c
                RCULLInit   0x00f232    program     extern C:\wzx\ZX\724\Converter\AgilisDevices\RCULLAccess.c
      RCULLSelectAutoMode   0x00f372    program     extern C:\wzx\ZX\724\Converter\AgilisDevices\RCULLAccess.c
    RCULLSelectManualMode   0x00f37c    program     extern C:\wzx\ZX\724\Converter\AgilisDevices\RCULLAccess.c
          RCULLSetComMode   0x00f42c    program     extern C:\wzx\ZX\724\Converter\AgilisDevices\RCULLAccess.c
     RCULLSetDefaultValue   0x00f7b0    program     extern C:\wzx\ZX\724\Converter\AgilisDevices\RCULLAccess.c
         RCULLSetDeviceID   0x00f5b6    program     extern C:\wzx\ZX\724\Converter\AgilisDevices\RCULLAccess.c
             RCULLSetMode   0x00f3c0    program     extern C:\wzx\ZX\724\Converter\AgilisDevices\RCULLAccess.c
       RCULLSetPartNumber   0x00f63c    program     extern C:\wzx\ZX\724\Converter\AgilisDevices\RCULLAccess.c
             RCULLSetPath   0x00f3ec    program     extern C:\wzx\ZX\724\Converter\AgilisDevices\RCULLAccess.c
     RCULLSetSerialNumber   0x00f724    program     extern C:\wzx\ZX\724\Converter\AgilisDevices\RCULLAccess.c
       RCUServerCmdLookUp   0x00997a    program     extern C:\wzx\ZX\724\Converter\AgilisDevices\RCUServer.c
    RCUServerDecodeRCUReq   0x008ae0    program     extern C:\wzx\ZX\724\Converter\AgilisDevices\RCUServer.c
      RCUServerForwardCmd   0x0093a2    program     extern C:\wzx\ZX\724\Converter\AgilisDevices\RCUServer.c
            RCUServerInit   0x009c7c    program     extern C:\wzx\ZX\724\Converter\AgilisDevices\RCUServer.c
         RCUServerRespond   0x009a2a    program     extern C:\wzx\ZX\724\Converter\AgilisDevices\RCUServer.c
     ROMStringToIPAddress   0x00c48c    program     extern C:\wzx\ZX\724\Converter\Microchip\TCPIP Stack\Helpers.c
                  ReadADC   0x018534    program     extern C:\MCC18\src\pmc_common\ADC\adcread.c
                 ReadData   0x00e774    program     extern C:\wzx\ZX\724\Converter\Main\Main.c
         ReadDataFromUart   0x0140ae    program     extern C:\wzx\ZX\724\Converter\Drivers\External-Peripherals\AgilisDualUART.c
      ReadDataFromUartISR   0x014108    program     extern C:\wzx\ZX\724\Converter\Drivers\External-Peripherals\AgilisDualUART.c
         ReadDualUartConf   0x013fea    program     extern C:\wzx\ZX\724\Converter\Drivers\External-Peripherals\AgilisDualUART.c
            ReadMIBRecord   0x005be2    program     static C:\wzx\ZX\724\Converter\Microchip\TCPIP Stack\SNMP.c
               ReadPHYReg   0x00e304    program     extern C:\wzx\ZX\724\Converter\Microchip\TCPIP Stack\ETH97J60.c
                ReadUSART   0x017ef8    program     extern C:\wzx\ZX\724\Converter\Microchip\TCPIP Stack\UART.c
               ReadUSART2   0x017f22    program     extern C:\wzx\ZX\724\Converter\Microchip\TCPIP Stack\UART.c
            ReadWriteSPI2   0x0180f4    program     extern C:\wzx\ZX\724\Converter\Drivers\MCU-Internal\devspi.c
                 Read_ADC   0x016dde    program     extern C:\wzx\ZX\724\Converter\Drivers\MCU-Internal\internalADC.c
            ResetDualUart   0x013f50    program     extern C:\wzx\ZX\724\Converter\Drivers\External-Peripherals\AgilisDualUART.c
              RxAActivate   0x00f3ae    program     extern C:\wzx\ZX\724\Converter\AgilisDevices\RCULLAccess.c
              RxBActivate   0x00f3b8    program     extern C:\wzx\ZX\724\Converter\AgilisDevices\RCULLAccess.c
SNMPCheckIfPvtMibObjRequested   0x0060f4    program     static C:\wzx\ZX\724\Converter\Microchip\TCPIP Stack\SNMP.c
        SNMPGetExactIndex   0x010812    program     extern C:\wzx\ZX\724\Converter\App\SNMP\AgilisSNMPApp.c
         SNMPGetNextIndex   0x0108e4    program     extern C:\wzx\ZX\724\Converter\App\SNMP\AgilisSNMPApp.c
         SNMPGetTimeStamp   0x010a5c    program     static C:\wzx\ZX\724\Converter\App\SNMP\AgilisSNMPApp.c
               SNMPGetVar   0x0108fe    program     extern C:\wzx\ZX\724\Converter\App\SNMP\AgilisSNMPApp.c
                 SNMPInit   0x003e5e    program     extern C:\wzx\ZX\724\Converter\Microchip\TCPIP Stack\SNMP.c
        SNMPIsNotifyReady   0x003fbe    program     extern C:\wzx\ZX\724\Converter\Microchip\TCPIP Stack\SNMP.c
        SNMPIsValidSetLen   0x0107f2    program     extern C:\wzx\ZX\724\Converter\App\SNMP\AgilisSNMPApp.c
               SNMPNotify   0x00404c    program     extern C:\wzx\ZX\724\Converter\Microchip\TCPIP Stack\SNMP.c
        SNMPNotifyPrepare   0x003f5e    program     extern C:\wzx\ZX\724\Converter\Microchip\TCPIP Stack\SNMP.c
               SNMPSetVar   0x010818    program     extern C:\wzx\ZX\724\Converter\App\SNMP\AgilisSNMPApp.c
                 SNMPTask   0x003e8c    program     extern C:\wzx\ZX\724\Converter\Microchip\TCPIP Stack\SNMP.c
    SNMPValidateCommunity   0x01075a    program     extern C:\wzx\ZX\724\Converter\App\SNMP\AgilisSNMPApp.c
                  SPIInit   0x0180dc    program     extern C:\wzx\ZX\724\Converter\Drivers\MCU-Internal\devspi.c
            SaveAppConfig   0x0122a8    program     extern C:\wzx\ZX\724\Converter\Agilis-SysLib\util.c
              SaveSetting   0x0122cc    program     extern C:\wzx\ZX\724\Converter\Agilis-SysLib\util.c
           SendDataToUart   0x01419e    program     extern C:\wzx\ZX\724\Converter\Drivers\External-Peripherals\AgilisDualUART.c
         SendNotification   0x010550    program     static C:\wzx\ZX\724\Converter\App\SNMP\AgilisSNMPApp.c
                  SendTCP   0x0016ec    program     static C:\wzx\ZX\724\Converter\Microchip\TCPIP Stack\TCP.c
                 Send_CTL   0x013260    program     extern C:\wzx\ZX\724\Converter\Main\singcom_RCU.c
                Send_LCD2   0x01333c    program     extern C:\wzx\ZX\724\Converter\Main\singcom_RCU.c
            Send_LCD_Data   0x013330    program     extern C:\wzx\ZX\724\Converter\Main\singcom_RCU.c
                 Send_LED   0x013294    program     extern C:\wzx\ZX\724\Converter\Main\singcom_RCU.c
                  Send_SW   0x013168    program     extern C:\wzx\ZX\724\Converter\Main\singcom_RCU.c
        Send_Status_To_PC   0x01333a    program     extern C:\wzx\ZX\724\Converter\Main\singcom_RCU.c
     SerializedMACAddress   0x0184f2    program     static C:\wzx\ZX\724\Converter\Bootstrap\Initialization.c
              SetCPLDGPIO   0x00f05c    program     extern C:\wzx\ZX\724\Converter\AgilisDevices\RCULLAccess.c
               SetChanADC   0x018416    program     extern C:\MCC18\src\pmc_common\ADC\adcsetch.c
     SetDualUartInterrupt   0x014382    program     extern C:\wzx\ZX\724\Converter\Drivers\External-Peripherals\AgilisDualUART.c
           SetErrorStatus   0x006016    program     static C:\wzx\ZX\724\Converter\Microchip\TCPIP Stack\SNMP.c
        StackApplications   0x0171de    program     extern C:\wzx\ZX\724\Converter\Microchip\TCPIP Stack\StackTsk.c
                StackInit   0x016ffe    program     extern C:\wzx\ZX\724\Converter\Microchip\TCPIP Stack\StackTsk.c
                StackTask   0x017036    program     extern C:\wzx\ZX\724\Converter\Microchip\TCPIP Stack\StackTsk.c
             Str_AM_STAT0   0x015daa    program     extern C:\wzx\ZX\724\Converter\Main\singcom_RCU.c
             Str_AM_STAT1   0x015d9c    program     extern C:\wzx\ZX\724\Converter\Main\singcom_RCU.c
         Str_LNBA_Refresh   0x01605a    program     extern C:\wzx\ZX\724\Converter\Main\singcom_RCU.c
           Str_LNBA_STAT0   0x016038    program     extern C:\wzx\ZX\724\Converter\Main\singcom_RCU.c
           Str_LNBA_STAT1   0x016049    program     extern C:\wzx\ZX\724\Converter\Main\singcom_RCU.c
         Str_LNBB_Refresh   0x01608a    program     extern C:\wzx\ZX\724\Converter\Main\singcom_RCU.c
           Str_LNBB_STAT0   0x016068    program     extern C:\wzx\ZX\724\Converter\Main\singcom_RCU.c
           Str_LNBB_STAT1   0x016079    program     extern C:\wzx\ZX\724\Converter\Main\singcom_RCU.c
         Str_LNBC_Refresh   0x0160ba    program     extern C:\wzx\ZX\724\Converter\Main\singcom_RCU.c
           Str_LNBC_STAT0   0x016098    program     extern C:\wzx\ZX\724\Converter\Main\singcom_RCU.c
           Str_LNBC_STAT1   0x0160a9    program     extern C:\wzx\ZX\724\Converter\Main\singcom_RCU.c
          Str_PSU_STAT0_1   0x0160c8    program     extern C:\wzx\ZX\724\Converter\Main\singcom_RCU.c
          Str_PSU_STAT0_2   0x0160da    program     extern C:\wzx\ZX\724\Converter\Main\singcom_RCU.c
            Str_PSU_STAT1   0x0160ec    program     extern C:\wzx\ZX\724\Converter\Main\singcom_RCU.c
            Str_PSU_STAT2   0x0160fe    program     extern C:\wzx\ZX\724\Converter\Main\singcom_RCU.c
              Str_R_STAT0   0x015d8f    program     extern C:\wzx\ZX\724\Converter\Main\singcom_RCU.c
              Str_R_STAT1   0x015d82    program     extern C:\wzx\ZX\724\Converter\Main\singcom_RCU.c
          Str_SW1_Refresh   0x015de9    program     extern C:\wzx\ZX\724\Converter\Main\singcom_RCU.c
          Str_SW1_STAT1_1   0x015db8    program     extern C:\wzx\ZX\724\Converter\Main\singcom_RCU.c
          Str_SW1_STAT1_2   0x015dc9    program     extern C:\wzx\ZX\724\Converter\Main\singcom_RCU.c
          Str_SW1_STAT1_3   0x015dda    program     extern C:\wzx\ZX\724\Converter\Main\singcom_RCU.c
          Str_SW1_STAT2_1   0x015df6    program     extern C:\wzx\ZX\724\Converter\Main\singcom_RCU.c
          Str_SW1_STAT2_2   0x015e07    program     extern C:\wzx\ZX\724\Converter\Main\singcom_RCU.c
          Str_SW1_STAT2_3   0x015e18    program     extern C:\wzx\ZX\724\Converter\Main\singcom_RCU.c
          Str_SW1_STAT3_1   0x015e27    program     extern C:\wzx\ZX\724\Converter\Main\singcom_RCU.c
          Str_SW1_STAT3_2   0x015e38    program     extern C:\wzx\ZX\724\Converter\Main\singcom_RCU.c
          Str_SW1_STAT3_3   0x015e49    program     extern C:\wzx\ZX\724\Converter\Main\singcom_RCU.c
          Str_SW2_Refresh   0x015e89    program     extern C:\wzx\ZX\724\Converter\Main\singcom_RCU.c
          Str_SW2_STAT1_1   0x015e58    program     extern C:\wzx\ZX\724\Converter\Main\singcom_RCU.c
          Str_SW2_STAT1_2   0x015e69    program     extern C:\wzx\ZX\724\Converter\Main\singcom_RCU.c
          Str_SW2_STAT1_3   0x015e7a    program     extern C:\wzx\ZX\724\Converter\Main\singcom_RCU.c
          Str_SW2_STAT2_1   0x015e96    program     extern C:\wzx\ZX\724\Converter\Main\singcom_RCU.c
          Str_SW2_STAT2_2   0x015ea7    program     extern C:\wzx\ZX\724\Converter\Main\singcom_RCU.c
          Str_SW2_STAT2_3   0x015eb8    program     extern C:\wzx\ZX\724\Converter\Main\singcom_RCU.c
          Str_SW2_STAT3_1   0x015ec7    program     extern C:\wzx\ZX\724\Converter\Main\singcom_RCU.c
          Str_SW2_STAT3_2   0x015ed8    program     extern C:\wzx\ZX\724\Converter\Main\singcom_RCU.c
          Str_SW2_STAT3_3   0x015ee9    program     extern C:\wzx\ZX\724\Converter\Main\singcom_RCU.c
          Str_SWA_Refresh   0x015f29    program     extern C:\wzx\ZX\724\Converter\Main\singcom_RCU.c
          Str_SWA_STAT1_1   0x015ef8    program     extern C:\wzx\ZX\724\Converter\Main\singcom_RCU.c
          Str_SWA_STAT1_2   0x015f09    program     extern C:\wzx\ZX\724\Converter\Main\singcom_RCU.c
          Str_SWA_STAT1_3   0x015f1a    program     extern C:\wzx\ZX\724\Converter\Main\singcom_RCU.c
          Str_SWA_STAT2_1   0x015f36    program     extern C:\wzx\ZX\724\Converter\Main\singcom_RCU.c
          Str_SWA_STAT2_2   0x015f47    program     extern C:\wzx\ZX\724\Converter\Main\singcom_RCU.c
          Str_SWA_STAT2_3   0x015f58    program     extern C:\wzx\ZX\724\Converter\Main\singcom_RCU.c
          Str_SWA_STAT3_1   0x015f67    program     extern C:\wzx\ZX\724\Converter\Main\singcom_RCU.c
          Str_SWA_STAT3_2   0x015f78    program     extern C:\wzx\ZX\724\Converter\Main\singcom_RCU.c
          Str_SWA_STAT3_3   0x015f89    program     extern C:\wzx\ZX\724\Converter\Main\singcom_RCU.c
          Str_SWB_Refresh   0x015fc9    program     extern C:\wzx\ZX\724\Converter\Main\singcom_RCU.c
          Str_SWB_STAT1_1   0x015f98    program     extern C:\wzx\ZX\724\Converter\Main\singcom_RCU.c
          Str_SWB_STAT1_2   0x015fa9    program     extern C:\wzx\ZX\724\Converter\Main\singcom_RCU.c
          Str_SWB_STAT1_3   0x015fba    program     extern C:\wzx\ZX\724\Converter\Main\singcom_RCU.c
          Str_SWB_STAT2_1   0x015fd6    program     extern C:\wzx\ZX\724\Converter\Main\singcom_RCU.c
          Str_SWB_STAT2_2   0x015fe7    program     extern C:\wzx\ZX\724\Converter\Main\singcom_RCU.c
          Str_SWB_STAT2_3   0x015ff8    program     extern C:\wzx\ZX\724\Converter\Main\singcom_RCU.c
          Str_SWB_STAT3_1   0x016007    program     extern C:\wzx\ZX\724\Converter\Main\singcom_RCU.c
          Str_SWB_STAT3_2   0x016018    program     extern C:\wzx\ZX\724\Converter\Main\singcom_RCU.c
          Str_SWB_STAT3_3   0x016029    program     extern C:\wzx\ZX\724\Converter\Main\singcom_RCU.c
        StringToIPAddress   0x00c3bc    program     extern C:\wzx\ZX\724\Converter\Microchip\TCPIP Stack\Helpers.c
            SwapARPPacket   0x014816    program     extern C:\wzx\ZX\724\Converter\Microchip\TCPIP Stack\ARP.c
             SwapIPHeader   0x0166da    program     static C:\wzx\ZX\724\Converter\Microchip\TCPIP Stack\IP.c
            SwapTCPHeader   0x001ef0    program     static C:\wzx\ZX\724\Converter\Microchip\TCPIP Stack\TCP.c
                  SyncTCB   0x00017a    program     static C:\wzx\ZX\724\Converter\Microchip\TCPIP Stack\TCP.c
              SyncTCBStub   0x000110    program     static C:\wzx\ZX\724\Converter\Microchip\TCPIP Stack\TCP.c
                  TAGTB32   0x013d76    program     extern C:\Program Files\mcc18\src\traditional\math\gtFP.asm
                  TALTB32   0x013d88    program     extern C:\Program Files\mcc18\src\traditional\math\ltFP.asm
        TCPAdjustFIFOSize   0x002a80    program     extern C:\wzx\ZX\724\Converter\Microchip\TCPIP Stack\TCP.c
                 TCPClose   0x000584    program     extern C:\wzx\ZX\724\Converter\Microchip\TCPIP Stack\TCP.c
               TCPDiscard   0x00092a    program     extern C:\wzx\ZX\724\Converter\Microchip\TCPIP Stack\TCP.c
            TCPDisconnect   0x000508    program     extern C:\wzx\ZX\724\Converter\Microchip\TCPIP Stack\TCP.c
           TCPFindArrayEx   0x000cba    program     extern C:\wzx\ZX\724\Converter\Microchip\TCPIP Stack\TCP.c
                TCPFindEx   0x001188    program     extern C:\wzx\ZX\724\Converter\Microchip\TCPIP Stack\TCP.c
        TCPFindROMArrayEx   0x000f38    program     extern C:\wzx\ZX\724\Converter\Microchip\TCPIP Stack\TCP.c
                 TCPFlush   0x0005d2    program     extern C:\wzx\ZX\724\Converter\Microchip\TCPIP Stack\TCP.c
                   TCPGet   0x000992    program     extern C:\wzx\ZX\724\Converter\Microchip\TCPIP Stack\TCP.c
              TCPGetArray   0x0009fe    program     extern C:\wzx\ZX\724\Converter\Microchip\TCPIP Stack\TCP.c
         TCPGetRemoteInfo   0x000598    program     extern C:\wzx\ZX\724\Converter\Microchip\TCPIP Stack\TCP.c
         TCPGetRxFIFOFree   0x000b36    program     extern C:\wzx\ZX\724\Converter\Microchip\TCPIP Stack\TCP.c
         TCPGetTxFIFOFull   0x000902    program     extern C:\wzx\ZX\724\Converter\Microchip\TCPIP Stack\TCP.c
                  TCPInit   0x0001f8    program     extern C:\wzx\ZX\724\Converter\Microchip\TCPIP Stack\TCP.c
           TCPIsConnected   0x0004f2    program     extern C:\wzx\ZX\724\Converter\Microchip\TCPIP Stack\TCP.c
            TCPIsGetReady   0x00094c    program     extern C:\wzx\ZX\724\Converter\Microchip\TCPIP Stack\TCP.c
            TCPIsPutReady   0x0005ee    program     extern C:\wzx\ZX\724\Converter\Microchip\TCPIP Stack\TCP.c
                  TCPOpen   0x0003a8    program     extern C:\wzx\ZX\724\Converter\Microchip\TCPIP Stack\TCP.c
                  TCPPeek   0x000c8e    program     extern C:\wzx\ZX\724\Converter\Microchip\TCPIP Stack\TCP.c
             TCPPeekArray   0x000b5e    program     extern C:\wzx\ZX\724\Converter\Microchip\TCPIP Stack\TCP.c
               TCPProcess   0x001592    program     extern C:\wzx\ZX\724\Converter\Microchip\TCPIP Stack\TCP.c
                   TCPPut   0x000654    program     extern C:\wzx\ZX\724\Converter\Microchip\TCPIP Stack\TCP.c
              TCPPutArray   0x0006e2    program     extern C:\wzx\ZX\724\Converter\Microchip\TCPIP Stack\TCP.c
           TCPPutROMArray   0x000786    program     extern C:\wzx\ZX\724\Converter\Microchip\TCPIP Stack\TCP.c
          TCPPutROMString   0x000898    program     extern C:\wzx\ZX\724\Converter\Microchip\TCPIP Stack\TCP.c
             TCPPutString   0x000838    program     extern C:\wzx\ZX\724\Converter\Microchip\TCPIP Stack\TCP.c
               TCPRAMCopy   0x002c3a    program     static C:\wzx\ZX\724\Converter\Microchip\TCPIP Stack\TCP.c
            TCPRAMCopyROM   0x002cc8    program     static C:\wzx\ZX\724\Converter\Microchip\TCPIP Stack\TCP.c
     TCPSocketInitializer   0x018470    program     extern C:\wzx\ZX\724\Converter\Port\TCPIPConfig.h
                  TCPTick   0x0011be    program     extern C:\wzx\ZX\724\Converter\Microchip\TCPIP Stack\TCP.c
              TCPWasReset   0x0004dc    program     extern C:\wzx\ZX\724\Converter\Microchip\TCPIP Stack\TCP.c
TickConvertToMilliseconds   0x017e3e    program     extern C:\wzx\ZX\724\Converter\Microchip\TCPIP Stack\Tick.c
                  TickGet   0x017de2    program     extern C:\wzx\ZX\724\Converter\Microchip\TCPIP Stack\Tick.c
            TickGetDiv256   0x017df6    program     extern C:\wzx\ZX\724\Converter\Microchip\TCPIP Stack\Tick.c
            TickGetDiv64K   0x017e1a    program     extern C:\wzx\ZX\724\Converter\Microchip\TCPIP Stack\Tick.c
                 TickInit   0x017dac    program     extern C:\wzx\ZX\724\Converter\Microchip\TCPIP Stack\Tick.c
               TickUpdate   0x017e74    program     extern C:\wzx\ZX\724\Converter\Microchip\TCPIP Stack\Tick.c
              TxAActivate   0x00f39c    program     extern C:\wzx\ZX\724\Converter\AgilisDevices\RCULLAccess.c
[...]
                 DDRCbits   0x000f94       data     extern C:\MCC18\src\traditional\proc\p18F97J60.asm
                TRISDbits   0x000f95       data     extern C:\MCC18\src\traditional\proc\p18F97J60.asm
                    TRISD   0x000f95       data     extern C:\MCC18\src\traditional\proc\p18F97J60.asm
                 DDRDbits   0x000f95       data     extern C:\MCC18\src\traditional\proc\p18F97J60.asm
                     DDRD   0x000f95       data     extern C:\MCC18\src\traditional\proc\p18F97J60.asm
                     DDRE   0x000f96       data     extern C:\MCC18\src\traditional\proc\p18F97J60.asm
                 DDREbits   0x000f96       data     extern C:\MCC18\src\traditional\proc\p18F97J60.asm
                TRISEbits   0x000f96       data     extern C:\MCC18\src\traditional\proc\p18F97J60.asm
                    TRISE   0x000f96       data     extern C:\MCC18\src\traditional\proc\p18F97J60.asm
                 DDRFbits   0x000f97       data     extern C:\MCC18\src\traditional\proc\p18F97J60.asm
                     DDRF   0x000f97       data     extern C:\MCC18\src\traditional\proc\p18F97J60.asm
                    TRISF   0x000f97       data     extern C:\MCC18\src\traditional\proc\p18F97J60.asm
                TRISFbits   0x000f97       data     extern C:\MCC18\src\traditional\proc\p18F97J60.asm
                 DDRGbits   0x000f98       data     extern C:\MCC18\src\traditional\proc\p18F97J60.asm
                     DDRG   0x000f98       data     extern C:\MCC18\src\traditional\proc\p18F97J60.asm
                    TRISG   0x000f98       data     extern C:\MCC18\src\traditional\proc\p18F97J60.asm
                TRISGbits   0x000f98       data     extern C:\MCC18\src\traditional\proc\p18F97J60.asm
                 DDRHbits   0x000f99       data     extern C:\MCC18\src\traditional\proc\p18F97J60.asm
                     DDRH   0x000f99       data     extern C:\MCC18\src\traditional\proc\p18F97J60.asm
                    TRISH   0x000f99       data     extern C:\MCC18\src\traditional\proc\p18F97J60.asm
                TRISHbits   0x000f99       data     extern C:\MCC18\src\traditional\proc\p18F97J60.asm
                 DDRJbits   0x000f9a       data     extern C:\MCC18\src\traditional\proc\p18F97J60.asm
                     DDRJ   0x000f9a       data     extern C:\MCC18\src\traditional\proc\p18F97J60.asm
                    TRISJ   0x000f9a       data     extern C:\MCC18\src\traditional\proc\p18F97J60.asm
                TRISJbits   0x000f9a       data     extern C:\MCC18\src\traditional\proc\p18F97J60.asm
                  OSCTUNE   0x000f9b       data     extern C:\MCC18\src\traditional\proc\p18F97J60.asm
              OSCTUNEbits   0x000f9b       data     extern C:\MCC18\src\traditional\proc\p18F97J60.asm
               MEMCONbits   0x000f9c       data     extern C:\MCC18\src\traditional\proc\p18F97J60.asm
                   MEMCON   0x000f9c       data     extern C:\MCC18\src\traditional\proc\p18F97J60.asm
                     PIE1   0x000f9d       data     extern C:\MCC18\src\traditional\proc\p18F97J60.asm
                 PIE1bits   0x000f9d       data     extern C:\MCC18\src\traditional\proc\p18F97J60.asm
                 PIR1bits   0x000f9e       data     extern C:\MCC18\src\traditional\proc\p18F97J60.asm
                     PIR1   0x000f9e       data     extern C:\MCC18\src\traditional\proc\p18F97J60.asm
                 IPR1bits   0x000f9f       data     extern C:\MCC18\src\traditional\proc\p18F97J60.asm
                     IPR1   0x000f9f       data     extern C:\MCC18\src\traditional\proc\p18F97J60.asm
                     PIE2   0x000fa0       data     extern C:\MCC18\src\traditional\proc\p18F97J60.asm
                 PIE2bits   0x000fa0       data     extern C:\MCC18\src\traditional\proc\p18F97J60.asm
                     PIR2   0x000fa1       data     extern C:\MCC18\src\traditional\proc\p18F97J60.asm
                 PIR2bits   0x000fa1       data     extern C:\MCC18\src\traditional\proc\p18F97J60.asm
                     IPR2   0x000fa2       data     extern C:\MCC18\src\traditional\proc\p18F97J60.asm
                 IPR2bits   0x000fa2       data     extern C:\MCC18\src\traditional\proc\p18F97J60.asm
                     PIE3   0x000fa3       data     extern C:\MCC18\src\traditional\proc\p18F97J60.asm
                 PIE3bits   0x000fa3       data     extern C:\MCC18\src\traditional\proc\p18F97J60.asm
                     PIR3   0x000fa4       data     extern C:\MCC18\src\traditional\proc\p18F97J60.asm
                 PIR3bits   0x000fa4       data     extern C:\MCC18\src\traditional\proc\p18F97J60.asm
                     IPR3   0x000fa5       data     extern C:\MCC18\src\traditional\proc\p18F97J60.asm
                 IPR3bits   0x000fa5       data     extern C:\MCC18\src\traditional\proc\p18F97J60.asm
               EECON1bits   0x000fa6       data     extern C:\MCC18\src\traditional\proc\p18F97J60.asm
                   EECON1   0x000fa6       data     extern C:\MCC18\src\traditional\proc\p18F97J60.asm
                   EECON2   0x000fa7       data     extern C:\MCC18\src\traditional\proc\p18F97J60.asm
                RCSTAbits   0x000fab       data     extern C:\MCC18\src\traditional\proc\p18F97J60.asm
               RCSTA1bits   0x000fab       data     extern C:\MCC18\src\traditional\proc\p18F97J60.asm
                    RCSTA   0x000fab       data     extern C:\MCC18\src\traditional\proc\p18F97J60.asm
                   RCSTA1   0x000fab       data     extern C:\MCC18\src\traditional\proc\p18F97J60.asm
                    TXSTA   0x000fac       data     extern C:\MCC18\src\traditional\proc\p18F97J60.asm
                   TXSTA1   0x000fac       data     extern C:\MCC18\src\traditional\proc\p18F97J60.asm
               TXSTA1bits   0x000fac       data     extern C:\MCC18\src\traditional\proc\p18F97J60.asm
                TXSTAbits   0x000fac       data     extern C:\MCC18\src\traditional\proc\p18F97J60.asm
                   TXREG1   0x000fad       data     extern C:\MCC18\src\traditional\proc\p18F97J60.asm
                    TXREG   0x000fad       data     extern C:\MCC18\src\traditional\proc\p18F97J60.asm
                   RCREG1   0x000fae       data     extern C:\MCC18\src\traditional\proc\p18F97J60.asm
                    RCREG   0x000fae       data     extern C:\MCC18\src\traditional\proc\p18F97J60.asm
                   SPBRG1   0x000faf       data     extern C:\MCC18\src\traditional\proc\p18F97J60.asm
                    SPBRG   0x000faf       data     extern C:\MCC18\src\traditional\proc\p18F97J60.asm
                   PSPCON   0x000fb0       data     extern C:\MCC18\src\traditional\proc\p18F97J60.asm
               PSPCONbits   0x000fb0       data     extern C:\MCC18\src\traditional\proc\p18F97J60.asm
                T3CONbits   0x000fb1       data     extern C:\MCC18\src\traditional\proc\p18F97J60.asm
                    T3CON   0x000fb1       data     extern C:\MCC18\src\traditional\proc\p18F97J60.asm
                    TMR3L   0x000fb2       data     extern C:\MCC18\src\traditional\proc\p18F97J60.asm
                    TMR3H   0x000fb3       data     extern C:\MCC18\src\traditional\proc\p18F97J60.asm
                CMCONbits   0x000fb4       data     extern C:\MCC18\src\traditional\proc\p18F97J60.asm
                    CMCON   0x000fb4       data     extern C:\MCC18\src\traditional\proc\p18F97J60.asm
               CVRCONbits   0x000fb5       data     extern C:\MCC18\src\traditional\proc\p18F97J60.asm
                   CVRCON   0x000fb5       data     extern C:\MCC18\src\traditional\proc\p18F97J60.asm
                  ECCP1AS   0x000fb6       data     extern C:\MCC18\src\traditional\proc\p18F97J60.asm
              ECCP1ASbits   0x000fb6       data     extern C:\MCC18\src\traditional\proc\p18F97J60.asm
                 ECCP3CON   0x000fb7       data     extern C:\MCC18\src\traditional\proc\p18F97J60.asm
             ECCP3CONbits   0x000fb7       data     extern C:\MCC18\src\traditional\proc\p18F97J60.asm
              CCP3CONbits   0x000fb7       data     extern C:\MCC18\src\traditional\proc\p18F97J60.asm
                  CCP3CON   0x000fb7       data     extern C:\MCC18\src\traditional\proc\p18F97J60.asm
                   CCPR3L   0x000fb8       data     extern C:\MCC18\src\traditional\proc\p18F97J60.asm
                    CCPR3   0x000fb8       data     extern C:\MCC18\src\traditional\proc\p18F97J60.asm
                   CCPR3H   0x000fb9       data     extern C:\MCC18\src\traditional\proc\p18F97J60.asm
                 ECCP2CON   0x000fba       data     extern C:\MCC18\src\traditional\proc\p18F97J60.asm
             ECCP2CONbits   0x000fba       data     extern C:\MCC18\src\traditional\proc\p18F97J60.asm
              CCP2CONbits   0x000fba       data     extern C:\MCC18\src\traditional\proc\p18F97J60.asm
                  CCP2CON   0x000fba       data     extern C:\MCC18\src\traditional\proc\p18F97J60.asm
                   CCPR2L   0x000fbb       data     extern C:\MCC18\src\traditional\proc\p18F97J60.asm
                    CCPR2   0x000fbb       data     extern C:\MCC18\src\traditional\proc\p18F97J60.asm
                   CCPR2H   0x000fbc       data     extern C:\MCC18\src\traditional\proc\p18F97J60.asm
                 ECCP1CON   0x000fbd       data     extern C:\MCC18\src\traditional\proc\p18F97J60.asm
             ECCP1CONbits   0x000fbd       data     extern C:\MCC18\src\traditional\proc\p18F97J60.asm
                  CCP1CON   0x000fbd       data     extern C:\MCC18\src\traditional\proc\p18F97J60.asm
              CCP1CONbits   0x000fbd       data     extern C:\MCC18\src\traditional\proc\p18F97J60.asm
                   CCPR1L   0x000fbe       data     extern C:\MCC18\src\traditional\proc\p18F97J60.asm
                    CCPR1   0x000fbe       data     extern C:\MCC18\src\traditional\proc\p18F97J60.asm
                   CCPR1H   0x000fbf       data     extern C:\MCC18\src\traditional\proc\p18F97J60.asm
               ADCON2bits   0x000fc0       data     extern C:\MCC18\src\traditional\proc\p18F97J60.asm
                   ADCON2   0x000fc0       data     extern C:\MCC18\src\traditional\proc\p18F97J60.asm
               ADCON1bits   0x000fc1       data     extern C:\MCC18\src\traditional\proc\p18F97J60.asm
                   ADCON1   0x000fc1       data     extern C:\MCC18\src\traditional\proc\p18F97J60.asm
               ADCON0bits   0x000fc2       data     extern C:\MCC18\src\traditional\proc\p18F97J60.asm
                   ADCON0   0x000fc2       data     extern C:\MCC18\src\traditional\proc\p18F97J60.asm
                    ADRES   0x000fc3       data     extern C:\MCC18\src\traditional\proc\p18F97J60.asm
                   ADRESL   0x000fc3       data     extern C:\MCC18\src\traditional\proc\p18F97J60.asm
                   ADRESH   0x000fc4       data     extern C:\MCC18\src\traditional\proc\p18F97J60.asm
              SSPCON2bits   0x000fc5       data     extern C:\MCC18\src\traditional\proc\p18F97J60.asm
                 SSP1CON2   0x000fc5       data     extern C:\MCC18\src\traditional\proc\p18F97J60.asm
             SSP1CON2bits   0x000fc5       data     extern C:\MCC18\src\traditional\proc\p18F97J60.asm
                  SSPCON2   0x000fc5       data     extern C:\MCC18\src\traditional\proc\p18F97J60.asm
                 SSP1CON1   0x000fc6       data     extern C:\MCC18\src\traditional\proc\p18F97J60.asm
             SSP1CON1bits   0x000fc6       data     extern C:\MCC18\src\traditional\proc\p18F97J60.asm
              SSPCON1bits   0x000fc6       data     extern C:\MCC18\src\traditional\proc\p18F97J60.asm
                  SSPCON1   0x000fc6       data     extern C:\MCC18\src\traditional\proc\p18F97J60.asm
              SSPSTATbits   0x000fc7       data     extern C:\MCC18\src\traditional\proc\p18F97J60.asm
                  SSPSTAT   0x000fc7       data     extern C:\MCC18\src\traditional\proc\p18F97J60.asm
                 SSP1STAT   0x000fc7       data     extern C:\MCC18\src\traditional\proc\p18F97J60.asm
             SSP1STATbits   0x000fc7       data     extern C:\MCC18\src\traditional\proc\p18F97J60.asm
                   SSPADD   0x000fc8       data     extern C:\MCC18\src\traditional\proc\p18F97J60.asm
                  SSP1ADD   0x000fc8       data     extern C:\MCC18\src\traditional\proc\p18F97J60.asm
                   SSPBUF   0x000fc9       data     extern C:\MCC18\src\traditional\proc\p18F97J60.asm
                  SSP1BUF   0x000fc9       data     extern C:\MCC18\src\traditional\proc\p18F97J60.asm
                    T2CON   0x000fca       data     extern C:\MCC18\src\traditional\proc\p18F97J60.asm
                T2CONbits   0x000fca       data     extern C:\MCC18\src\traditional\proc\p18F97J60.asm
                      PR2   0x000fcb       data     extern C:\MCC18\src\traditional\proc\p18F97J60.asm
                     TMR2   0x000fcc       data     extern C:\MCC18\src\traditional\proc\p18F97J60.asm
                T1CONbits   0x000fcd       data     extern C:\MCC18\src\traditional\proc\p18F97J60.asm
                    T1CON   0x000fcd       data     extern C:\MCC18\src\traditional\proc\p18F97J60.asm
                    TMR1L   0x000fce       data     extern C:\MCC18\src\traditional\proc\p18F97J60.asm
                    TMR1H   0x000fcf       data     extern C:\MCC18\src\traditional\proc\p18F97J60.asm
                 RCONbits   0x000fd0       data     extern C:\MCC18\src\traditional\proc\p18F97J60.asm
                     RCON   0x000fd0       data     extern C:\MCC18\src\traditional\proc\p18F97J60.asm
               WDTCONbits   0x000fd1       data     extern C:\MCC18\src\traditional\proc\p18F97J60.asm
                   WDTCON   0x000fd1       data     extern C:\MCC18\src\traditional\proc\p18F97J60.asm
                ECON1bits   0x000fd2       data     extern C:\MCC18\src\traditional\proc\p18F97J60.asm
                    ECON1   0x000fd2       data     extern C:\MCC18\src\traditional\proc\p18F97J60.asm
               OSCCONbits   0x000fd3       data     extern C:\MCC18\src\traditional\proc\p18F97J60.asm
                   OSCCON   0x000fd3       data     extern C:\MCC18\src\traditional\proc\p18F97J60.asm
                    T0CON   0x000fd5       data     extern C:\MCC18\src\traditional\proc\p18F97J60.asm
                T0CONbits   0x000fd5       data     extern C:\MCC18\src\traditional\proc\p18F97J60.asm
                    TMR0L   0x000fd6       data     extern C:\MCC18\src\traditional\proc\p18F97J60.asm
                    TMR0H   0x000fd7       data     extern C:\MCC18\src\traditional\proc\p18F97J60.asm
               STATUSbits   0x000fd8       data     extern C:\MCC18\src\traditional\proc\p18F97J60.asm
                   STATUS   0x000fd8       data     extern C:\MCC18\src\traditional\proc\p18F97J60.asm
                     FSR2   0x000fd9       data     extern C:\MCC18\src\traditional\proc\p18F97J60.asm
                    FSR2L   0x000fd9       data     extern C:\MCC18\src\traditional\proc\p18F97J60.asm
                    FSR2H   0x000fda       data     extern C:\MCC18\src\traditional\proc\p18F97J60.asm
                   PLUSW2   0x000fdb       data     extern C:\MCC18\src\traditional\proc\p18F97J60.asm
                  PREINC2   0x000fdc       data     extern C:\MCC18\src\traditional\proc\p18F97J60.asm
                 POSTDEC2   0x000fdd       data     extern C:\MCC18\src\traditional\proc\p18F97J60.asm
                 POSTINC2   0x000fde       data     extern C:\MCC18\src\traditional\proc\p18F97J60.asm
                    INDF2   0x000fdf       data     extern C:\MCC18\src\traditional\proc\p18F97J60.asm
                      BSR   0x000fe0       data     extern C:\MCC18\src\traditional\proc\p18F97J60.asm
                     FSR1   0x000fe1       data     extern C:\MCC18\src\traditional\proc\p18F97J60.asm
                    FSR1L   0x000fe1       data     extern C:\MCC18\src\traditional\proc\p18F97J60.asm
                    FSR1H   0x000fe2       data     extern C:\MCC18\src\traditional\proc\p18F97J60.asm
                   PLUSW1   0x000fe3       data     extern C:\MCC18\src\traditional\proc\p18F97J60.asm
                  PREINC1   0x000fe4       data     extern C:\MCC18\src\traditional\proc\p18F97J60.asm
                 POSTDEC1   0x000fe5       data     extern C:\MCC18\src\traditional\proc\p18F97J60.asm
                 POSTINC1   0x000fe6       data     extern C:\MCC18\src\traditional\proc\p18F97J60.asm
                    INDF1   0x000fe7       data     extern C:\MCC18\src\traditional\proc\p18F97J60.asm
                     WREG   0x000fe8       data     extern C:\MCC18\src\traditional\proc\p18F97J60.asm
                    FSR0L   0x000fe9       data     extern C:\MCC18\src\traditional\proc\p18F97J60.asm
                     FSR0   0x000fe9       data     extern C:\MCC18\src\traditional\proc\p18F97J60.asm
                    FSR0H   0x000fea       data     extern C:\MCC18\src\traditional\proc\p18F97J60.asm
                   PLUSW0   0x000feb       data     extern C:\MCC18\src\traditional\proc\p18F97J60.asm
                  PREINC0   0x000fec       data     extern C:\MCC18\src\traditional\proc\p18F97J60.asm
                 POSTDEC0   0x000fed       data     extern C:\MCC18\src\traditional\proc\p18F97J60.asm
                 POSTINC0   0x000fee       data     extern C:\MCC18\src\traditional\proc\p18F97J60.asm
                    INDF0   0x000fef       data     extern C:\MCC18\src\traditional\proc\p18F97J60.asm
              INTCON3bits   0x000ff0       data     extern C:\MCC18\src\traditional\proc\p18F97J60.asm
                  INTCON3   0x000ff0       data     extern C:\MCC18\src\traditional\proc\p18F97J60.asm
                  INTCON2   0x000ff1       data     extern C:\MCC18\src\traditional\proc\p18F97J60.asm
              INTCON2bits   0x000ff1       data     extern C:\MCC18\src\traditional\proc\p18F97J60.asm
                   INTCON   0x000ff2       data     extern C:\MCC18\src\traditional\proc\p18F97J60.asm
               INTCONbits   0x000ff2       data     extern C:\MCC18\src\traditional\proc\p18F97J60.asm
                    PRODL   0x000ff3       data     extern C:\MCC18\src\traditional\proc\p18F97J60.asm
                     PROD   0x000ff3       data     extern C:\MCC18\src\traditional\proc\p18F97J60.asm
                    PRODH   0x000ff4       data     extern C:\MCC18\src\traditional\proc\p18F97J60.asm
                   TABLAT   0x000ff5       data     extern C:\MCC18\src\traditional\proc\p18F97J60.asm
                   TBLPTR   0x000ff6       data     extern C:\MCC18\src\traditional\proc\p18F97J60.asm
                  TBLPTRL   0x000ff6       data     extern C:\MCC18\src\traditional\proc\p18F97J60.asm
                  TBLPTRH   0x000ff7       data     extern C:\MCC18\src\traditional\proc\p18F97J60.asm
                  TBLPTRU   0x000ff8       data     extern C:\MCC18\src\traditional\proc\p18F97J60.asm
                      PCL   0x000ff9       data     extern C:\MCC18\src\traditional\proc\p18F97J60.asm
                       PC   0x000ff9       data     extern C:\MCC18\src\traditional\proc\p18F97J60.asm
                   PCLATH   0x000ffa       data     extern C:\MCC18\src\traditional\proc\p18F97J60.asm
                   PCLATU   0x000ffb       data     extern C:\MCC18\src\traditional\proc\p18F97J60.asm
               STKPTRbits   0x000ffc       data     extern C:\MCC18\src\traditional\proc\p18F97J60.asm
                   STKPTR   0x000ffc       data     extern C:\MCC18\src\traditional\proc\p18F97J60.asm
                     TOSL   0x000ffd       data     extern C:\MCC18\src\traditional\proc\p18F97J60.asm
                      TOS   0x000ffd       data     extern C:\MCC18\src\traditional\proc\p18F97J60.asm
                     TOSH   0x000ffe       data     extern C:\MCC18\src\traditional\proc\p18F97J60.asm
                     TOSU   0x000fff       data     extern C:\MCC18\src\traditional\proc\p18F97J60.asm


