MPLINK 4.22, Linker
Linker Map File - Created Wed Jan 03 14:07:58 2018

                                 Section Info
                  Section       Type    Address   Location Size(Bytes)
                ---------  ---------  ---------  ---------  ---------
               _entry_scn       code   0x000000    program   0x000006
               highVector       code   0x000008    program   0x000006
                lowVector       code   0x000018    program   0x000006
                   .cinit    romdata   0x00002a    program   0x00009e
              .code_TCP.o       code   0x0000c8    program   0x003d4e
            .code_HTTP2.o       code   0x003e16    program   0x00243a
              .code_lcd.o       code   0x006250    program   0x001a88
   .code_HTTPGetDevInfo.o       code   0x007cd8    program   0x001a16
             .code_util.o       code   0x0096ee    program   0x001006
            .code_MPFS2.o       code   0x00a6f4    program   0x000f12
        .code_HTTPPrint.o       code   0x00b606    program   0x000ede
          .code_Helpers.o       code   0x00c4e4    program   0x000d78
         .code_vfprintf.o       code   0x00d25c    program   0x000c22
         .code_ETH97J60.o       code   0x00de7e    program   0x000bb2
             .stringtable    romdata   0x00ea30    program   0x000b82
          .code_HTTPApp.o       code   0x00f5b2    program   0x0006e2
                     PROG       code   0x00fc94    program   0x0005d8
           .romdata_lcd.o    romdata   0x01026c    program   0x000578
              .code_ARP.o       code   0x0107e4    program   0x000494
                   STRING       code   0x010c78    program   0x00046c
   .code_MainControl_c1.o       code   0x0110e4    program   0x0003f6
   .code_Initialization.o       code   0x0114da    program   0x000382
               .code_IP.o       code   0x01185c    program   0x00032e
        .code_SPIEEPROM.o       code   0x011b8a    program   0x0002fa
           .code_i2c_c1.o       code   0x011e84    program   0x0002f6
          .code_oled_c1.o       code   0x01217a    program   0x0002e4
             .code_Main.o       code   0x01245e    program   0x000286
      .code_internalADC.o       code   0x0126e4    program   0x000252
         .code_StackTsk.o       code   0x012936    program   0x0001e4
           .code_devadc.o       code   0x012b1a    program   0x0001de
              .code_ISR.o       code   0x012cf8    program   0x0001b8
                   STDLIB       code   0x012eb0    program   0x000192
   .code_UpConverter_c1.o       code   0x013042    program   0x00014e
             .code_ICMP.o       code   0x013190    program   0x00014a
             .code_Tick.o       code   0x0132da    program   0x000122
             .code_UART.o       code   0x0133fc    program   0x0000e6
          .code_sprintf.o       code   0x0134e2    program   0x0000ac
               _cinit_scn       code   0x01358e    program   0x00009e
           .code_devspi.o       code   0x01362c    program   0x000086
             .code_putc.o       code   0x0136b2    program   0x000084
         .romdata_HTTP2.o    romdata   0x013736    program   0x00007e
          .code_fxm3232.o       code   0x0137b4    program   0x000070
          .code_adcopen.o       code   0x013824    program   0x00006e
         .code_fxd3232u.o       code   0x013892    program   0x000048
         .code_fxd1616u.o       code   0x0138da    program   0x00002c
                    CTYPE       code   0x013906    program   0x000024
           .romdata_TCP.o    romdata   0x01392a    program   0x000024
             _startup_scn       code   0x01394e    program   0x000020
              D1KTCYXCODE       code   0x01396e    program   0x000020
   .code_UART2TCPBridge.o       code   0x01398e    program   0x00001e
                    STDIO       code   0x0139ac    program   0x00001c
         .code_fxd0808u.o       code   0x0139c8    program   0x00001c
              D10TCYXCODE       code   0x0139e4    program   0x000016
 .code_DownConverter_c1.o       code   0x0139fa    program   0x000014
      .romdata_vfprintf.o    romdata   0x013a0e    program   0x000011
       .romdata_oled_c1.o    romdata   0x013a1f    program   0x000010
.idata_UpConverter_c1.o_i    romdata   0x013a2f    program   0x000000
.romdata_HTTPGetDevInfo.o    romdata   0x013a2f    program   0x000000
    .idata__user_putc.o_i    romdata   0x013a2f    program   0x000000
.romdata_DownConverter_c1.o    romdata   0x013a2f    program   0x000000
   .romdata_SNMPSysInfo.o    romdata   0x013a2f    program   0x000000
.idata_MainControl_c1.o_i    romdata   0x013a2f    program   0x000000
.romdata_UpConverter_c1.o    romdata   0x013a2f    program   0x000000
    .romdata__user_putc.o    romdata   0x013a2f    program   0x000000
   .idata_SNMPSysInfo.o_i    romdata   0x013a2f    program   0x000000
.romdata_SNMPLLiBUCStatus.o    romdata   0x013a2f    program   0x000000
.idata_SNMPLLiBUCStatus.o_i    romdata   0x013a2f    program   0x000000
  .romdata_SNMPLLiBUCOp.o    romdata   0x013a2f    program   0x000000
     .romdata_HTTPPrint.o    romdata   0x013a2f    program   0x000000
  .idata_SNMPLLiBUCOp.o_i    romdata   0x013a2f    program   0x000000
.romdata_MainControl_c1.o    romdata   0x013a2f    program   0x000000
      .idata_vfprintf.o_i    romdata   0x013a2f    program   0x000000
       .romdata_sprintf.o    romdata   0x013a2f    program   0x000000
       .idata_sprintf.o_i    romdata   0x013a2f    program   0x000000
        .romdata___init.o    romdata   0x013a2f    program   0x000000
        .idata___init.o_i    romdata   0x013a2f    program   0x000000
       .romdata_adcopen.o    romdata   0x013a2f    program   0x000000
       .idata_adcopen.o_i    romdata   0x013a2f    program   0x000000
       .romdata_fxm3232.o    romdata   0x013a2f    program   0x000000
       .idata_fxm3232.o_i    romdata   0x013a2f    program   0x000000
      .romdata_fxd3232u.o    romdata   0x013a2f    program   0x000000
      .idata_fxd3232u.o_i    romdata   0x013a2f    program   0x000000
      .romdata_fxd1616u.o    romdata   0x013a2f    program   0x000000
      .idata_fxd1616u.o_i    romdata   0x013a2f    program   0x000000
      .romdata_fxd0808u.o    romdata   0x013a2f    program   0x000000
      .idata_fxd0808u.o_i    romdata   0x013a2f    program   0x000000
          .idata_putc.o_i    romdata   0x013a2f    program   0x000000
      .romdata_adcclose.o    romdata   0x013a2f    program   0x000000
      .idata_adcclose.o_i    romdata   0x013a2f    program   0x000000
          .romdata_putc.o    romdata   0x013a2f    program   0x000000
        .romdata_i2c_c1.o    romdata   0x013a2f    program   0x000000
        .idata_i2c_c1.o_i    romdata   0x013a2f    program   0x000000
       .idata_oled_c1.o_i    romdata   0x013a2f    program   0x000000
        .romdata_Global.o    romdata   0x013a2f    program   0x000000
          .romdata_Main.o    romdata   0x013a2f    program   0x000000
            .romdata_IP.o    romdata   0x013a2f    program   0x000000
           .romdata_ISR.o    romdata   0x013a2f    program   0x000000
           .idata_ISR.o_i    romdata   0x013a2f    program   0x000001
         .romdata_Delay.o    romdata   0x013a2f    program   0x000000
        .romdata_devadc.o    romdata   0x013a2f    program   0x000000
        .idata_devadc.o_i    romdata   0x013a2f    program   0x000000
       .romdata_Helpers.o    romdata   0x013a2f    program   0x000000
          .idata_UART.o_i    romdata   0x013a2f    program   0x000000
          .romdata_UART.o    romdata   0x013a2f    program   0x000000
          .romdata_Tick.o    romdata   0x013a2f    program   0x000000
        .romdata_devspi.o    romdata   0x013a2f    program   0x000000
          .romdata_DHCP.o    romdata   0x013a2f    program   0x000000
         .romdata_DHCPs.o    romdata   0x013a2f    program   0x000000
        .idata_devspi.o_i    romdata   0x013a2f    program   0x000000
         .idata_MPFS2.o_i    romdata   0x013a2f    program   0x000000
      .romdata_SPIFlash.o    romdata   0x013a2f    program   0x000000
      .idata_SPIFlash.o_i    romdata   0x013a2f    program   0x000000
     .romdata_SPIEEPROM.o    romdata   0x013a2f    program   0x000000
     .idata_SPIEEPROM.o_i    romdata   0x013a2f    program   0x000000
          .romdata_ICMP.o    romdata   0x013a2f    program   0x000000
         .romdata_MPFS2.o    romdata   0x013a2f    program   0x000000
        .idata_c018iz.o_i    romdata   0x013a2f    program   0x000000
.romdata_SNMPLLiBUCDevInfo.o    romdata   0x013a2f    program   0x000000
.idata_SNMPLLiBUCDevInfo.o_i    romdata   0x013a2f    program   0x000000
        .romdata_c018iz.o    romdata   0x013a2f    program   0x000000
.idata_Initialization.o_i    romdata   0x013a2f    program   0x000000
       .romdata_SNMPApp.o    romdata   0x013a2f    program   0x000000
      .idata_MPFSImg2.o_i    romdata   0x013a2f    program   0x000000
       .idata_SNMPApp.o_i    romdata   0x013a2f    program   0x000000
       .romdata_HTTPApp.o    romdata   0x013a2f    program   0x000000
      .romdata_MPFSImg2.o    romdata   0x013a2f    program   0x000000
      .idata_StackTsk.o_i    romdata   0x013a2f    program   0x000000
      .romdata_StackTsk.o    romdata   0x013a2f    program   0x000000
          .romdata_util.o    romdata   0x013a2f    program   0x000000
           .idata_UDP.o_i    romdata   0x013a2f    program   0x000000
           .romdata_UDP.o    romdata   0x013a2f    program   0x000000
          .romdata_SNMP.o    romdata   0x013a2f    program   0x000000
          .idata_SNMP.o_i    romdata   0x013a2f    program   0x000000
.romdata_UART2TCPBridge.o    romdata   0x013a2f    program   0x000000
           .romdata_ARP.o    romdata   0x013a2f    program   0x000000
      .romdata_ETH97J60.o    romdata   0x013a2f    program   0x000000
   .romdata_internalADC.o    romdata   0x013a2f    program   0x000000
   .idata_internalADC.o_i    romdata   0x013a2f    program   0x000000
                    .code       code   0x013a30    program   0x00000e
.romdata_Initialization.o    romdata   0x013a3e    program   0x000006
         .code_adcclose.o       code   0x013a44    program   0x000006
       .code__user_putc.o       code   0x013a4a    program   0x000002
           .code___init.o       code   0x013a4c    program   0x000002
              SEED_DATA_i    romdata   0x013a4e    program   0x000002
          .idata_util.o_i    romdata   0x013a50    program   0x000004
           .idata_lcd.o_i    romdata   0x013a54    program   0x00012f
.idata_UART2TCPBridge.o_i    romdata   0x013b83    program   0x000008
          .idata_Tick.o_i    romdata   0x013b8b    program   0x000004
           .idata_TCP.o_i    romdata   0x013b8f    program   0x000002
          .idata_Main.o_i    romdata   0x013b91    program   0x000013
            .idata_IP.o_i    romdata   0x013ba4    program   0x000002
          .idata_ICMP.o_i    romdata   0x013ba6    program   0x000000
       .idata_Helpers.o_i    romdata   0x013ba6    program   0x000000
     .idata_HTTPPrint.o_i    romdata   0x013ba6    program   0x000000
.idata_HTTPGetDevInfo.o_i    romdata   0x013ba6    program   0x000002
       .idata_HTTPApp.o_i    romdata   0x013ba8    program   0x000002
         .idata_HTTP2.o_i    romdata   0x013baa    program   0x000000
        .idata_Global.o_i    romdata   0x013baa    program   0x0000b9
.idata_DownConverter_c1.o_i    romdata   0x013c63    program   0x000000
         .idata_DHCPs.o_i    romdata   0x013c63    program   0x000000
           .idata_ARP.o_i    romdata   0x013c63    program   0x000001
      .idata_ETH97J60.o_i    romdata   0x013c63    program   0x000000
          .idata_DHCP.o_i    romdata   0x013c63    program   0x000000
         .idata_Delay.o_i    romdata   0x013c63    program   0x000000
          .code_SNMPApp.o       code   0x013c64    program   0x000000
         .code_SPIFlash.o       code   0x013c64    program   0x000000
 .code_SNMPLLiBUCStatus.o       code   0x013c64    program   0x000000
      .code_SNMPSysInfo.o       code   0x013c64    program   0x000000
         .code_MPFSImg2.o       code   0x013c64    program   0x000000
           .code_c018iz.o       code   0x013c64    program   0x000000
     .code_SNMPLLiBUCOp.o       code   0x013c64    program   0x000000
.code_SNMPLLiBUCDevInfo.o       code   0x013c64    program   0x000000
            .code_DHCPs.o       code   0x013c64    program   0x000000
             .code_SNMP.o       code   0x013c64    program   0x000000
              .code_UDP.o       code   0x013c64    program   0x000000
             .code_DHCP.o       code   0x013c64    program   0x000000
           .code_Global.o       code   0x013c64    program   0x000000
            .code_Delay.o       code   0x013c64    program   0x000000
     .config_1fff8_Main.o    romdata   0x01fff8    program   0x000001
     .config_1fffa_Main.o    romdata   0x01fffa    program   0x000001
     .config_1fffd_Main.o    romdata   0x01fffd    program   0x000001
                 .tmpdata      udata   0x000000       data   0x000018
                MATH_DATA      udata   0x000018       data   0x000014
                DELAYDAT1      udata   0x00002c       data   0x000001
   HTTP_CONNECTION_STATES      udata   0x000060       data   0x000084
       .udata_HTTPPrint.o      udata   0x0000e4       data   0x00000f
         .udata_HTTPApp.o      udata   0x0000f3       data   0x00000d
                 TCB_uRAM      udata   0x000100       data   0x0000a8
            .udata_Main.o      udata   0x0001a8       data   0x000057
              .udata_IP.o      udata   0x0001ff       data   0x000001
             .udata_lcd.o      udata   0x000200       data   0x000050
             .udata_TCP.o      udata   0x000250       data   0x00004f
                    grp10      udata   0x00029f       data   0x000040
                    grp17      udata   0x0002df       data   0x00000a
          .udata_c018iz.o      udata   0x0002e9       data   0x00000a
  .idata_UART2TCPBridge.o      idata   0x0002f3       data   0x000008
.udata_SNMPLLiBUCDevInfo.o      udata   0x0002fb       data   0x000005
                     gpr8      udata   0x000300       data   0x000040
       SYN_QUEUE_RAM_SECT      udata   0x000340       data   0x00003c
  .udata_HTTPGetDevInfo.o      udata   0x00037c       data   0x00003c
                     grp5      udata   0x0003b8       data   0x000033
             .udata_ARP.o      udata   0x0003eb       data   0x000014
             .idata_ISR.o      idata   0x0003ff       data   0x000001
       .udata_SPIEEPROM.o      udata   0x000400       data   0x000025
.udata_DownConverter_c1.o      udata   0x000425       data   0x000022
        .udata_ETH97J60.o      udata   0x000447       data   0x000007
            .udata_Tick.o      udata   0x00044e       data   0x000006
         .udata_Helpers.o      udata   0x000454       data   0x000004
            .idata_util.o      idata   0x000458       data   0x000004
            .idata_Tick.o      idata   0x00045c       data   0x000004
                SEED_DATA      idata   0x000460       data   0x000002
          .udata_Global.o      udata   0x000462       data   0x000002
             .idata_TCP.o      idata   0x000464       data   0x000002
              .idata_IP.o      idata   0x000466       data   0x000002
  .idata_HTTPGetDevInfo.o      idata   0x000468       data   0x000002
         .idata_HTTPApp.o      idata   0x00046a       data   0x000002
             .idata_lcd.o      idata   0x000800       data   0x00012f
          .idata_Global.o      idata   0x00092f       data   0x0000b9
            .idata_Main.o      idata   0x0009e8       data   0x000013
  .udata_Initialization.o      udata   0x0009fb       data   0x000004
             .idata_ARP.o      idata   0x0009ff       data   0x000001
                   .stack      udata   0x000c00       data   0x000200
           .udata_MPFS2.o      udata   0x000e00       data   0x00006f
          .udata_i2c_c1.o      udata   0x000e6f       data   0x000010
        .udata_fxd1616u.o      udata   0x000e7f       data   0x000000
        .idata_fxd0808u.o      idata   0x000e7f       data   0x000000
        .udata_fxd0808u.o      udata   0x000e7f       data   0x000000
        .udata_MPFSImg2.o      udata   0x000e7f       data   0x000000
        .idata_adcclose.o      idata   0x000e7f       data   0x000000
        .udata_adcclose.o      udata   0x000e7f       data   0x000000
          .idata_i2c_c1.o      idata   0x000e7f       data   0x000000
         .idata_oled_c1.o      idata   0x000e7f       data   0x000000
         .udata_oled_c1.o      udata   0x000e7f       data   0x000000
        .idata_MPFSImg2.o      idata   0x000e7f       data   0x000000
        .idata_StackTsk.o      idata   0x000e7f       data   0x000000
             .udata_UDP.o      udata   0x000e7f       data   0x000000
             .idata_UDP.o      idata   0x000e7f       data   0x000000
        .idata_ETH97J60.o      idata   0x000e7f       data   0x000000
           .udata_Delay.o      udata   0x000e7f       data   0x000000
           .idata_Delay.o      idata   0x000e7f       data   0x000000
         .idata_Helpers.o      idata   0x000e7f       data   0x000000
       .idata_HTTPPrint.o      idata   0x000e7f       data   0x000000
          .idata_c018iz.o      idata   0x000e7f       data   0x000000
      .idata__user_putc.o      idata   0x000e7f       data   0x000000
      .udata__user_putc.o      udata   0x000e7f       data   0x000000
            .idata_putc.o      idata   0x000e7f       data   0x000000
            .udata_putc.o      udata   0x000e7f       data   0x000000
        .idata_vfprintf.o      idata   0x000e7f       data   0x000000
        .udata_vfprintf.o      udata   0x000e7f       data   0x000000
         .idata_sprintf.o      idata   0x000e7f       data   0x000000
         .udata_sprintf.o      udata   0x000e7f       data   0x000000
  .idata_Initialization.o      idata   0x000e7f       data   0x000000
          .idata___init.o      idata   0x000e7f       data   0x000000
          .udata___init.o      udata   0x000e7f       data   0x000000
         .idata_adcopen.o      idata   0x000e7f       data   0x000000
         .udata_adcopen.o      udata   0x000e7f       data   0x000000
         .idata_fxm3232.o      idata   0x000e7f       data   0x000000
         .udata_fxm3232.o      udata   0x000e7f       data   0x000000
        .idata_fxd3232u.o      idata   0x000e7f       data   0x000000
        .udata_fxd3232u.o      udata   0x000e7f       data   0x000000
        .idata_fxd1616u.o      idata   0x000e7f       data   0x000000
    .udata_SNMPLLiBUCOp.o      udata   0x000e7f       data   0x000000
.idata_SNMPLLiBUCDevInfo.o      idata   0x000e7f       data   0x000000
           .udata_DHCPs.o      udata   0x000e7f       data   0x000000
         .idata_SNMPApp.o      idata   0x000e7f       data   0x000000
         .udata_SNMPApp.o      udata   0x000e7f       data   0x000000
           .idata_DHCPs.o      idata   0x000e7f       data   0x000000
           .udata_HTTP2.o      udata   0x000e7f       data   0x000000
           .idata_HTTP2.o      idata   0x000e7f       data   0x000000
            .idata_SNMP.o      idata   0x000e7f       data   0x000000
            .udata_SNMP.o      udata   0x000e7f       data   0x000000
           .idata_MPFS2.o      idata   0x000e7f       data   0x000000
     .idata_internalADC.o      idata   0x000e7f       data   0x000000
     .udata_internalADC.o      udata   0x000e7f       data   0x000000
            .udata_ICMP.o      udata   0x000e7f       data   0x000000
             .udata_ISR.o      udata   0x000e7f       data   0x000000
          .idata_devadc.o      idata   0x000e7f       data   0x000000
          .udata_devadc.o      udata   0x000e7f       data   0x000000
          .idata_devspi.o      idata   0x000e7f       data   0x000000
          .udata_devspi.o      udata   0x000e7f       data   0x000000
        .idata_SPIFlash.o      idata   0x000e7f       data   0x000000
        .udata_SPIFlash.o      udata   0x000e7f       data   0x000000
       .idata_SPIEEPROM.o      idata   0x000e7f       data   0x000000
            .idata_ICMP.o      idata   0x000e7f       data   0x000000
.idata_SNMPLLiBUCStatus.o      idata   0x000e7f       data   0x000000
.udata_SNMPLLiBUCStatus.o      udata   0x000e7f       data   0x000000
    .idata_SNMPLLiBUCOp.o      idata   0x000e7f       data   0x000000
     .udata_SNMPSysInfo.o      udata   0x000e7f       data   0x000000
     .idata_SNMPSysInfo.o      idata   0x000e7f       data   0x000000
            .idata_DHCP.o      idata   0x000e7f       data   0x000000
.idata_DownConverter_c1.o      idata   0x000e7f       data   0x000000
  .udata_MainControl_c1.o      udata   0x000e7f       data   0x000000
  .idata_MainControl_c1.o      idata   0x000e7f       data   0x000000
  .udata_UpConverter_c1.o      udata   0x000e7f       data   0x000000
  .idata_UpConverter_c1.o      idata   0x000e7f       data   0x000000
            .udata_DHCP.o      udata   0x000e7f       data   0x000000
            .idata_UART.o      idata   0x000e7f       data   0x000000
            .udata_UART.o      udata   0x000e7f       data   0x000000
              SFR_BANKED0      udata   0x000e80       data   0x000006
              SFR_BANKED1      udata   0x000e8a       data   0x000001
              SFR_BANKED2      udata   0x000e97       data   0x000003
              SFR_BANKED3      udata   0x000ea0       data   0x000001
              SFR_BANKED4      udata   0x000ea2       data   0x000003
              SFR_BANKED5      udata   0x000ea6       data   0x000002
              SFR_BANKED6      udata   0x000eaa       data   0x000002
              SFR_BANKED7      udata   0x000eb2       data   0x000001
              SFR_BANKED8      udata   0x000eb4       data   0x000001
              SFR_BANKED9      udata   0x000eb6       data   0x000004
             SFR_BANKED10      udata   0x000ec0       data   0x000012
             SFR_BANKED11      udata   0x000ed4       data   0x000002
             SFR_BANKED12      udata   0x000ed8       data   0x000002
             SFR_BANKED13      udata   0x000ee2       data   0x000016
             SFR_BANKED14      udata   0x000efb       data   0x000001
             SFR_BANKED15      udata   0x000efd       data   0x000002
  .udata_UART2TCPBridge.o      udata   0x000f00       data   0x000052
        .udata_StackTsk.o      udata   0x000f52       data   0x00000b
            .udata_util.o      udata   0x000f5d       data   0x000003
            SFR_UNBANKED0      udata   0x000f60       data   0x0000a0



                              Program Memory Usage 
                               Start         End      
                           ---------   ---------      
                            0x000000    0x000005      
                            0x000008    0x00000d      
                            0x000018    0x00001d      
                            0x00002a    0x013c63      
                            0x01fff8    0x01fff8      
                            0x01fffa    0x01fffa      
                            0x01fffd    0x01fffd      
            80975 out of 131072 program addresses used, program memory utilization is 61%



                              Symbols - Sorted by Name
                     Name    Address   Location    Storage File                     
                ---------  ---------  ---------  --------- ---------                
                ADC_Value   0x0127fc    program     extern C:\firmware\70M_L_upconverter_SXY\70M_1223\work\Drivers\MCU-Internal\internalADC.c
                  AD_init   0x0126e4    program     extern C:\firmware\70M_L_upconverter_SXY\70M_1223\work\Drivers\MCU-Internal\internalADC.c
                  ARPInit   0x0108ac    program     extern C:\firmware\70M_L_upconverter_SXY\70M_1223\work\Microchip\TCPIP Stack\ARP.c
            ARPIsResolved   0x010b04    program     extern C:\firmware\70M_L_upconverter_SXY\70M_1223\work\Microchip\TCPIP Stack\ARP.c
               ARPProcess   0x0108c4    program     extern C:\firmware\70M_L_upconverter_SXY\70M_1223\work\Microchip\TCPIP Stack\ARP.c
                   ARPPut   0x0107e4    program     static C:\firmware\70M_L_upconverter_SXY\70M_1223\work\Microchip\TCPIP Stack\ARP.c
               ARPResolve   0x010a5a    program     extern C:\firmware\70M_L_upconverter_SXY\70M_1223\work\Microchip\TCPIP Stack\ARP.c
                ASC2toHEX   0x009e34    program     extern C:\firmware\70M_L_upconverter_SXY\70M_1223\work\SysLib\util.c
             Base64Decode   0x00c9b8    program     extern C:\firmware\70M_L_upconverter_SXY\70M_1223\work\Microchip\TCPIP Stack\Helpers.c
                BusyUSART   0x0133fc    program     extern C:\firmware\70M_L_upconverter_SXY\70M_1223\work\Microchip\TCPIP Stack\UART.c
               BusyUSART2   0x013454    program     extern C:\firmware\70M_L_upconverter_SXY\70M_1223\work\Microchip\TCPIP Stack\UART.c
                    CGRAM   0x013a1f    program     extern C:\firmware\70M_L_upconverter_SXY\70M_1223\work\Singcom\Drivers\oled_c1.c
     CalcIPBufferChecksum   0x00e3be    program     extern C:\firmware\70M_L_upconverter_SXY\70M_1223\work\Microchip\TCPIP Stack\ETH97J60.c
           CalcIPChecksum   0x00cdf0    program     extern C:\firmware\70M_L_upconverter_SXY\70M_1223\work\Microchip\TCPIP Stack\Helpers.c
                CheckBusy   0x01218c    program     extern C:\firmware\70M_L_upconverter_SXY\70M_1223\work\Singcom\Drivers\oled_c1.c
                 CloseADC   0x013a44    program     extern C:\MCC18\src\pmc_common\ADC\adcclose.c
              CloseSocket   0x001f24    program     static C:\firmware\70M_L_upconverter_SXY\70M_1223\work\Microchip\TCPIP Stack\TCP.c
               CloseUSART   0x013408    program     extern C:\firmware\70M_L_upconverter_SXY\70M_1223\work\Microchip\TCPIP Stack\UART.c
              CloseUSART2   0x013460    program     extern C:\firmware\70M_L_upconverter_SXY\70M_1223\work\Microchip\TCPIP Stack\UART.c
                    D10_1   0x0139f4    program     static C:\Program Files\mcc18\src\traditional\delays\d10tcyx.asm
                     D10x   0x0139ec    program     static C:\Program Files\mcc18\src\traditional\delays\d10tcyx.asm
                   D1616S   0x00ffb0    program     static C:\Program Files\mcc18\src\traditional\math\fxd1616s.asm
                D1616SNEG   0x00ffbe    program     static C:\Program Files\mcc18\src\traditional\math\fxd1616s.asm
                 D1616SOK   0x00ffba    program     static C:\Program Files\mcc18\src\traditional\math\fxd1616s.asm
                  D1616SX   0x00ffd0    program     static C:\Program Files\mcc18\src\traditional\math\fxd1616s.asm
                    D1K_1   0x01397a    program     static C:\Program Files\mcc18\src\traditional\delays\d1ktcyx.asm
                     D1Kx   0x013978    program     static C:\Program Files\mcc18\src\traditional\delays\d1ktcyx.asm
                  DA1616S   0x00ffa0    program     static C:\Program Files\mcc18\src\traditional\math\fxd1616s.asm
          DRI__vConfigSPI   0x01246c    program     static C:\firmware\70M_L_upconverter_SXY\70M_1223\work\Main\Main.c
    DRI__vEnableGlobalInt   0x012462    program     static C:\firmware\70M_L_upconverter_SXY\70M_1223\work\Main\Main.c
        DRI__vHitWatchDog   0x01245e    program     static C:\firmware\70M_L_upconverter_SXY\70M_1223\work\Main\Main.c
            DRI_vLCDClear   0x012340    program     extern C:\firmware\70M_L_upconverter_SXY\70M_1223\work\Singcom\Drivers\oled_c1.c
          DRI_vLCDDisplay   0x012352    program     extern C:\firmware\70M_L_upconverter_SXY\70M_1223\work\Singcom\Drivers\oled_c1.c
        DRI_vLCDEntryMode   0x01234c    program     extern C:\firmware\70M_L_upconverter_SXY\70M_1223\work\Singcom\Drivers\oled_c1.c
       DRI_vLCDReturnhome   0x012346    program     extern C:\firmware\70M_L_upconverter_SXY\70M_1223\work\Singcom\Drivers\oled_c1.c
          DRI_vPrintCGRAM   0x0122ca    program     extern C:\firmware\70M_L_upconverter_SXY\70M_1223\work\Singcom\Drivers\oled_c1.c
             DataRdyUSART   0x013414    program     extern C:\firmware\70M_L_upconverter_SXY\70M_1223\work\Microchip\TCPIP Stack\UART.c
            DataRdyUSART2   0x01346c    program     extern C:\firmware\70M_L_upconverter_SXY\70M_1223\work\Microchip\TCPIP Stack\UART.c
              Delay10TCYx   0x0139e4    program     extern C:\Program Files\mcc18\src\traditional\delays\d10tcyx.asm
              Delay1KTCYx   0x01396e    program     extern C:\Program Files\mcc18\src\traditional\delays\d1ktcyx.asm
                  DelayMS   0x009eee    program     extern C:\firmware\70M_L_upconverter_SXY\70M_1223\work\SysLib\util.c
       DisplayCompanyMenu   0x00746a    program     extern C:\firmware\70M_L_upconverter_SXY\70M_1223\work\Singcom\Drivers\lcd.c
           DisplayIPValue   0x00a154    program     extern C:\firmware\70M_L_upconverter_SXY\70M_1223\work\SysLib\util.c
                  DoWrite   0x011d16    program     static C:\firmware\70M_L_upconverter_SXY\70M_1223\work\Microchip\TCPIP Stack\SPIEEPROM.c
         DownCvt_vSendI2C   0x0139fa    program     extern C:\firmware\70M_L_upconverter_SXY\70M_1223\work\Singcom\Devices\DownConverter_c1.c
                 FLO0832S   0x00fc98    program     extern C:\Program Files\mcc18\src\traditional\math\cast08FP.asm
                 FLO0832U   0x00fc94    program     extern C:\Program Files\mcc18\src\traditional\math\cast08FP.asm
                 FLO1632S   0x00fcba    program     extern C:\Program Files\mcc18\src\traditional\math\cast16FP.asm
                 FLO1632U   0x00fcb6    program     extern C:\Program Files\mcc18\src\traditional\math\cast16FP.asm
                    FPA32   0x00fce2    program     extern C:\Program Files\mcc18\src\traditional\math\addFP.asm
                    FPD32   0x00fe0e    program     extern C:\Program Files\mcc18\src\traditional\math\divFP.asm
                    FPM32   0x00feb4    program     extern C:\Program Files\mcc18\src\traditional\math\mulFP.asm
                    FPS32   0x00fce0    program     extern C:\Program Files\mcc18\src\traditional\math\addFP.asm
                 FXD0808U   0x0139c8    program     extern C:\Program Files\mcc18\src\traditional\math\fxd0808u.c
                 FXD1616S   0x00ff8e    program     extern C:\Program Files\mcc18\src\traditional\math\fxd1616s.asm
                 FXD1616U   0x0138da    program     extern C:\Program Files\mcc18\src\traditional\math\fxd1616u.c
                 FXD3232U   0x013892    program     extern C:\Program Files\mcc18\src\traditional\math\fxd3232u.c
                 FXM1616S   0x00ffda    program     extern C:\Program Files\mcc18\src\traditional\math\fxm1616s.asm
                 FXM1616U   0x010034    program     extern C:\Program Files\mcc18\src\traditional\math\fxm1616u.asm
                 FXM2424U   0x010070    program     extern C:\Program Files\mcc18\src\traditional\math\fxm2424u.asm
                  FXM3232   0x0137b4    program     extern C:\Program Files\mcc18\src\traditional\math\fxm3232.c
       FindMatchingSocket   0x001c0a    program     static C:\firmware\70M_L_upconverter_SXY\70M_1223\work\Microchip\TCPIP Stack\TCP.c
        FormatNetBIOSName   0x00cf9c    program     extern C:\firmware\70M_L_upconverter_SXY\70M_1223\work\Microchip\TCPIP Stack\Helpers.c
      GenerateRandomDWORD   0x00c4e4    program     extern C:\firmware\70M_L_upconverter_SXY\70M_1223\work\Microchip\TCPIP Stack\Helpers.c
   GetCurrentFromHexValue   0x012bc0    program     extern C:\firmware\70M_L_upconverter_SXY\70M_1223\work\Drivers\External-Peripherals\devadc.c
           GetDWORDString   0x00b80e    program     extern C:\firmware\70M_L_upconverter_SXY\70M_1223\work\App\WebUI\HTTPPrint.c
                GetOneADC   0x0128e0    program     extern C:\firmware\70M_L_upconverter_SXY\70M_1223\work\Drivers\MCU-Internal\internalADC.c
             GetOneCHADC0   0x012b1a    program     extern C:\firmware\70M_L_upconverter_SXY\70M_1223\work\Drivers\External-Peripherals\devadc.c
       GetOneCHADC012Bits   0x012b50    program     extern C:\firmware\70M_L_upconverter_SXY\70M_1223\work\Drivers\External-Peripherals\devadc.c
             GetOneCHADC1   0x012b6e    program     extern C:\firmware\70M_L_upconverter_SXY\70M_1223\work\Drivers\External-Peripherals\devadc.c
       GetOneCHADC112Bits   0x012ba4    program     extern C:\firmware\70M_L_upconverter_SXY\70M_1223\work\Drivers\External-Peripherals\devadc.c
                 GetPower   0x00b726    program     extern C:\firmware\70M_L_upconverter_SXY\70M_1223\work\App\WebUI\HTTPPrint.c
              GetTickCopy   0x0132ea    program     static C:\firmware\70M_L_upconverter_SXY\70M_1223\work\Microchip\TCPIP Stack\Tick.c
            GetWORDString   0x00b780    program     extern C:\firmware\70M_L_upconverter_SXY\70M_1223\work\App\WebUI\HTTPPrint.c
                HEXto2ASC   0x009ea6    program     extern C:\firmware\70M_L_upconverter_SXY\70M_1223\work\SysLib\util.c
            HTTPCheckAuth   0x00f5f4    program     extern C:\firmware\70M_L_upconverter_SXY\70M_1223\work\App\WebUI\HTTPApp.c
   HTTPExe_get_deviceinfo   0x008a6e    program     extern C:\firmware\70M_L_upconverter_SXY\70M_1223\work\App\WebUI\HTTPGetDevInfo.c
           HTTPExecuteGet   0x00f63c    program     extern C:\firmware\70M_L_upconverter_SXY\70M_1223\work\App\WebUI\HTTPApp.c
          HTTPExecutePost   0x00f640    program     extern C:\firmware\70M_L_upconverter_SXY\70M_1223\work\App\WebUI\HTTPApp.c
               HTTPGetArg   0x0054ca    program     extern C:\firmware\70M_L_upconverter_SXY\70M_1223\work\Microchip\TCPIP Stack\HTTP2.c
            HTTPGetROMArg   0x005510    program     extern C:\firmware\70M_L_upconverter_SXY\70M_1223\work\Microchip\TCPIP Stack\HTTP2.c
  HTTPGet__boDeviceConfig   0x008a44    program     static C:\firmware\70M_L_upconverter_SXY\70M_1223\work\App\WebUI\HTTPGetDevInfo.c
    HTTPGet__boInfoConfig   0x007cd8    program     static C:\firmware\70M_L_upconverter_SXY\70M_1223\work\App\WebUI\HTTPGetDevInfo.c
 HTTPGet__boNetworkConfig   0x007d1e    program     static C:\firmware\70M_L_upconverter_SXY\70M_1223\work\App\WebUI\HTTPGetDevInfo.c
      HTTPGet__boSetOnOff   0x007dac    program     static C:\firmware\70M_L_upconverter_SXY\70M_1223\work\App\WebUI\HTTPGetDevInfo.c
   HTTPGet__u8ClearBUCIAm   0x0089e0    program     static C:\firmware\70M_L_upconverter_SXY\70M_1223\work\App\WebUI\HTTPGetDevInfo.c
   HTTPGet__u8ClearLNBIAm   0x008a12    program     static C:\firmware\70M_L_upconverter_SXY\70M_1223\work\App\WebUI\HTTPGetDevInfo.c
     HTTPGet__u8SetBUCREF   0x008918    program     static C:\firmware\70M_L_upconverter_SXY\70M_1223\work\App\WebUI\HTTPGetDevInfo.c
 HTTPGet__u8SetDownCvtALC   0x00864c    program     static C:\firmware\70M_L_upconverter_SXY\70M_1223\work\App\WebUI\HTTPGetDevInfo.c
HTTPGet__u8SetDownCvtAttn   0x00810e    program     static C:\firmware\70M_L_upconverter_SXY\70M_1223\work\App\WebUI\HTTPGetDevInfo.c
HTTPGet__u8SetDownCvtMute   0x0087a0    program     static C:\firmware\70M_L_upconverter_SXY\70M_1223\work\App\WebUI\HTTPGetDevInfo.c
HTTPGet__u8SetDownCvtPower   0x0083d6    program     static C:\firmware\70M_L_upconverter_SXY\70M_1223\work\App\WebUI\HTTPGetDevInfo.c
HTTPGet__u8SetDownCvtRFFreq   0x007f06    program     static C:\firmware\70M_L_upconverter_SXY\70M_1223\work\App\WebUI\HTTPGetDevInfo.c
HTTPGet__u8SetDownCvtSetPower   0x0084a8    program     static C:\firmware\70M_L_upconverter_SXY\70M_1223\work\App\WebUI\HTTPGetDevInfo.c
     HTTPGet__u8SetLNBREF   0x00897e    program     static C:\firmware\70M_L_upconverter_SXY\70M_1223\work\App\WebUI\HTTPGetDevInfo.c
   HTTPGet__u8SetUpCvtALC   0x0085b0    program     static C:\firmware\70M_L_upconverter_SXY\70M_1223\work\App\WebUI\HTTPGetDevInfo.c
  HTTPGet__u8SetUpCvtAttn   0x00801c    program     static C:\firmware\70M_L_upconverter_SXY\70M_1223\work\App\WebUI\HTTPGetDevInfo.c
  HTTPGet__u8SetUpCvtMute   0x0086ee    program     static C:\firmware\70M_L_upconverter_SXY\70M_1223\work\App\WebUI\HTTPGetDevInfo.c
 HTTPGet__u8SetUpCvtPower   0x008204    program     static C:\firmware\70M_L_upconverter_SXY\70M_1223\work\App\WebUI\HTTPGetDevInfo.c
HTTPGet__u8SetUpCvtRFFreq   0x007df4    program     static C:\firmware\70M_L_upconverter_SXY\70M_1223\work\App\WebUI\HTTPGetDevInfo.c
HTTPGet__u8SetUpCvtSetPower   0x0082d2    program     static C:\firmware\70M_L_upconverter_SXY\70M_1223\work\App\WebUI\HTTPGetDevInfo.c
   HTTPGet__u8SetVOL18VDC   0x00884a    program     static C:\firmware\70M_L_upconverter_SXY\70M_1223\work\App\WebUI\HTTPGetDevInfo.c
   HTTPGet__u8SetVOL24VDC   0x0088b2    program     static C:\firmware\70M_L_upconverter_SXY\70M_1223\work\App\WebUI\HTTPGetDevInfo.c
HTTPHeaderParseAuthorization   0x0051dc    program     static C:\firmware\70M_L_upconverter_SXY\70M_1223\work\Microchip\TCPIP Stack\HTTP2.c
HTTPHeaderParseContentLength   0x005308    program     static C:\firmware\70M_L_upconverter_SXY\70M_1223\work\Microchip\TCPIP Stack\HTTP2.c
    HTTPHeaderParseLookup   0x0051c0    program     static C:\firmware\70M_L_upconverter_SXY\70M_1223\work\Microchip\TCPIP Stack\HTTP2.c
              HTTPIncFile   0x0059ce    program     extern C:\firmware\70M_L_upconverter_SXY\70M_1223\work\Microchip\TCPIP Stack\HTTP2.c
                 HTTPInit   0x0045aa    program     extern C:\firmware\70M_L_upconverter_SXY\70M_1223\work\Microchip\TCPIP Stack\HTTP2.c
             HTTPLoadConn   0x00468e    program     static C:\firmware\70M_L_upconverter_SXY\70M_1223\work\Microchip\TCPIP Stack\HTTP2.c
           HTTPMPFSUpload   0x00579e    program     static C:\firmware\70M_L_upconverter_SXY\70M_1223\work\Microchip\TCPIP Stack\HTTP2.c
            HTTPNeedsAuth   0x00f5b2    program     extern C:\firmware\70M_L_upconverter_SXY\70M_1223\work\App\WebUI\HTTPApp.c
           HTTPPostConfig   0x00f756    program     static C:\firmware\70M_L_upconverter_SXY\70M_1223\work\App\WebUI\HTTPApp.c
              HTTPPostlut   0x00f6be    program     static C:\firmware\70M_L_upconverter_SXY\70M_1223\work\App\WebUI\HTTPApp.c
                HTTPPrint   0x003e16    program     extern C:\firmware\70M_L_upconverter_SXY\70M_1223\work\Microchip\Include\TCPIP Stack\HTTPPrint.h
              HTTPPrintIP   0x00b646    program     extern C:\firmware\70M_L_upconverter_SXY\70M_1223\work\App\WebUI\HTTPPrint.c
               HTTPPrint_   0x004598    program     extern C:\firmware\70M_L_upconverter_SXY\70M_1223\work\Microchip\Include\TCPIP Stack\HTTPPrint.h
        HTTPPrint_18Vctrl   0x00bc0c    program     extern C:\firmware\70M_L_upconverter_SXY\70M_1223\work\App\WebUI\HTTPPrint.c
        HTTPPrint_24Vctrl   0x00bbfe    program     extern C:\firmware\70M_L_upconverter_SXY\70M_1223\work\App\WebUI\HTTPPrint.c
           HTTPPrint_ALCa   0x00bb4c    program     extern C:\firmware\70M_L_upconverter_SXY\70M_1223\work\App\WebUI\HTTPPrint.c
   HTTPPrint_ALCaSelected   0x00bc40    program     extern C:\firmware\70M_L_upconverter_SXY\70M_1223\work\App\WebUI\HTTPPrint.c
           HTTPPrint_ALCb   0x00bbd2    program     extern C:\firmware\70M_L_upconverter_SXY\70M_1223\work\App\WebUI\HTTPPrint.c
   HTTPPrint_ALCbSelected   0x00bc70    program     extern C:\firmware\70M_L_upconverter_SXY\70M_1223\work\App\WebUI\HTTPPrint.c
     HTTPPrint_BUCCurrent   0x00bd3a    program     extern C:\firmware\70M_L_upconverter_SXY\70M_1223\work\App\WebUI\HTTPPrint.c
        HTTPPrint_BUCIAlm   0x00bef6    program     extern C:\firmware\70M_L_upconverter_SXY\70M_1223\work\App\WebUI\HTTPPrint.c
         HTTPPrint_BUCREF   0x00bd00    program     extern C:\firmware\70M_L_upconverter_SXY\70M_1223\work\App\WebUI\HTTPPrint.c
 HTTPPrint_BUCREFSelected   0x00bce8    program     extern C:\firmware\70M_L_upconverter_SXY\70M_1223\work\App\WebUI\HTTPPrint.c
   HTTPPrint_ClearBUCIAlm   0x00bf32    program     extern C:\firmware\70M_L_upconverter_SXY\70M_1223\work\App\WebUI\HTTPPrint.c
   HTTPPrint_ClearLNBIAlm   0x00bf38    program     extern C:\firmware\70M_L_upconverter_SXY\70M_1223\work\App\WebUI\HTTPPrint.c
  HTTPPrint_DC18VSelected   0x00bca0    program     extern C:\firmware\70M_L_upconverter_SXY\70M_1223\work\App\WebUI\HTTPPrint.c
  HTTPPrint_DC24VSelected   0x00bcb8    program     extern C:\firmware\70M_L_upconverter_SXY\70M_1223\work\App\WebUI\HTTPPrint.c
    HTTPPrint_DeviceModel   0x00b606    program     extern C:\firmware\70M_L_upconverter_SXY\70M_1223\work\App\WebUI\HTTPPrint.c
   HTTPPrint_DeviceSerial   0x00b612    program     extern C:\firmware\70M_L_upconverter_SXY\70M_1223\work\App\WebUI\HTTPPrint.c
    HTTPPrint_Devicefwver   0x00b706    program     extern C:\firmware\70M_L_upconverter_SXY\70M_1223\work\App\WebUI\HTTPPrint.c
         HTTPPrint_EXTREF   0x00bd1c    program     extern C:\firmware\70M_L_upconverter_SXY\70M_1223\work\App\WebUI\HTTPPrint.c
     HTTPPrint_LNBCurrent   0x00bd64    program     extern C:\firmware\70M_L_upconverter_SXY\70M_1223\work\App\WebUI\HTTPPrint.c
        HTTPPrint_LNBIAlm   0x00bf14    program     extern C:\firmware\70M_L_upconverter_SXY\70M_1223\work\App\WebUI\HTTPPrint.c
         HTTPPrint_LNBREF   0x00bd0e    program     extern C:\firmware\70M_L_upconverter_SXY\70M_1223\work\App\WebUI\HTTPPrint.c
 HTTPPrint_LNBREFSelected   0x00bcd0    program     extern C:\firmware\70M_L_upconverter_SXY\70M_1223\work\App\WebUI\HTTPPrint.c
            HTTPPrint_MIP   0x00b6a2    program     extern C:\firmware\70M_L_upconverter_SXY\70M_1223\work\App\WebUI\HTTPPrint.c
          HTTPPrint_Mutea   0x00bb5a    program     extern C:\firmware\70M_L_upconverter_SXY\70M_1223\work\App\WebUI\HTTPPrint.c
  HTTPPrint_MuteaSelected   0x00bc58    program     extern C:\firmware\70M_L_upconverter_SXY\70M_1223\work\App\WebUI\HTTPPrint.c
          HTTPPrint_Muteb   0x00bbe0    program     extern C:\firmware\70M_L_upconverter_SXY\70M_1223\work\App\WebUI\HTTPPrint.c
  HTTPPrint_MutebSelected   0x00bc88    program     extern C:\firmware\70M_L_upconverter_SXY\70M_1223\work\App\WebUI\HTTPPrint.c
HTTPPrint_config_dhcpchecked   0x00bc1a    program     extern C:\firmware\70M_L_upconverter_SXY\70M_1223\work\App\WebUI\HTTPPrint.c
      HTTPPrint_config_gw   0x00b6f2    program     extern C:\firmware\70M_L_upconverter_SXY\70M_1223\work\App\WebUI\HTTPPrint.c
      HTTPPrint_config_ip   0x00b6d6    program     extern C:\firmware\70M_L_upconverter_SXY\70M_1223\work\App\WebUI\HTTPPrint.c
     HTTPPrint_config_mac   0x00c03a    program     extern C:\firmware\70M_L_upconverter_SXY\70M_1223\work\App\WebUI\HTTPPrint.c
  HTTPPrint_config_subnet   0x00b6de    program     extern C:\firmware\70M_L_upconverter_SXY\70M_1223\work\App\WebUI\HTTPPrint.c
HTTPPrint_converteraalarm   0x00beca    program     extern C:\firmware\70M_L_upconverter_SXY\70M_1223\work\App\WebUI\HTTPPrint.c
HTTPPrint_converteraatten   0x00ba7a    program     extern C:\firmware\70M_L_upconverter_SXY\70M_1223\work\App\WebUI\HTTPPrint.c
   HTTPPrint_converteralo   0x00baec    program     extern C:\firmware\70M_L_upconverter_SXY\70M_1223\work\App\WebUI\HTTPPrint.c
HTTPPrint_converterarffreq   0x00ba0a    program     extern C:\firmware\70M_L_upconverter_SXY\70M_1223\work\App\WebUI\HTTPPrint.c
HTTPPrint_converterbalarm   0x00bee0    program     extern C:\firmware\70M_L_upconverter_SXY\70M_1223\work\App\WebUI\HTTPPrint.c
HTTPPrint_converterbatten   0x00bab2    program     extern C:\firmware\70M_L_upconverter_SXY\70M_1223\work\App\WebUI\HTTPPrint.c
   HTTPPrint_converterblo   0x00bb78    program     extern C:\firmware\70M_L_upconverter_SXY\70M_1223\work\App\WebUI\HTTPPrint.c
HTTPPrint_converterbrffreq   0x00ba42    program     extern C:\firmware\70M_L_upconverter_SXY\70M_1223\work\App\WebUI\HTTPPrint.c
    HTTPPrint_dhcp_status   0x00b61e    program     extern C:\firmware\70M_L_upconverter_SXY\70M_1223\work\App\WebUI\HTTPPrint.c
            HTTPPrint_led   0x00bf3e    program     extern C:\firmware\70M_L_upconverter_SXY\70M_1223\work\App\WebUI\HTTPPrint.c
            HTTPPrint_maf   0x00c006    program     extern C:\firmware\70M_L_upconverter_SXY\70M_1223\work\App\WebUI\HTTPPrint.c
            HTTPPrint_mas   0x00c020    program     extern C:\firmware\70M_L_upconverter_SXY\70M_1223\work\App\WebUI\HTTPPrint.c
            HTTPPrint_ned   0x00bfa2    program     extern C:\firmware\70M_L_upconverter_SXY\70M_1223\work\App\WebUI\HTTPPrint.c
   HTTPPrint_outputpowera   0x00bb0c    program     extern C:\firmware\70M_L_upconverter_SXY\70M_1223\work\App\WebUI\HTTPPrint.c
   HTTPPrint_outputpowerb   0x00bb96    program     extern C:\firmware\70M_L_upconverter_SXY\70M_1223\work\App\WebUI\HTTPPrint.c
      HTTPPrint_rdi2cdata   0x00bd8e    program     extern C:\firmware\70M_L_upconverter_SXY\70M_1223\work\App\WebUI\HTTPPrint.c
      HTTPPrint_read_comm   0x00c096    program     extern C:\firmware\70M_L_upconverter_SXY\70M_1223\work\App\WebUI\HTTPPrint.c
        HTTPPrint_setpass   0x00be2e    program     extern C:\firmware\70M_L_upconverter_SXY\70M_1223\work\App\WebUI\HTTPPrint.c
   HTTPPrint_setpasscolor   0x00bdee    program     extern C:\firmware\70M_L_upconverter_SXY\70M_1223\work\App\WebUI\HTTPPrint.c
      HTTPPrint_setpowera   0x00bb2c    program     extern C:\firmware\70M_L_upconverter_SXY\70M_1223\work\App\WebUI\HTTPPrint.c
      HTTPPrint_setpowerb   0x00bbb4    program     extern C:\firmware\70M_L_upconverter_SXY\70M_1223\work\App\WebUI\HTTPPrint.c
      HTTPPrint_static_ip   0x00b6b6    program     extern C:\firmware\70M_L_upconverter_SXY\70M_1223\work\App\WebUI\HTTPPrint.c
         HTTPPrint_swmode   0x00baea    program     extern C:\firmware\70M_L_upconverter_SXY\70M_1223\work\App\WebUI\HTTPPrint.c
      HTTPPrint_wri2cdata   0x00bdbe    program     extern C:\firmware\70M_L_upconverter_SXY\70M_1223\work\App\WebUI\HTTPPrint.c
     HTTPPrint_write_comm   0x00c09a    program     extern C:\firmware\70M_L_upconverter_SXY\70M_1223\work\App\WebUI\HTTPPrint.c
              HTTPProcess   0x0046d6    program     static C:\firmware\70M_L_upconverter_SXY\70M_1223\work\Microchip\TCPIP Stack\HTTP2.c
         HTTPReadPostName   0x005572    program     extern C:\firmware\70M_L_upconverter_SXY\70M_1223\work\Microchip\TCPIP Stack\HTTP2.c
        HTTPReadPostValue   0x0055a2    program     extern C:\firmware\70M_L_upconverter_SXY\70M_1223\work\Microchip\TCPIP Stack\HTTP2.c
               HTTPReadTo   0x005612    program     static C:\firmware\70M_L_upconverter_SXY\70M_1223\work\Microchip\TCPIP Stack\HTTP2.c
       HTTPRequestHeaders   0x0137ab    program     static C:\firmware\70M_L_upconverter_SXY\70M_1223\work\Microchip\TCPIP Stack\HTTP2.c
      HTTPResponseHeaders   0x013781    program     static C:\firmware\70M_L_upconverter_SXY\70M_1223\work\Microchip\TCPIP Stack\HTTP2.c
             HTTPSendFile   0x005048    program     static C:\firmware\70M_L_upconverter_SXY\70M_1223\work\Microchip\TCPIP Stack\HTTP2.c
               HTTPServer   0x00460c    program     extern C:\firmware\70M_L_upconverter_SXY\70M_1223\work\Microchip\TCPIP Stack\HTTP2.c
            HTTPURLDecode   0x005390    program     extern C:\firmware\70M_L_upconverter_SXY\70M_1223\work\Microchip\TCPIP Stack\HTTP2.c
                HTTP_CRLF   0x013736    program     static C:\firmware\70M_L_upconverter_SXY\70M_1223\work\Microchip\TCPIP Stack\HTTP2.c
   HTTP_vClearWebPassword   0x0124f0    program     static C:\firmware\70M_L_upconverter_SXY\70M_1223\work\Main\Main.c
             HandleTCPSeg   0x001fa2    program     static C:\firmware\70M_L_upconverter_SXY\70M_1223\work\Microchip\TCPIP Stack\TCP.c
                  Hex2Int   0x009f1e    program     extern C:\firmware\70M_L_upconverter_SXY\70M_1223\work\SysLib\util.c
                  HighISR   0x012de2    program     extern C:\firmware\70M_L_upconverter_SXY\70M_1223\work\Drivers\MCU-Internal\ISR.c
               HighVector   0x000008    program     extern C:\firmware\70M_L_upconverter_SXY\70M_1223\work\Drivers\MCU-Internal\ISR.c
                 I2C_Read   0x011eb0    program     extern C:\firmware\70M_L_upconverter_SXY\70M_1223\work\Singcom\Drivers\i2c_c1.c
                 I2C_Send   0x011e84    program     extern C:\firmware\70M_L_upconverter_SXY\70M_1223\work\Singcom\Drivers\i2c_c1.c
              ICMPProcess   0x013190    program     extern C:\firmware\70M_L_upconverter_SXY\70M_1223\work\Microchip\TCPIP Stack\ICMP.c
                  INT3216   0x010102    program     extern C:\Program Files\mcc18\src\traditional\math\castFP16.asm
              IPGetHeader   0x01185c    program     extern C:\firmware\70M_L_upconverter_SXY\70M_1223\work\Microchip\TCPIP Stack\IP.c
              IPPutHeader   0x011998    program     extern C:\firmware\70M_L_upconverter_SXY\70M_1223\work\Microchip\TCPIP Stack\IP.c
            IPSetRxBuffer   0x011a9e    program     extern C:\firmware\70M_L_upconverter_SXY\70M_1223\work\Microchip\TCPIP Stack\IP.c
            InitAppConfig   0x01161a    program     extern C:\firmware\70M_L_upconverter_SXY\70M_1223\work\Bootstrap\Initialization.c
                 InitData   0x0114da    program     extern C:\firmware\70M_L_upconverter_SXY\70M_1223\work\Bootstrap\Initialization.c
              Initial_LCD   0x007454    program     extern C:\firmware\70M_L_upconverter_SXY\70M_1223\work\Singcom\Drivers\lcd.c
          InitializeBoard   0x0115d2    program     extern C:\firmware\70M_L_upconverter_SXY\70M_1223\work\Bootstrap\Initialization.c
                  Int2Hex   0x009f58    program     extern C:\firmware\70M_L_upconverter_SXY\70M_1223\work\SysLib\util.c
            KeyProcessing   0x006250    program     extern C:\firmware\70M_L_upconverter_SXY\70M_1223\work\Singcom\Drivers\lcd.c
       LCDDisplayLoadData   0x007018    program     extern C:\firmware\70M_L_upconverter_SXY\70M_1223\work\Singcom\Drivers\lcd.c
          LCDMenuInScreen   0x0067ee    program     extern C:\firmware\70M_L_upconverter_SXY\70M_1223\work\Singcom\Drivers\lcd.c
        LCDMenuValue2Char   0x0073d0    program     extern C:\firmware\70M_L_upconverter_SXY\70M_1223\work\Singcom\Drivers\lcd.c
           LCDWriteString   0x012292    program     extern C:\firmware\70M_L_upconverter_SXY\70M_1223\work\Singcom\Drivers\oled_c1.c
     LCD_vEnableInterrupt   0x0074c2    program     extern C:\firmware\70M_L_upconverter_SXY\70M_1223\work\Singcom\Drivers\lcd.c
               LCD_vSetIO   0x00743c    program     extern C:\firmware\70M_L_upconverter_SXY\70M_1223\work\Singcom\Drivers\lcd.c
            LCD_vSetKepad   0x00742a    program     extern C:\firmware\70M_L_upconverter_SXY\70M_1223\work\Singcom\Drivers\lcd.c
                   LowISR   0x012cf8    program     extern C:\firmware\70M_L_upconverter_SXY\70M_1223\work\Drivers\MCU-Internal\ISR.c
                LowVector   0x000018    program     extern C:\firmware\70M_L_upconverter_SXY\70M_1223\work\Drivers\MCU-Internal\ISR.c
        MACCalcRxChecksum   0x00e372    program     extern C:\firmware\70M_L_upconverter_SXY\70M_1223\work\Microchip\TCPIP Stack\ETH97J60.c
             MACDiscardRx   0x00dfd0    program     extern C:\firmware\70M_L_upconverter_SXY\70M_1223\work\Microchip\TCPIP Stack\ETH97J60.c
                 MACFlush   0x00e306    program     extern C:\firmware\70M_L_upconverter_SXY\70M_1223\work\Microchip\TCPIP Stack\ETH97J60.c
                   MACGet   0x00e688    program     extern C:\firmware\70M_L_upconverter_SXY\70M_1223\work\Microchip\TCPIP Stack\ETH97J60.c
              MACGetArray   0x00e68c    program     extern C:\firmware\70M_L_upconverter_SXY\70M_1223\work\Microchip\TCPIP Stack\ETH97J60.c
         MACGetFreeRxSize   0x00e030    program     extern C:\firmware\70M_L_upconverter_SXY\70M_1223\work\Microchip\TCPIP Stack\ETH97J60.c
             MACGetHeader   0x00e0f8    program     extern C:\firmware\70M_L_upconverter_SXY\70M_1223\work\Microchip\TCPIP Stack\ETH97J60.c
                  MACInit   0x00de7e    program     extern C:\firmware\70M_L_upconverter_SXY\70M_1223\work\Microchip\TCPIP Stack\ETH97J60.c
              MACIsLinked   0x00df94    program     extern C:\firmware\70M_L_upconverter_SXY\70M_1223\work\Microchip\TCPIP Stack\ETH97J60.c
         MACIsMemCopyDone   0x00e67c    program     extern C:\firmware\70M_L_upconverter_SXY\70M_1223\work\Microchip\TCPIP Stack\ETH97J60.c
             MACIsTxReady   0x00dfa8    program     extern C:\firmware\70M_L_upconverter_SXY\70M_1223\work\Microchip\TCPIP Stack\ETH97J60.c
          MACMemCopyAsync   0x00e52e    program     extern C:\firmware\70M_L_upconverter_SXY\70M_1223\work\Microchip\TCPIP Stack\ETH97J60.c
             MACPowerDown   0x00e86c    program     extern C:\firmware\70M_L_upconverter_SXY\70M_1223\work\Microchip\TCPIP Stack\ETH97J60.c
               MACPowerUp   0x00e87e    program     extern C:\firmware\70M_L_upconverter_SXY\70M_1223\work\Microchip\TCPIP Stack\ETH97J60.c
                   MACPut   0x00e6e6    program     extern C:\firmware\70M_L_upconverter_SXY\70M_1223\work\Microchip\TCPIP Stack\ETH97J60.c
              MACPutArray   0x00e70c    program     extern C:\firmware\70M_L_upconverter_SXY\70M_1223\work\Microchip\TCPIP Stack\ETH97J60.c
             MACPutHeader   0x00e2a2    program     extern C:\firmware\70M_L_upconverter_SXY\70M_1223\work\Microchip\TCPIP Stack\ETH97J60.c
           MACPutROMArray   0x00e75c    program     extern C:\firmware\70M_L_upconverter_SXY\70M_1223\work\Microchip\TCPIP Stack\ETH97J60.c
            MACSetReadPtr   0x00e35a    program     extern C:\firmware\70M_L_upconverter_SXY\70M_1223\work\Microchip\TCPIP Stack\ETH97J60.c
        MACSetReadPtrInRx   0x00e32e    program     extern C:\firmware\70M_L_upconverter_SXY\70M_1223\work\Microchip\TCPIP Stack\ETH97J60.c
           MACSetWritePtr   0x00e346    program     extern C:\firmware\70M_L_upconverter_SXY\70M_1223\work\Microchip\TCPIP Stack\ETH97J60.c
                MPFSClose   0x00aa3a    program     extern C:\firmware\70M_L_upconverter_SXY\70M_1223\work\Microchip\TCPIP Stack\MPFS2.c
               MPFSFormat   0x00ace6    program     extern C:\firmware\70M_L_upconverter_SXY\70M_1223\work\Microchip\TCPIP Stack\MPFS2.c
                  MPFSGet   0x00aa52    program     extern C:\firmware\70M_L_upconverter_SXY\70M_1223\work\Microchip\TCPIP Stack\MPFS2.c
             MPFSGetArray   0x00aaf8    program     extern C:\firmware\70M_L_upconverter_SXY\70M_1223\work\Microchip\TCPIP Stack\MPFS2.c
          MPFSGetBytesRem   0x00af58    program     extern C:\firmware\70M_L_upconverter_SXY\70M_1223\work\Microchip\TCPIP Stack\MPFS2.c
           MPFSGetEndAddr   0x00afbe    program     extern C:\firmware\70M_L_upconverter_SXY\70M_1223\work\Microchip\TCPIP Stack\MPFS2.c
          MPFSGetFilename   0x00b00c    program     extern C:\firmware\70M_L_upconverter_SXY\70M_1223\work\Microchip\TCPIP Stack\MPFS2.c
             MPFSGetFlags   0x00aefa    program     extern C:\firmware\70M_L_upconverter_SXY\70M_1223\work\Microchip\TCPIP Stack\MPFS2.c
                MPFSGetID   0x00b0c4    program     extern C:\firmware\70M_L_upconverter_SXY\70M_1223\work\Microchip\TCPIP Stack\MPFS2.c
              MPFSGetLong   0x00ab88    program     extern C:\firmware\70M_L_upconverter_SXY\70M_1223\work\Microchip\TCPIP Stack\MPFS2.c
         MPFSGetMicrotime   0x00aec8    program     extern C:\firmware\70M_L_upconverter_SXY\70M_1223\work\Microchip\TCPIP Stack\MPFS2.c
          MPFSGetPosition   0x00b092    program     extern C:\firmware\70M_L_upconverter_SXY\70M_1223\work\Microchip\TCPIP Stack\MPFS2.c
              MPFSGetSize   0x00af26    program     extern C:\firmware\70M_L_upconverter_SXY\70M_1223\work\Microchip\TCPIP Stack\MPFS2.c
         MPFSGetStartAddr   0x00af82    program     extern C:\firmware\70M_L_upconverter_SXY\70M_1223\work\Microchip\TCPIP Stack\MPFS2.c
         MPFSGetTimestamp   0x00ae96    program     extern C:\firmware\70M_L_upconverter_SXY\70M_1223\work\Microchip\TCPIP Stack\MPFS2.c
                 MPFSInit   0x00a6f4    program     extern C:\firmware\70M_L_upconverter_SXY\70M_1223\work\Microchip\TCPIP Stack\MPFS2.c
                 MPFSOpen   0x00a72a    program     extern C:\firmware\70M_L_upconverter_SXY\70M_1223\work\Microchip\TCPIP Stack\MPFS2.c
               MPFSOpenID   0x00a9bc    program     extern C:\firmware\70M_L_upconverter_SXY\70M_1223\work\Microchip\TCPIP Stack\MPFS2.c
              MPFSOpenROM   0x00a878    program     extern C:\firmware\70M_L_upconverter_SXY\70M_1223\work\Microchip\TCPIP Stack\MPFS2.c
             MPFSPutArray   0x00ad68    program     extern C:\firmware\70M_L_upconverter_SXY\70M_1223\work\Microchip\TCPIP Stack\MPFS2.c
               MPFSPutEnd   0x00adee    program     extern C:\firmware\70M_L_upconverter_SXY\70M_1223\work\Microchip\TCPIP Stack\MPFS2.c
                 MPFSSeek   0x00abc8    program     extern C:\firmware\70M_L_upconverter_SXY\70M_1223\work\Microchip\TCPIP Stack\MPFS2.c
            Main_vLEDInit   0x0113ca    program     extern C:\firmware\70M_L_upconverter_SXY\70M_1223\work\Singcom\Devices\MainControl_c1.c
              Main_vLEDLO   0x01138e    program     extern C:\firmware\70M_L_upconverter_SXY\70M_1223\work\Singcom\Devices\MainControl_c1.c
              Main_vLEDRX   0x0113b6    program     extern C:\firmware\70M_L_upconverter_SXY\70M_1223\work\Singcom\Devices\MainControl_c1.c
              Main_vLEDTX   0x0113a2    program     extern C:\firmware\70M_L_upconverter_SXY\70M_1223\work\Singcom\Devices\MainControl_c1.c
    Main_vPrintDeviceInfo   0x0111f4    program     extern C:\firmware\70M_L_upconverter_SXY\70M_1223\work\Singcom\Devices\MainControl_c1.c
 Main_vPrintDownConverter   0x01114a    program     extern C:\firmware\70M_L_upconverter_SXY\70M_1223\work\Singcom\Devices\MainControl_c1.c
            Main_vPrintIP   0x0112e4    program     extern C:\firmware\70M_L_upconverter_SXY\70M_1223\work\Singcom\Devices\MainControl_c1.c
       Main_vPrintModelNo   0x0112fe    program     extern C:\firmware\70M_L_upconverter_SXY\70M_1223\work\Singcom\Devices\MainControl_c1.c
      Main_vPrintSerialNo   0x01130e    program     extern C:\firmware\70M_L_upconverter_SXY\70M_1223\work\Singcom\Devices\MainControl_c1.c
   Main_vPrintUpConverter   0x0110e4    program     extern C:\firmware\70M_L_upconverter_SXY\70M_1223\work\Singcom\Devices\MainControl_c1.c
       Main_vPrintVolCtrl   0x0111b0    program     extern C:\firmware\70M_L_upconverter_SXY\70M_1223\work\Singcom\Devices\MainControl_c1.c
              Main_vSetIP   0x011328    program     extern C:\firmware\70M_L_upconverter_SXY\70M_1223\work\Singcom\Devices\MainControl_c1.c
              MenuDisplay   0x01026c    program     extern C:\firmware\70M_L_upconverter_SXY\70M_1223\work\Singcom\Drivers\lcd.c
           OLED_vSetKepad   0x01217a    program     extern C:\firmware\70M_L_upconverter_SXY\70M_1223\work\Singcom\Drivers\oled_c1.c
                  OpenADC   0x013824    program     extern C:\MCC18\src\pmc_common\ADC\adcopen.c
          PrintCompanyLCD   0x01237c    program     extern C:\firmware\70M_L_upconverter_SXY\70M_1223\work\Singcom\Drivers\oled_c1.c
                 PrintLCD   0x00693e    program     extern C:\firmware\70M_L_upconverter_SXY\70M_1223\work\Singcom\Drivers\lcd.c
     PrintLCDEditPosition   0x0068b8    program     extern C:\firmware\70M_L_upconverter_SXY\70M_1223\work\Singcom\Drivers\lcd.c
       PrintLCDFromBuffer   0x006f58    program     extern C:\firmware\70M_L_upconverter_SXY\70M_1223\work\Singcom\Drivers\lcd.c
        PrintLCDWholePage   0x006de6    program     extern C:\firmware\70M_L_upconverter_SXY\70M_1223\work\Singcom\Drivers\lcd.c
     ROMStringToIPAddress   0x00c8d6    program     extern C:\firmware\70M_L_upconverter_SXY\70M_1223\work\Microchip\TCPIP Stack\Helpers.c
                 ReadData   0x01222a    program     extern C:\firmware\70M_L_upconverter_SXY\70M_1223\work\Singcom\Drivers\oled_c1.c
               ReadPHYReg   0x00e7be    program     extern C:\firmware\70M_L_upconverter_SXY\70M_1223\work\Microchip\TCPIP Stack\ETH97J60.c
                ReadUSART   0x013426    program     extern C:\firmware\70M_L_upconverter_SXY\70M_1223\work\Microchip\TCPIP Stack\UART.c
               ReadUSART2   0x013450    program     extern C:\firmware\70M_L_upconverter_SXY\70M_1223\work\Microchip\TCPIP Stack\UART.c
            ReadWriteSPI2   0x013644    program     extern C:\firmware\70M_L_upconverter_SXY\70M_1223\work\Drivers\MCU-Internal\devspi.c
                 Read_ADC   0x012716    program     extern C:\firmware\70M_L_upconverter_SXY\70M_1223\work\Drivers\MCU-Internal\internalADC.c
                  SPIInit   0x01362c    program     extern C:\firmware\70M_L_upconverter_SXY\70M_1223\work\Drivers\MCU-Internal\devspi.c
          SYS__u8InitData   0x012546    program     static C:\firmware\70M_L_upconverter_SXY\70M_1223\work\Main\Main.c
      SYS__vLcdKeyPadTask   0x0124c4    program     static C:\firmware\70M_L_upconverter_SXY\70M_1223\work\Main\Main.c
         SYS__vStatusTask   0x01247c    program     static C:\firmware\70M_L_upconverter_SXY\70M_1223\work\Main\Main.c
            SaveAppConfig   0x00a0e2    program     extern C:\firmware\70M_L_upconverter_SXY\70M_1223\work\SysLib\util.c
              SaveSetting   0x00a106    program     extern C:\firmware\70M_L_upconverter_SXY\70M_1223\work\SysLib\util.c
                  SendTCP   0x0016a4    program     static C:\firmware\70M_L_upconverter_SXY\70M_1223\work\Microchip\TCPIP Stack\TCP.c
     SerializedMACAddress   0x013a3e    program     static C:\firmware\70M_L_upconverter_SXY\70M_1223\work\Bootstrap\Initialization.c
          SetDefaultValue   0x0116d2    program     extern C:\firmware\70M_L_upconverter_SXY\70M_1223\work\Bootstrap\Initialization.c
                   SetI2C   0x012012    program     extern C:\firmware\70M_L_upconverter_SXY\70M_1223\work\Singcom\Drivers\i2c_c1.c
        StackApplications   0x012af2    program     extern C:\firmware\70M_L_upconverter_SXY\70M_1223\work\Microchip\TCPIP Stack\StackTsk.c
                StackInit   0x012936    program     extern C:\firmware\70M_L_upconverter_SXY\70M_1223\work\Microchip\TCPIP Stack\StackTsk.c
                StackTask   0x012966    program     extern C:\firmware\70M_L_upconverter_SXY\70M_1223\work\Microchip\TCPIP Stack\StackTsk.c
        StringToIPAddress   0x00c806    program     extern C:\firmware\70M_L_upconverter_SXY\70M_1223\work\Microchip\TCPIP Stack\Helpers.c
            SwapARPPacket   0x010ba6    program     extern C:\firmware\70M_L_upconverter_SXY\70M_1223\work\Microchip\TCPIP Stack\ARP.c
             SwapIPHeader   0x011acc    program     static C:\firmware\70M_L_upconverter_SXY\70M_1223\work\Microchip\TCPIP Stack\IP.c
            SwapTCPHeader   0x001ea8    program     static C:\firmware\70M_L_upconverter_SXY\70M_1223\work\Microchip\TCPIP Stack\TCP.c
                  SyncTCB   0x000132    program     static C:\firmware\70M_L_upconverter_SXY\70M_1223\work\Microchip\TCPIP Stack\TCP.c
              SyncTCBStub   0x0000c8    program     static C:\firmware\70M_L_upconverter_SXY\70M_1223\work\Microchip\TCPIP Stack\TCP.c
        TCPAdjustFIFOSize   0x002a38    program     extern C:\firmware\70M_L_upconverter_SXY\70M_1223\work\Microchip\TCPIP Stack\TCP.c
                 TCPClose   0x00053c    program     extern C:\firmware\70M_L_upconverter_SXY\70M_1223\work\Microchip\TCPIP Stack\TCP.c
               TCPDiscard   0x0008e2    program     extern C:\firmware\70M_L_upconverter_SXY\70M_1223\work\Microchip\TCPIP Stack\TCP.c
            TCPDisconnect   0x0004c0    program     extern C:\firmware\70M_L_upconverter_SXY\70M_1223\work\Microchip\TCPIP Stack\TCP.c
           TCPFindArrayEx   0x000c72    program     extern C:\firmware\70M_L_upconverter_SXY\70M_1223\work\Microchip\TCPIP Stack\TCP.c
                TCPFindEx   0x001140    program     extern C:\firmware\70M_L_upconverter_SXY\70M_1223\work\Microchip\TCPIP Stack\TCP.c
        TCPFindROMArrayEx   0x000ef0    program     extern C:\firmware\70M_L_upconverter_SXY\70M_1223\work\Microchip\TCPIP Stack\TCP.c
                 TCPFlush   0x00058a    program     extern C:\firmware\70M_L_upconverter_SXY\70M_1223\work\Microchip\TCPIP Stack\TCP.c
                   TCPGet   0x00094a    program     extern C:\firmware\70M_L_upconverter_SXY\70M_1223\work\Microchip\TCPIP Stack\TCP.c
              TCPGetArray   0x0009b6    program     extern C:\firmware\70M_L_upconverter_SXY\70M_1223\work\Microchip\TCPIP Stack\TCP.c
         TCPGetRemoteInfo   0x000550    program     extern C:\firmware\70M_L_upconverter_SXY\70M_1223\work\Microchip\TCPIP Stack\TCP.c
         TCPGetRxFIFOFree   0x000aee    program     extern C:\firmware\70M_L_upconverter_SXY\70M_1223\work\Microchip\TCPIP Stack\TCP.c
         TCPGetTxFIFOFull   0x0008ba    program     extern C:\firmware\70M_L_upconverter_SXY\70M_1223\work\Microchip\TCPIP Stack\TCP.c
                  TCPInit   0x0001b0    program     extern C:\firmware\70M_L_upconverter_SXY\70M_1223\work\Microchip\TCPIP Stack\TCP.c
           TCPIsConnected   0x0004aa    program     extern C:\firmware\70M_L_upconverter_SXY\70M_1223\work\Microchip\TCPIP Stack\TCP.c
            TCPIsGetReady   0x000904    program     extern C:\firmware\70M_L_upconverter_SXY\70M_1223\work\Microchip\TCPIP Stack\TCP.c
            TCPIsPutReady   0x0005a6    program     extern C:\firmware\70M_L_upconverter_SXY\70M_1223\work\Microchip\TCPIP Stack\TCP.c
                  TCPOpen   0x000360    program     extern C:\firmware\70M_L_upconverter_SXY\70M_1223\work\Microchip\TCPIP Stack\TCP.c
                  TCPPeek   0x000c46    program     extern C:\firmware\70M_L_upconverter_SXY\70M_1223\work\Microchip\TCPIP Stack\TCP.c
             TCPPeekArray   0x000b16    program     extern C:\firmware\70M_L_upconverter_SXY\70M_1223\work\Microchip\TCPIP Stack\TCP.c
               TCPProcess   0x00154a    program     extern C:\firmware\70M_L_upconverter_SXY\70M_1223\work\Microchip\TCPIP Stack\TCP.c
                   TCPPut   0x00060c    program     extern C:\firmware\70M_L_upconverter_SXY\70M_1223\work\Microchip\TCPIP Stack\TCP.c
              TCPPutArray   0x00069a    program     extern C:\firmware\70M_L_upconverter_SXY\70M_1223\work\Microchip\TCPIP Stack\TCP.c
           TCPPutROMArray   0x00073e    program     extern C:\firmware\70M_L_upconverter_SXY\70M_1223\work\Microchip\TCPIP Stack\TCP.c
          TCPPutROMString   0x000850    program     extern C:\firmware\70M_L_upconverter_SXY\70M_1223\work\Microchip\TCPIP Stack\TCP.c
             TCPPutString   0x0007f0    program     extern C:\firmware\70M_L_upconverter_SXY\70M_1223\work\Microchip\TCPIP Stack\TCP.c
               TCPRAMCopy   0x002bf2    program     static C:\firmware\70M_L_upconverter_SXY\70M_1223\work\Microchip\TCPIP Stack\TCP.c
            TCPRAMCopyROM   0x002c80    program     static C:\firmware\70M_L_upconverter_SXY\70M_1223\work\Microchip\TCPIP Stack\TCP.c
     TCPSocketInitializer   0x01392a    program     extern C:\firmware\70M_L_upconverter_SXY\70M_1223\work\Port\TCPIPConfig.h
                  TCPTick   0x001176    program     extern C:\firmware\70M_L_upconverter_SXY\70M_1223\work\Microchip\TCPIP Stack\TCP.c
              TCPWasReset   0x000494    program     extern C:\firmware\70M_L_upconverter_SXY\70M_1223\work\Microchip\TCPIP Stack\TCP.c
               TSIGN1616A   0x010026    program     static C:\Program Files\mcc18\src\traditional\math\fxm1616s.asm
TickConvertToMilliseconds   0x01336c    program     extern C:\firmware\70M_L_upconverter_SXY\70M_1223\work\Microchip\TCPIP Stack\Tick.c
                  TickGet   0x013310    program     extern C:\firmware\70M_L_upconverter_SXY\70M_1223\work\Microchip\TCPIP Stack\Tick.c
            TickGetDiv256   0x013324    program     extern C:\firmware\70M_L_upconverter_SXY\70M_1223\work\Microchip\TCPIP Stack\Tick.c
            TickGetDiv64K   0x013348    program     extern C:\firmware\70M_L_upconverter_SXY\70M_1223\work\Microchip\TCPIP Stack\Tick.c
                 TickInit   0x0132da    program     extern C:\firmware\70M_L_upconverter_SXY\70M_1223\work\Microchip\TCPIP Stack\Tick.c
               TickUpdate   0x0133a2    program     extern C:\firmware\70M_L_upconverter_SXY\70M_1223\work\Microchip\TCPIP Stack\Tick.c
                 UART2ISR   0x01398e    program     extern C:\firmware\70M_L_upconverter_SXY\70M_1223\work\Microchip\TCPIP Stack\UART2TCPBridge.c
          UpCvt_vPrintALC   0x0130dc    program     extern C:\firmware\70M_L_upconverter_SXY\70M_1223\work\Singcom\Devices\UpConverter_c1.c
         UpCvt_vPrintAttn   0x0130c2    program     extern C:\firmware\70M_L_upconverter_SXY\70M_1223\work\Singcom\Devices\UpConverter_c1.c
         UpCvt_vPrintFreq   0x013042    program     extern C:\firmware\70M_L_upconverter_SXY\70M_1223\work\Singcom\Devices\UpConverter_c1.c
           UpCvt_vPrintLo   0x013090    program     extern C:\firmware\70M_L_upconverter_SXY\70M_1223\work\Singcom\Devices\UpConverter_c1.c
         UpCvt_vPrintMute   0x0130f6    program     extern C:\firmware\70M_L_upconverter_SXY\70M_1223\work\Singcom\Devices\UpConverter_c1.c
        UpCvt_vPrintPower   0x01305c    program     extern C:\firmware\70M_L_upconverter_SXY\70M_1223\work\Singcom\Devices\UpConverter_c1.c
        UpCvt_vPrintStPwr   0x013076    program     extern C:\firmware\70M_L_upconverter_SXY\70M_1223\work\Singcom\Devices\UpConverter_c1.c
           UpCvt_vSendI2C   0x013148    program     extern C:\firmware\70M_L_upconverter_SXY\70M_1223\work\Singcom\Devices\UpConverter_c1.c
            UpCvt_vSetALC   0x013160    program     extern C:\firmware\70M_L_upconverter_SXY\70M_1223\work\Singcom\Devices\UpConverter_c1.c
           UpCvt_vSetAttn   0x01315a    program     extern C:\firmware\70M_L_upconverter_SXY\70M_1223\work\Singcom\Devices\UpConverter_c1.c
           UpCvt_vSetFreq   0x013158    program     extern C:\firmware\70M_L_upconverter_SXY\70M_1223\work\Singcom\Devices\UpConverter_c1.c
           UpCvt_vSetMute   0x013162    program     extern C:\firmware\70M_L_upconverter_SXY\70M_1223\work\Singcom\Devices\UpConverter_c1.c
          UpCvt_vSetPower   0x01315c    program     extern C:\firmware\70M_L_upconverter_SXY\70M_1223\work\Singcom\Devices\UpConverter_c1.c
          UpCvt_vSetStPwr   0x01315e    program     extern C:\firmware\70M_L_upconverter_SXY\70M_1223\work\Singcom\Devices\UpConverter_c1.c
               UpdateData   0x0126d0    program     extern C:\firmware\70M_L_upconverter_SXY\70M_1223\work\Main\Main.c
         UpdateDataLEDSys   0x0126e0    program     extern C:\firmware\70M_L_upconverter_SXY\70M_1223\work\Main\Main.c
        UpdateDataMenuSys   0x0126dc    program     extern C:\firmware\70M_L_upconverter_SXY\70M_1223\work\Main\Main.c
      UpdateDataModuleSys   0x0126da    program     extern C:\firmware\70M_L_upconverter_SXY\70M_1223\work\Main\Main.c
        UpdateDataUartSys   0x0126de    program     extern C:\firmware\70M_L_upconverter_SXY\70M_1223\work\Main\Main.c
             UpdateStatus   0x0126e2    program     extern C:\firmware\70M_L_upconverter_SXY\70M_1223\work\Main\Main.c
         Util_u16ByteSwap   0x0096ee    program     extern C:\firmware\70M_L_upconverter_SXY\70M_1223\work\SysLib\util.c
        Util_u16DWORDSwap   0x00977a    program     extern C:\firmware\70M_L_upconverter_SXY\70M_1223\work\SysLib\util.c
      Util_u8Float2String   0x009bb6    program     extern C:\firmware\70M_L_upconverter_SXY\70M_1223\work\SysLib\util.c
      Util_u8String2DWORD   0x009b7c    program     extern C:\firmware\70M_L_upconverter_SXY\70M_1223\work\SysLib\util.c
      Util_u8String2Float   0x009c74    program     extern C:\firmware\70M_L_upconverter_SXY\70M_1223\work\SysLib\util.c
     Util_u8String2NFloat   0x009d48    program     extern C:\firmware\70M_L_upconverter_SXY\70M_1223\work\SysLib\util.c
      Util_u8String2int16   0x009964    program     extern C:\firmware\70M_L_upconverter_SXY\70M_1223\work\SysLib\util.c
Util_u8String2int32_noDotH   0x009a30    program     extern C:\firmware\70M_L_upconverter_SXY\70M_1223\work\SysLib\util.c
Util_u8String2int32_noDotL   0x009ad6    program     extern C:\firmware\70M_L_upconverter_SXY\70M_1223\work\SysLib\util.c
         VOLCTRL_vSendI2C   0x013a0c    program     extern C:\firmware\70M_L_upconverter_SXY\70M_1223\work\Singcom\Devices\DownConverter_c1.c
      Value2DisplayBuffer   0x0074d8    program     extern C:\firmware\70M_L_upconverter_SXY\70M_1223\work\Singcom\Drivers\lcd.c
                WriteData   0x0121f8    program     extern C:\firmware\70M_L_upconverter_SXY\70M_1223\work\Singcom\Drivers\oled_c1.c
                 WriteIns   0x0121ca    program     extern C:\firmware\70M_L_upconverter_SXY\70M_1223\work\Singcom\Drivers\oled_c1.c
              WritePHYReg   0x00e81c    program     extern C:\firmware\70M_L_upconverter_SXY\70M_1223\work\Microchip\TCPIP Stack\ETH97J60.c
              WriteString   0x012262    program     extern C:\firmware\70M_L_upconverter_SXY\70M_1223\work\Singcom\Drivers\oled_c1.c
               WriteUSART   0x01342a    program     extern C:\firmware\70M_L_upconverter_SXY\70M_1223\work\Microchip\TCPIP Stack\UART.c
              WriteUSART2   0x01347e    program     extern C:\firmware\70M_L_upconverter_SXY\70M_1223\work\Microchip\TCPIP Stack\UART.c
             XEEBeginRead   0x011ba0    program     extern C:\firmware\70M_L_upconverter_SXY\70M_1223\work\Microchip\TCPIP Stack\SPIEEPROM.c
            XEEBeginWrite   0x011c98    program     extern C:\firmware\70M_L_upconverter_SXY\70M_1223\work\Microchip\TCPIP Stack\SPIEEPROM.c
               XEEEndRead   0x011c02    program     extern C:\firmware\70M_L_upconverter_SXY\70M_1223\work\Microchip\TCPIP Stack\SPIEEPROM.c
              XEEEndWrite   0x011d0c    program     extern C:\firmware\70M_L_upconverter_SXY\70M_1223\work\Microchip\TCPIP Stack\SPIEEPROM.c
                  XEEInit   0x011b8a    program     extern C:\firmware\70M_L_upconverter_SXY\70M_1223\work\Microchip\TCPIP Stack\SPIEEPROM.c
                XEEIsBusy   0x011dbe    program     extern C:\firmware\70M_L_upconverter_SXY\70M_1223\work\Microchip\TCPIP Stack\SPIEEPROM.c
                  XEERead   0x011bac    program     extern C:\firmware\70M_L_upconverter_SXY\70M_1223\work\Microchip\TCPIP Stack\SPIEEPROM.c
             XEEReadArray   0x011c04    program     extern C:\firmware\70M_L_upconverter_SXY\70M_1223\work\Microchip\TCPIP Stack\SPIEEPROM.c
                 XEEWrite   0x011ca4    program     extern C:\firmware\70M_L_upconverter_SXY\70M_1223\work\Microchip\TCPIP Stack\SPIEEPROM.c
            XEEWriteArray   0x011cd2    program     extern C:\firmware\70M_L_upconverter_SXY\70M_1223\work\Microchip\TCPIP Stack\SPIEEPROM.c
                  _14jEnd   0x012fce    program     static C:\Program Files\mcc18\src\traditional\stdclib\atol.asm
              _2jContinue   0x010dae    program     static C:\Program Files\mcc18\src\traditional\stdclib\memset.asm
              _2jContinue   0x010c90    program     static C:\Program Files\mcc18\src\traditional\stdclib\memchr.asm
                   _2jEnd   0x010f9a    program     static C:\Program Files\mcc18\src\traditional\stdclib\slenpgm.asm
              _3jContinue   0x010cde    program     static C:\Program Files\mcc18\src\traditional\stdclib\mcmpp2r.asm
              _3jContinue   0x010d7a    program     static C:\Program Files\mcc18\src\traditional\stdclib\mcpyp2r.asm
              _3jContinue   0x0110a0    program     static C:\Program Files\mcc18\src\traditional\stdclib\sncpyp2r.asm
                   _3jEnd   0x010db8    program     static C:\Program Files\mcc18\src\traditional\stdclib\memset.asm
                   _3jEnd   0x010c9a    program     static C:\Program Files\mcc18\src\traditional\stdclib\memchr.asm
              _4jContinue   0x011046    program     static C:\Program Files\mcc18\src\traditional\stdclib\strncpy.asm
              _4jContinue   0x010fea    program     static C:\Program Files\mcc18\src\traditional\stdclib\strncat.asm
              _4jContinue   0x010d26    program     static C:\Program Files\mcc18\src\traditional\stdclib\memcpy.asm
                   _4jEnd   0x0110aa    program     static C:\Program Files\mcc18\src\traditional\stdclib\sncpyp2r.asm
                   _4jEnd   0x010d84    program     static C:\Program Files\mcc18\src\traditional\stdclib\mcpyp2r.asm
                   _4jEnd   0x010ce8    program     static C:\Program Files\mcc18\src\traditional\stdclib\mcmpp2r.asm
                   _5jEnd   0x011050    program     static C:\Program Files\mcc18\src\traditional\stdclib\strncpy.asm
                   _5jEnd   0x010ff4    program     static C:\Program Files\mcc18\src\traditional\stdclib\strncat.asm
                   _5jEnd   0x010d30    program     static C:\Program Files\mcc18\src\traditional\stdclib\memcpy.asm
        _D10TCYXCODE_000A   0x0139ee    program     static C:\Program Files\mcc18\src\traditional\delays\d10tcyx.asm
        _D10TCYXCODE_000C   0x0139f0    program     static C:\Program Files\mcc18\src\traditional\delays\d10tcyx.asm
        _D10TCYXCODE_000E   0x0139f2    program     static C:\Program Files\mcc18\src\traditional\delays\d10tcyx.asm
        _D1KTCYXCODE_0010   0x01397e    program     static C:\Program Files\mcc18\src\traditional\delays\d1ktcyx.asm
        _D1KTCYXCODE_0016   0x013984    program     static C:\Program Files\mcc18\src\traditional\delays\d1ktcyx.asm
           _LoadFATRecord   0x00ae0a    program     static C:\firmware\70M_L_upconverter_SXY\70M_1223\work\Microchip\TCPIP Stack\MPFS2.c
                _Validate   0x00b0d6    program     static C:\firmware\70M_L_upconverter_SXY\70M_1223\work\Microchip\TCPIP Stack\MPFS2.c
                 __FpExit   0x01016c    program     extern C:\Program Files\mcc18\src\traditional\math\packFP.asm
                 __FpPack   0x010198    program     extern C:\Program Files\mcc18\src\traditional\math\packFP.asm
            __FpReturnNaN   0x010160    program     extern C:\Program Files\mcc18\src\traditional\math\packFP.asm
         __FpReturnNegInf   0x010172    program     extern C:\Program Files\mcc18\src\traditional\math\packFP.asm
        __FpReturnNegZero   0x01018a    program     extern C:\Program Files\mcc18\src\traditional\math\packFP.asm
         __FpReturnPosInf   0x010178    program     extern C:\Program Files\mcc18\src\traditional\math\packFP.asm
        __FpReturnPosZero   0x010192    program     extern C:\Program Files\mcc18\src\traditional\math\packFP.asm
        __FpReturnSignInf   0x01016e    program     extern C:\Program Files\mcc18\src\traditional\math\packFP.asm
       __FpReturnSignZero   0x010186    program     extern C:\Program Files\mcc18\src\traditional\math\packFP.asm
              __FpReturnW   0x0101f0    program     extern C:\Program Files\mcc18\src\traditional\math\packFP.asm
              __FpUnPackA   0x010210    program     extern C:\Program Files\mcc18\src\traditional\math\UnpackFP.asm
              __FpUnPackB   0x010240    program     extern C:\Program Files\mcc18\src\traditional\math\UnpackFP.asm
           ___do_lbl00002   0x0121b6    program     static                          
           ___do_lbl00002   0x013308    program     static                          
           ___do_lbl00003   0x0121ba    program     static                          
           ___do_lbl00003   0x01330c    program     static                          
           ___do_lbl00004   0x0121a6    program     static                          
           ___do_lbl00004   0x0132ea    program     static                          
         ___else_lbl00114   0x006d1e    program     static                          
         ___else_lbl00116   0x006d96    program     static                          
         ___else_lbl00126   0x006e82    program     static                          
         ___else_lbl00133   0x006ee2    program     static                          
         ___else_lbl00136   0x006f20    program     static                          
          ___for_lbl00107   0x006d18    program     static                          
          ___for_lbl00108   0x006d1c    program     static                          
          ___for_lbl00109   0x006cf4    program     static                          
          ___for_lbl00110   0x006d68    program     static                          
[...]
                    TRISC   0x000f94       data     extern C:\MCC18\src\traditional\proc\p18F97J60.asm
                TRISDbits   0x000f95       data     extern C:\MCC18\src\traditional\proc\p18F97J60.asm
                    TRISD   0x000f95       data     extern C:\MCC18\src\traditional\proc\p18F97J60.asm
                 DDRDbits   0x000f95       data     extern C:\MCC18\src\traditional\proc\p18F97J60.asm
                     DDRD   0x000f95       data     extern C:\MCC18\src\traditional\proc\p18F97J60.asm
                    TRISE   0x000f96       data     extern C:\MCC18\src\traditional\proc\p18F97J60.asm
                TRISEbits   0x000f96       data     extern C:\MCC18\src\traditional\proc\p18F97J60.asm
                 DDREbits   0x000f96       data     extern C:\MCC18\src\traditional\proc\p18F97J60.asm
                     DDRE   0x000f96       data     extern C:\MCC18\src\traditional\proc\p18F97J60.asm
                TRISFbits   0x000f97       data     extern C:\MCC18\src\traditional\proc\p18F97J60.asm
                    TRISF   0x000f97       data     extern C:\MCC18\src\traditional\proc\p18F97J60.asm
                     DDRF   0x000f97       data     extern C:\MCC18\src\traditional\proc\p18F97J60.asm
                 DDRFbits   0x000f97       data     extern C:\MCC18\src\traditional\proc\p18F97J60.asm
                     DDRG   0x000f98       data     extern C:\MCC18\src\traditional\proc\p18F97J60.asm
                 DDRGbits   0x000f98       data     extern C:\MCC18\src\traditional\proc\p18F97J60.asm
                    TRISG   0x000f98       data     extern C:\MCC18\src\traditional\proc\p18F97J60.asm
                TRISGbits   0x000f98       data     extern C:\MCC18\src\traditional\proc\p18F97J60.asm
                     DDRH   0x000f99       data     extern C:\MCC18\src\traditional\proc\p18F97J60.asm
                 DDRHbits   0x000f99       data     extern C:\MCC18\src\traditional\proc\p18F97J60.asm
                    TRISH   0x000f99       data     extern C:\MCC18\src\traditional\proc\p18F97J60.asm
                TRISHbits   0x000f99       data     extern C:\MCC18\src\traditional\proc\p18F97J60.asm
                TRISJbits   0x000f9a       data     extern C:\MCC18\src\traditional\proc\p18F97J60.asm
                    TRISJ   0x000f9a       data     extern C:\MCC18\src\traditional\proc\p18F97J60.asm
                     DDRJ   0x000f9a       data     extern C:\MCC18\src\traditional\proc\p18F97J60.asm
                 DDRJbits   0x000f9a       data     extern C:\MCC18\src\traditional\proc\p18F97J60.asm
              OSCTUNEbits   0x000f9b       data     extern C:\MCC18\src\traditional\proc\p18F97J60.asm
                  OSCTUNE   0x000f9b       data     extern C:\MCC18\src\traditional\proc\p18F97J60.asm
               MEMCONbits   0x000f9c       data     extern C:\MCC18\src\traditional\proc\p18F97J60.asm
                   MEMCON   0x000f9c       data     extern C:\MCC18\src\traditional\proc\p18F97J60.asm
                     PIE1   0x000f9d       data     extern C:\MCC18\src\traditional\proc\p18F97J60.asm
                 PIE1bits   0x000f9d       data     extern C:\MCC18\src\traditional\proc\p18F97J60.asm
                     PIR1   0x000f9e       data     extern C:\MCC18\src\traditional\proc\p18F97J60.asm
                 PIR1bits   0x000f9e       data     extern C:\MCC18\src\traditional\proc\p18F97J60.asm
                     IPR1   0x000f9f       data     extern C:\MCC18\src\traditional\proc\p18F97J60.asm
                 IPR1bits   0x000f9f       data     extern C:\MCC18\src\traditional\proc\p18F97J60.asm
                     PIE2   0x000fa0       data     extern C:\MCC18\src\traditional\proc\p18F97J60.asm
                 PIE2bits   0x000fa0       data     extern C:\MCC18\src\traditional\proc\p18F97J60.asm
                     PIR2   0x000fa1       data     extern C:\MCC18\src\traditional\proc\p18F97J60.asm
                 PIR2bits   0x000fa1       data     extern C:\MCC18\src\traditional\proc\p18F97J60.asm
                     IPR2   0x000fa2       data     extern C:\MCC18\src\traditional\proc\p18F97J60.asm
                 IPR2bits   0x000fa2       data     extern C:\MCC18\src\traditional\proc\p18F97J60.asm
                     PIE3   0x000fa3       data     extern C:\MCC18\src\traditional\proc\p18F97J60.asm
                 PIE3bits   0x000fa3       data     extern C:\MCC18\src\traditional\proc\p18F97J60.asm
                     PIR3   0x000fa4       data     extern C:\MCC18\src\traditional\proc\p18F97J60.asm
                 PIR3bits   0x000fa4       data     extern C:\MCC18\src\traditional\proc\p18F97J60.asm
                     IPR3   0x000fa5       data     extern C:\MCC18\src\traditional\proc\p18F97J60.asm
                 IPR3bits   0x000fa5       data     extern C:\MCC18\src\traditional\proc\p18F97J60.asm
               EECON1bits   0x000fa6       data     extern C:\MCC18\src\traditional\proc\p18F97J60.asm
                   EECON1   0x000fa6       data     extern C:\MCC18\src\traditional\proc\p18F97J60.asm
                   EECON2   0x000fa7       data     extern C:\MCC18\src\traditional\proc\p18F97J60.asm
                    RCSTA   0x000fab       data     extern C:\MCC18\src\traditional\proc\p18F97J60.asm
                   RCSTA1   0x000fab       data     extern C:\MCC18\src\traditional\proc\p18F97J60.asm
               RCSTA1bits   0x000fab       data     extern C:\MCC18\src\traditional\proc\p18F97J60.asm
                RCSTAbits   0x000fab       data     extern C:\MCC18\src\traditional\proc\p18F97J60.asm
                TXSTAbits   0x000fac       data     extern C:\MCC18\src\traditional\proc\p18F97J60.asm
               TXSTA1bits   0x000fac       data     extern C:\MCC18\src\traditional\proc\p18F97J60.asm
                   TXSTA1   0x000fac       data     extern C:\MCC18\src\traditional\proc\p18F97J60.asm
                    TXSTA   0x000fac       data     extern C:\MCC18\src\traditional\proc\p18F97J60.asm
                    TXREG   0x000fad       data     extern C:\MCC18\src\traditional\proc\p18F97J60.asm
                   TXREG1   0x000fad       data     extern C:\MCC18\src\traditional\proc\p18F97J60.asm
                    RCREG   0x000fae       data     extern C:\MCC18\src\traditional\proc\p18F97J60.asm
                   RCREG1   0x000fae       data     extern C:\MCC18\src\traditional\proc\p18F97J60.asm
                    SPBRG   0x000faf       data     extern C:\MCC18\src\traditional\proc\p18F97J60.asm
                   SPBRG1   0x000faf       data     extern C:\MCC18\src\traditional\proc\p18F97J60.asm
                   PSPCON   0x000fb0       data     extern C:\MCC18\src\traditional\proc\p18F97J60.asm
               PSPCONbits   0x000fb0       data     extern C:\MCC18\src\traditional\proc\p18F97J60.asm
                T3CONbits   0x000fb1       data     extern C:\MCC18\src\traditional\proc\p18F97J60.asm
                    T3CON   0x000fb1       data     extern C:\MCC18\src\traditional\proc\p18F97J60.asm
                    TMR3L   0x000fb2       data     extern C:\MCC18\src\traditional\proc\p18F97J60.asm
                    TMR3H   0x000fb3       data     extern C:\MCC18\src\traditional\proc\p18F97J60.asm
                    CMCON   0x000fb4       data     extern C:\MCC18\src\traditional\proc\p18F97J60.asm
                CMCONbits   0x000fb4       data     extern C:\MCC18\src\traditional\proc\p18F97J60.asm
                   CVRCON   0x000fb5       data     extern C:\MCC18\src\traditional\proc\p18F97J60.asm
               CVRCONbits   0x000fb5       data     extern C:\MCC18\src\traditional\proc\p18F97J60.asm
              ECCP1ASbits   0x000fb6       data     extern C:\MCC18\src\traditional\proc\p18F97J60.asm
                  ECCP1AS   0x000fb6       data     extern C:\MCC18\src\traditional\proc\p18F97J60.asm
                 ECCP3CON   0x000fb7       data     extern C:\MCC18\src\traditional\proc\p18F97J60.asm
             ECCP3CONbits   0x000fb7       data     extern C:\MCC18\src\traditional\proc\p18F97J60.asm
              CCP3CONbits   0x000fb7       data     extern C:\MCC18\src\traditional\proc\p18F97J60.asm
                  CCP3CON   0x000fb7       data     extern C:\MCC18\src\traditional\proc\p18F97J60.asm
                    CCPR3   0x000fb8       data     extern C:\MCC18\src\traditional\proc\p18F97J60.asm
                   CCPR3L   0x000fb8       data     extern C:\MCC18\src\traditional\proc\p18F97J60.asm
                   CCPR3H   0x000fb9       data     extern C:\MCC18\src\traditional\proc\p18F97J60.asm
             ECCP2CONbits   0x000fba       data     extern C:\MCC18\src\traditional\proc\p18F97J60.asm
                 ECCP2CON   0x000fba       data     extern C:\MCC18\src\traditional\proc\p18F97J60.asm
              CCP2CONbits   0x000fba       data     extern C:\MCC18\src\traditional\proc\p18F97J60.asm
                  CCP2CON   0x000fba       data     extern C:\MCC18\src\traditional\proc\p18F97J60.asm
                   CCPR2L   0x000fbb       data     extern C:\MCC18\src\traditional\proc\p18F97J60.asm
                    CCPR2   0x000fbb       data     extern C:\MCC18\src\traditional\proc\p18F97J60.asm
                   CCPR2H   0x000fbc       data     extern C:\MCC18\src\traditional\proc\p18F97J60.asm
              CCP1CONbits   0x000fbd       data     extern C:\MCC18\src\traditional\proc\p18F97J60.asm
                  CCP1CON   0x000fbd       data     extern C:\MCC18\src\traditional\proc\p18F97J60.asm
                 ECCP1CON   0x000fbd       data     extern C:\MCC18\src\traditional\proc\p18F97J60.asm
             ECCP1CONbits   0x000fbd       data     extern C:\MCC18\src\traditional\proc\p18F97J60.asm
                   CCPR1L   0x000fbe       data     extern C:\MCC18\src\traditional\proc\p18F97J60.asm
                    CCPR1   0x000fbe       data     extern C:\MCC18\src\traditional\proc\p18F97J60.asm
                   CCPR1H   0x000fbf       data     extern C:\MCC18\src\traditional\proc\p18F97J60.asm
                   ADCON2   0x000fc0       data     extern C:\MCC18\src\traditional\proc\p18F97J60.asm
               ADCON2bits   0x000fc0       data     extern C:\MCC18\src\traditional\proc\p18F97J60.asm
                   ADCON1   0x000fc1       data     extern C:\MCC18\src\traditional\proc\p18F97J60.asm
               ADCON1bits   0x000fc1       data     extern C:\MCC18\src\traditional\proc\p18F97J60.asm
               ADCON0bits   0x000fc2       data     extern C:\MCC18\src\traditional\proc\p18F97J60.asm
                   ADCON0   0x000fc2       data     extern C:\MCC18\src\traditional\proc\p18F97J60.asm
                   ADRESL   0x000fc3       data     extern C:\MCC18\src\traditional\proc\p18F97J60.asm
                    ADRES   0x000fc3       data     extern C:\MCC18\src\traditional\proc\p18F97J60.asm
                   ADRESH   0x000fc4       data     extern C:\MCC18\src\traditional\proc\p18F97J60.asm
                  SSPCON2   0x000fc5       data     extern C:\MCC18\src\traditional\proc\p18F97J60.asm
              SSPCON2bits   0x000fc5       data     extern C:\MCC18\src\traditional\proc\p18F97J60.asm
             SSP1CON2bits   0x000fc5       data     extern C:\MCC18\src\traditional\proc\p18F97J60.asm
                 SSP1CON2   0x000fc5       data     extern C:\MCC18\src\traditional\proc\p18F97J60.asm
                  SSPCON1   0x000fc6       data     extern C:\MCC18\src\traditional\proc\p18F97J60.asm
              SSPCON1bits   0x000fc6       data     extern C:\MCC18\src\traditional\proc\p18F97J60.asm
             SSP1CON1bits   0x000fc6       data     extern C:\MCC18\src\traditional\proc\p18F97J60.asm
                 SSP1CON1   0x000fc6       data     extern C:\MCC18\src\traditional\proc\p18F97J60.asm
                  SSPSTAT   0x000fc7       data     extern C:\MCC18\src\traditional\proc\p18F97J60.asm
              SSPSTATbits   0x000fc7       data     extern C:\MCC18\src\traditional\proc\p18F97J60.asm
                 SSP1STAT   0x000fc7       data     extern C:\MCC18\src\traditional\proc\p18F97J60.asm
             SSP1STATbits   0x000fc7       data     extern C:\MCC18\src\traditional\proc\p18F97J60.asm
                  SSP1ADD   0x000fc8       data     extern C:\MCC18\src\traditional\proc\p18F97J60.asm
                   SSPADD   0x000fc8       data     extern C:\MCC18\src\traditional\proc\p18F97J60.asm
                  SSP1BUF   0x000fc9       data     extern C:\MCC18\src\traditional\proc\p18F97J60.asm
                   SSPBUF   0x000fc9       data     extern C:\MCC18\src\traditional\proc\p18F97J60.asm
                T2CONbits   0x000fca       data     extern C:\MCC18\src\traditional\proc\p18F97J60.asm
                    T2CON   0x000fca       data     extern C:\MCC18\src\traditional\proc\p18F97J60.asm
                      PR2   0x000fcb       data     extern C:\MCC18\src\traditional\proc\p18F97J60.asm
                     TMR2   0x000fcc       data     extern C:\MCC18\src\traditional\proc\p18F97J60.asm
                T1CONbits   0x000fcd       data     extern C:\MCC18\src\traditional\proc\p18F97J60.asm
                    T1CON   0x000fcd       data     extern C:\MCC18\src\traditional\proc\p18F97J60.asm
                    TMR1L   0x000fce       data     extern C:\MCC18\src\traditional\proc\p18F97J60.asm
                    TMR1H   0x000fcf       data     extern C:\MCC18\src\traditional\proc\p18F97J60.asm
                     RCON   0x000fd0       data     extern C:\MCC18\src\traditional\proc\p18F97J60.asm
                 RCONbits   0x000fd0       data     extern C:\MCC18\src\traditional\proc\p18F97J60.asm
                   WDTCON   0x000fd1       data     extern C:\MCC18\src\traditional\proc\p18F97J60.asm
               WDTCONbits   0x000fd1       data     extern C:\MCC18\src\traditional\proc\p18F97J60.asm
                ECON1bits   0x000fd2       data     extern C:\MCC18\src\traditional\proc\p18F97J60.asm
                    ECON1   0x000fd2       data     extern C:\MCC18\src\traditional\proc\p18F97J60.asm
                   OSCCON   0x000fd3       data     extern C:\MCC18\src\traditional\proc\p18F97J60.asm
               OSCCONbits   0x000fd3       data     extern C:\MCC18\src\traditional\proc\p18F97J60.asm
                    T0CON   0x000fd5       data     extern C:\MCC18\src\traditional\proc\p18F97J60.asm
                T0CONbits   0x000fd5       data     extern C:\MCC18\src\traditional\proc\p18F97J60.asm
                    TMR0L   0x000fd6       data     extern C:\MCC18\src\traditional\proc\p18F97J60.asm
                    TMR0H   0x000fd7       data     extern C:\MCC18\src\traditional\proc\p18F97J60.asm
                   STATUS   0x000fd8       data     extern C:\MCC18\src\traditional\proc\p18F97J60.asm
               STATUSbits   0x000fd8       data     extern C:\MCC18\src\traditional\proc\p18F97J60.asm
                     FSR2   0x000fd9       data     extern C:\MCC18\src\traditional\proc\p18F97J60.asm
                    FSR2L   0x000fd9       data     extern C:\MCC18\src\traditional\proc\p18F97J60.asm
                    FSR2H   0x000fda       data     extern C:\MCC18\src\traditional\proc\p18F97J60.asm
                   PLUSW2   0x000fdb       data     extern C:\MCC18\src\traditional\proc\p18F97J60.asm
                  PREINC2   0x000fdc       data     extern C:\MCC18\src\traditional\proc\p18F97J60.asm
                 POSTDEC2   0x000fdd       data     extern C:\MCC18\src\traditional\proc\p18F97J60.asm
                 POSTINC2   0x000fde       data     extern C:\MCC18\src\traditional\proc\p18F97J60.asm
                    INDF2   0x000fdf       data     extern C:\MCC18\src\traditional\proc\p18F97J60.asm
                      BSR   0x000fe0       data     extern C:\MCC18\src\traditional\proc\p18F97J60.asm
                     FSR1   0x000fe1       data     extern C:\MCC18\src\traditional\proc\p18F97J60.asm
                    FSR1L   0x000fe1       data     extern C:\MCC18\src\traditional\proc\p18F97J60.asm
                    FSR1H   0x000fe2       data     extern C:\MCC18\src\traditional\proc\p18F97J60.asm
                   PLUSW1   0x000fe3       data     extern C:\MCC18\src\traditional\proc\p18F97J60.asm
                  PREINC1   0x000fe4       data     extern C:\MCC18\src\traditional\proc\p18F97J60.asm
                 POSTDEC1   0x000fe5       data     extern C:\MCC18\src\traditional\proc\p18F97J60.asm
                 POSTINC1   0x000fe6       data     extern C:\MCC18\src\traditional\proc\p18F97J60.asm
                    INDF1   0x000fe7       data     extern C:\MCC18\src\traditional\proc\p18F97J60.asm
                     WREG   0x000fe8       data     extern C:\MCC18\src\traditional\proc\p18F97J60.asm
                     FSR0   0x000fe9       data     extern C:\MCC18\src\traditional\proc\p18F97J60.asm
                    FSR0L   0x000fe9       data     extern C:\MCC18\src\traditional\proc\p18F97J60.asm
                    FSR0H   0x000fea       data     extern C:\MCC18\src\traditional\proc\p18F97J60.asm
                   PLUSW0   0x000feb       data     extern C:\MCC18\src\traditional\proc\p18F97J60.asm
                  PREINC0   0x000fec       data     extern C:\MCC18\src\traditional\proc\p18F97J60.asm
                 POSTDEC0   0x000fed       data     extern C:\MCC18\src\traditional\proc\p18F97J60.asm
                 POSTINC0   0x000fee       data     extern C:\MCC18\src\traditional\proc\p18F97J60.asm
                    INDF0   0x000fef       data     extern C:\MCC18\src\traditional\proc\p18F97J60.asm
              INTCON3bits   0x000ff0       data     extern C:\MCC18\src\traditional\proc\p18F97J60.asm
                  INTCON3   0x000ff0       data     extern C:\MCC18\src\traditional\proc\p18F97J60.asm
              INTCON2bits   0x000ff1       data     extern C:\MCC18\src\traditional\proc\p18F97J60.asm
                  INTCON2   0x000ff1       data     extern C:\MCC18\src\traditional\proc\p18F97J60.asm
               INTCONbits   0x000ff2       data     extern C:\MCC18\src\traditional\proc\p18F97J60.asm
                   INTCON   0x000ff2       data     extern C:\MCC18\src\traditional\proc\p18F97J60.asm
                     PROD   0x000ff3       data     extern C:\MCC18\src\traditional\proc\p18F97J60.asm
                    PRODL   0x000ff3       data     extern C:\MCC18\src\traditional\proc\p18F97J60.asm
                    PRODH   0x000ff4       data     extern C:\MCC18\src\traditional\proc\p18F97J60.asm
                   TABLAT   0x000ff5       data     extern C:\MCC18\src\traditional\proc\p18F97J60.asm
                   TBLPTR   0x000ff6       data     extern C:\MCC18\src\traditional\proc\p18F97J60.asm
                  TBLPTRL   0x000ff6       data     extern C:\MCC18\src\traditional\proc\p18F97J60.asm
                  TBLPTRH   0x000ff7       data     extern C:\MCC18\src\traditional\proc\p18F97J60.asm
                  TBLPTRU   0x000ff8       data     extern C:\MCC18\src\traditional\proc\p18F97J60.asm
                      PCL   0x000ff9       data     extern C:\MCC18\src\traditional\proc\p18F97J60.asm
                       PC   0x000ff9       data     extern C:\MCC18\src\traditional\proc\p18F97J60.asm
                   PCLATH   0x000ffa       data     extern C:\MCC18\src\traditional\proc\p18F97J60.asm
                   PCLATU   0x000ffb       data     extern C:\MCC18\src\traditional\proc\p18F97J60.asm
                   STKPTR   0x000ffc       data     extern C:\MCC18\src\traditional\proc\p18F97J60.asm
               STKPTRbits   0x000ffc       data     extern C:\MCC18\src\traditional\proc\p18F97J60.asm
                     TOSL   0x000ffd       data     extern C:\MCC18\src\traditional\proc\p18F97J60.asm
                      TOS   0x000ffd       data     extern C:\MCC18\src\traditional\proc\p18F97J60.asm
                     TOSH   0x000ffe       data     extern C:\MCC18\src\traditional\proc\p18F97J60.asm
                     TOSU   0x000fff       data     extern C:\MCC18\src\traditional\proc\p18F97J60.asm


