MPLINK 4.22, Linker
Linker Map File - Created Thu Jan 11 08:16:42 2018

                                 Section Info
                  Section       Type    Address   Location Size(Bytes)
                ---------  ---------  ---------  ---------  ---------
               _entry_scn       code   0x000000    program   0x000006
               highVector       code   0x000008    program   0x000006
                lowVector       code   0x000018    program   0x000006
                   .cinit    romdata   0x00002a    program   0x00009e
              .code_TCP.o       code   0x0000c8    program   0x003d4e
              .code_lcd.o       code   0x003e16    program   0x002a6a
            .code_HTTP2.o       code   0x006880    program   0x00243a
   .code_HTTPGetDevInfo.o       code   0x008cba    program   0x001a16
             .code_util.o       code   0x00a6d0    program   0x001006
            .code_MPFS2.o       code   0x00b6d6    program   0x000f12
        .code_HTTPPrint.o       code   0x00c5e8    program   0x000ede
          .code_Helpers.o       code   0x00d4c6    program   0x000d78
         .code_vfprintf.o       code   0x00e23e    program   0x000c22
             .stringtable    romdata   0x00ee60    program   0x000bd9
       .romdata_SNMPApp.o    romdata   0x00fa39    program   0x000000
       .romdata_HTTPApp.o    romdata   0x00fa39    program   0x000000
          .romdata_util.o    romdata   0x00fa39    program   0x000000
          .idata_SNMP.o_i    romdata   0x00fa39    program   0x000000
.romdata_UART2TCPBridge.o    romdata   0x00fa39    program   0x000000
   .idata_internalADC.o_i    romdata   0x00fa39    program   0x000000
         .idata_HTTP2.o_i    romdata   0x00fa39    program   0x000000
           .romdata_ISR.o    romdata   0x00fa39    program   0x000000
        .romdata_devadc.o    romdata   0x00fa39    program   0x000000
        .idata_devspi.o_i    romdata   0x00fa39    program   0x000000
      .romdata_SPIFlash.o    romdata   0x00fa39    program   0x000000
     .idata_SPIEEPROM.o_i    romdata   0x00fa39    program   0x000000
          .romdata_ICMP.o    romdata   0x00fa39    program   0x000000
          .idata_ICMP.o_i    romdata   0x00fa39    program   0x000000
    .romdata__user_putc.o    romdata   0x00fa39    program   0x000000
          .romdata_putc.o    romdata   0x00fa39    program   0x000000
          .idata_putc.o_i    romdata   0x00fa39    program   0x000000
      .idata_vfprintf.o_i    romdata   0x00fa39    program   0x000000
        .idata___init.o_i    romdata   0x00fa39    program   0x000000
       .romdata_adcopen.o    romdata   0x00fa39    program   0x000000
       .idata_fxm3232.o_i    romdata   0x00fa39    program   0x000000
      .romdata_fxd3232u.o    romdata   0x00fa39    program   0x000000
      .idata_fxd1616u.o_i    romdata   0x00fa39    program   0x000000
      .romdata_fxd0808u.o    romdata   0x00fa39    program   0x000000
      .idata_adcclose.o_i    romdata   0x00fa39    program   0x000000
        .romdata_i2c_c1.o    romdata   0x00fa39    program   0x000000
     .romdata_HTTPPrint.o    romdata   0x00fa39    program   0x000000
     .idata_HTTPPrint.o_i    romdata   0x00fa39    program   0x000000
.romdata_UpConverter_c1.o    romdata   0x00fa39    program   0x000000
.romdata_MainControl_c1.o    romdata   0x00fa39    program   0x000000
.idata_DownConverter_c1.o_i    romdata   0x00fa39    program   0x000000
   .romdata_SNMPSysInfo.o    romdata   0x00fa39    program   0x000000
.idata_SNMPLLiBUCStatus.o_i    romdata   0x00fa39    program   0x000000
  .romdata_SNMPLLiBUCOp.o    romdata   0x00fa39    program   0x000000
.idata_SNMPLLiBUCDevInfo.o_i    romdata   0x00fa39    program   0x000000
           .idata_UDP.o_i    romdata   0x00fa39    program   0x000000
           .idata_ARP.o_i    romdata   0x00fa39    program   0x000001
      .idata_ETH97J60.o_i    romdata   0x00fa39    program   0x000000
      .romdata_ETH97J60.o    romdata   0x00fa39    program   0x000000
      .idata_StackTsk.o_i    romdata   0x00fa39    program   0x000000
      .romdata_MPFSImg2.o    romdata   0x00fa39    program   0x000000
      .idata_MPFSImg2.o_i    romdata   0x00fa39    program   0x000000
         .idata_Delay.o_i    romdata   0x00fa39    program   0x000000
         .romdata_Delay.o    romdata   0x00fa39    program   0x000000
       .idata_Helpers.o_i    romdata   0x00fa39    program   0x000000
.idata_Initialization.o_i    romdata   0x00fa39    program   0x000000
          .romdata_Tick.o    romdata   0x00fa39    program   0x000000
          .idata_DHCP.o_i    romdata   0x00fa39    program   0x000000
          .romdata_DHCP.o    romdata   0x00fa39    program   0x000000
        .idata_c018iz.o_i    romdata   0x00fa39    program   0x000000
         .idata_DHCPs.o_i    romdata   0x00fa39    program   0x000000
         .code_ETH97J60.o       code   0x00fa3a    program   0x000bb2
          .code_HTTPApp.o       code   0x0105ec    program   0x0006e2
                     PROG       code   0x010cce    program   0x0005d8
           .romdata_lcd.o    romdata   0x0112a6    program   0x000578
              .code_ARP.o       code   0x01181e    program   0x000494
                   STRING       code   0x011cb2    program   0x00046c
   .code_MainControl_c1.o       code   0x01211e    program   0x0003f6
   .code_Initialization.o       code   0x012514    program   0x000382
               .code_IP.o       code   0x012896    program   0x00032e
        .code_SPIEEPROM.o       code   0x012bc4    program   0x0002fa
           .code_i2c_c1.o       code   0x012ebe    program   0x0002f6
          .code_oled_c1.o       code   0x0131b4    program   0x0002e4
             .code_Main.o       code   0x013498    program   0x000288
      .code_internalADC.o       code   0x013720    program   0x000252
         .code_StackTsk.o       code   0x013972    program   0x0001e4
           .code_devadc.o       code   0x013b56    program   0x0001de
              .code_ISR.o       code   0x013d34    program   0x0001b8
                   STDLIB       code   0x013eec    program   0x000192
   .code_UpConverter_c1.o       code   0x01407e    program   0x00014e
             .code_ICMP.o       code   0x0141cc    program   0x00014a
             .code_Tick.o       code   0x014316    program   0x000122
             .code_UART.o       code   0x014438    program   0x0000e6
          .code_sprintf.o       code   0x01451e    program   0x0000ac
               _cinit_scn       code   0x0145ca    program   0x00009e
           .code_devspi.o       code   0x014668    program   0x000086
             .code_putc.o       code   0x0146ee    program   0x000084
         .romdata_HTTP2.o    romdata   0x014772    program   0x00007e
          .code_fxm3232.o       code   0x0147f0    program   0x000070
          .code_adcopen.o       code   0x014860    program   0x00006e
         .code_fxd3232u.o       code   0x0148ce    program   0x000048
         .code_fxd1616u.o       code   0x014916    program   0x00002c
                    CTYPE       code   0x014942    program   0x000024
           .romdata_TCP.o    romdata   0x014966    program   0x000024
             _startup_scn       code   0x01498a    program   0x000020
              D1KTCYXCODE       code   0x0149aa    program   0x000020
   .code_UART2TCPBridge.o       code   0x0149ca    program   0x00001e
                    STDIO       code   0x0149e8    program   0x00001c
         .code_fxd0808u.o       code   0x014a04    program   0x00001c
              D10TCYXCODE       code   0x014a20    program   0x000016
 .code_DownConverter_c1.o       code   0x014a36    program   0x000014
      .romdata_vfprintf.o    romdata   0x014a4a    program   0x000011
       .romdata_oled_c1.o    romdata   0x014a5b    program   0x000010
      .romdata_fxd1616u.o    romdata   0x014a6b    program   0x000000
       .idata_oled_c1.o_i    romdata   0x014a6b    program   0x000000
        .idata_i2c_c1.o_i    romdata   0x014a6b    program   0x000000
        .romdata___init.o    romdata   0x014a6b    program   0x000000
       .idata_adcopen.o_i    romdata   0x014a6b    program   0x000000
       .romdata_fxm3232.o    romdata   0x014a6b    program   0x000000
       .idata_sprintf.o_i    romdata   0x014a6b    program   0x000000
        .romdata_Global.o    romdata   0x014a6b    program   0x000000
      .romdata_StackTsk.o    romdata   0x014a6b    program   0x000000
      .romdata_adcclose.o    romdata   0x014a6b    program   0x000000
        .romdata_c018iz.o    romdata   0x014a6b    program   0x000000
      .idata_fxd3232u.o_i    romdata   0x014a6b    program   0x000000
    .idata__user_putc.o_i    romdata   0x014a6b    program   0x000000
      .idata_fxd0808u.o_i    romdata   0x014a6b    program   0x000000
       .romdata_sprintf.o    romdata   0x014a6b    program   0x000000
.romdata_DownConverter_c1.o    romdata   0x014a6b    program   0x000000
   .idata_SNMPSysInfo.o_i    romdata   0x014a6b    program   0x000000
.romdata_SNMPLLiBUCStatus.o    romdata   0x014a6b    program   0x000000
     .romdata_SPIEEPROM.o    romdata   0x014a6b    program   0x000000
  .idata_SNMPLLiBUCOp.o_i    romdata   0x014a6b    program   0x000000
      .idata_SPIFlash.o_i    romdata   0x014a6b    program   0x000000
.romdata_SNMPLLiBUCDevInfo.o    romdata   0x014a6b    program   0x000000
        .romdata_devspi.o    romdata   0x014a6b    program   0x000000
            .romdata_IP.o    romdata   0x014a6b    program   0x000000
       .idata_SNMPApp.o_i    romdata   0x014a6b    program   0x000000
        .idata_devadc.o_i    romdata   0x014a6b    program   0x000000
          .romdata_SNMP.o    romdata   0x014a6b    program   0x000000
   .romdata_internalADC.o    romdata   0x014a6b    program   0x000000
       .romdata_Helpers.o    romdata   0x014a6b    program   0x000000
          .idata_UART.o_i    romdata   0x014a6b    program   0x000000
          .romdata_UART.o    romdata   0x014a6b    program   0x000000
           .idata_ISR.o_i    romdata   0x014a6b    program   0x000001
          .romdata_Main.o    romdata   0x014a6b    program   0x000000
         .romdata_DHCPs.o    romdata   0x014a6b    program   0x000000
           .romdata_UDP.o    romdata   0x014a6b    program   0x000000
         .idata_MPFS2.o_i    romdata   0x014a6b    program   0x000000
.romdata_HTTPGetDevInfo.o    romdata   0x014a6b    program   0x000000
.idata_UpConverter_c1.o_i    romdata   0x014a6b    program   0x000000
           .romdata_ARP.o    romdata   0x014a6b    program   0x000000
.idata_MainControl_c1.o_i    romdata   0x014a6b    program   0x000000
         .romdata_MPFS2.o    romdata   0x014a6b    program   0x000000
                    .code       code   0x014a6c    program   0x00000e
.romdata_Initialization.o    romdata   0x014a7a    program   0x000006
         .code_adcclose.o       code   0x014a80    program   0x000006
       .code__user_putc.o       code   0x014a86    program   0x000002
           .code___init.o       code   0x014a88    program   0x000002
              SEED_DATA_i    romdata   0x014a8a    program   0x000002
          .idata_util.o_i    romdata   0x014a8c    program   0x000004
           .idata_lcd.o_i    romdata   0x014a90    program   0x000135
.idata_UART2TCPBridge.o_i    romdata   0x014bc5    program   0x000008
          .idata_Tick.o_i    romdata   0x014bcd    program   0x000004
           .idata_TCP.o_i    romdata   0x014bd1    program   0x000002
          .idata_Main.o_i    romdata   0x014bd3    program   0x000013
            .idata_IP.o_i    romdata   0x014be6    program   0x000002
.idata_HTTPGetDevInfo.o_i    romdata   0x014be8    program   0x000002
       .idata_HTTPApp.o_i    romdata   0x014bea    program   0x000002
        .idata_Global.o_i    romdata   0x014bec    program   0x0000b9
           .code_c018iz.o       code   0x014ca6    program   0x000000
             .code_DHCP.o       code   0x014ca6    program   0x000000
         .code_SPIFlash.o       code   0x014ca6    program   0x000000
            .code_DHCPs.o       code   0x014ca6    program   0x000000
            .code_Delay.o       code   0x014ca6    program   0x000000
             .code_SNMP.o       code   0x014ca6    program   0x000000
          .code_SNMPApp.o       code   0x014ca6    program   0x000000
         .code_MPFSImg2.o       code   0x014ca6    program   0x000000
.code_SNMPLLiBUCDevInfo.o       code   0x014ca6    program   0x000000
     .code_SNMPLLiBUCOp.o       code   0x014ca6    program   0x000000
 .code_SNMPLLiBUCStatus.o       code   0x014ca6    program   0x000000
      .code_SNMPSysInfo.o       code   0x014ca6    program   0x000000
           .code_Global.o       code   0x014ca6    program   0x000000
              .code_UDP.o       code   0x014ca6    program   0x000000
     .config_1fff8_Main.o    romdata   0x01fff8    program   0x000001
     .config_1fffa_Main.o    romdata   0x01fffa    program   0x000001
     .config_1fffd_Main.o    romdata   0x01fffd    program   0x000001
                 .tmpdata      udata   0x000000       data   0x000018
                MATH_DATA      udata   0x000018       data   0x000014
                DELAYDAT1      udata   0x00002c       data   0x000001
   HTTP_CONNECTION_STATES      udata   0x000060       data   0x000084
            .idata_Main.o      idata   0x0000e4       data   0x000013
  .idata_UART2TCPBridge.o      idata   0x0000f7       data   0x000008
              .udata_IP.o      udata   0x0000ff       data   0x000001
                 TCB_uRAM      udata   0x000100       data   0x0000a8
            .udata_Main.o      udata   0x0001a8       data   0x000057
             .idata_ISR.o      idata   0x0001ff       data   0x000001
             .udata_lcd.o      udata   0x000200       data   0x000050
             .udata_TCP.o      udata   0x000250       data   0x00004f
                    grp10      udata   0x00029f       data   0x000040
        .udata_StackTsk.o      udata   0x0002df       data   0x00000b
                    grp17      udata   0x0002ea       data   0x00000a
          .udata_c018iz.o      udata   0x0002f4       data   0x00000a
                SEED_DATA      idata   0x0002fe       data   0x000002
                     gpr8      udata   0x000300       data   0x000040
       SYN_QUEUE_RAM_SECT      udata   0x000340       data   0x00003c
  .udata_HTTPGetDevInfo.o      udata   0x00037c       data   0x00003c
                     grp5      udata   0x0003b8       data   0x000033
             .udata_ARP.o      udata   0x0003eb       data   0x000014
             .idata_ARP.o      idata   0x0003ff       data   0x000001
       .udata_SPIEEPROM.o      udata   0x000400       data   0x000025
.udata_DownConverter_c1.o      udata   0x000425       data   0x000022
        .udata_ETH97J60.o      udata   0x000447       data   0x000007
            .udata_Tick.o      udata   0x00044e       data   0x000006
.udata_SNMPLLiBUCDevInfo.o      udata   0x000454       data   0x000005
  .udata_Initialization.o      udata   0x000459       data   0x000004
         .udata_Helpers.o      udata   0x00045d       data   0x000004
            .idata_util.o      idata   0x000461       data   0x000004
            .idata_Tick.o      idata   0x000465       data   0x000004
          .udata_Global.o      udata   0x000469       data   0x000002
             .idata_TCP.o      idata   0x00046b       data   0x000002
              .idata_IP.o      idata   0x00046d       data   0x000002
  .idata_HTTPGetDevInfo.o      idata   0x00046f       data   0x000002
         .idata_HTTPApp.o      idata   0x000471       data   0x000002
             .idata_lcd.o      idata   0x000800       data   0x000135
          .idata_Global.o      idata   0x000935       data   0x0000b9
       .udata_HTTPPrint.o      udata   0x0009ee       data   0x00000f
            .udata_util.o      udata   0x0009fd       data   0x000003
                   .stack      udata   0x000c00       data   0x000200
           .udata_MPFS2.o      udata   0x000e00       data   0x00006f
          .udata_i2c_c1.o      udata   0x000e6f       data   0x000010
        .udata_fxd1616u.o      udata   0x000e7f       data   0x000000
        .idata_fxd0808u.o      idata   0x000e7f       data   0x000000
        .udata_fxd0808u.o      udata   0x000e7f       data   0x000000
        .udata_MPFSImg2.o      udata   0x000e7f       data   0x000000
        .idata_adcclose.o      idata   0x000e7f       data   0x000000
        .udata_adcclose.o      udata   0x000e7f       data   0x000000
        .idata_MPFSImg2.o      idata   0x000e7f       data   0x000000
        .idata_StackTsk.o      idata   0x000e7f       data   0x000000
          .idata_i2c_c1.o      idata   0x000e7f       data   0x000000
         .idata_oled_c1.o      idata   0x000e7f       data   0x000000
         .udata_oled_c1.o      udata   0x000e7f       data   0x000000
             .udata_UDP.o      udata   0x000e7f       data   0x000000
             .idata_UDP.o      idata   0x000e7f       data   0x000000
        .idata_ETH97J60.o      idata   0x000e7f       data   0x000000
           .udata_Delay.o      udata   0x000e7f       data   0x000000
           .idata_Delay.o      idata   0x000e7f       data   0x000000
         .idata_Helpers.o      idata   0x000e7f       data   0x000000
            .udata_UART.o      udata   0x000e7f       data   0x000000
          .idata_c018iz.o      idata   0x000e7f       data   0x000000
      .idata__user_putc.o      idata   0x000e7f       data   0x000000
      .udata__user_putc.o      udata   0x000e7f       data   0x000000
            .idata_putc.o      idata   0x000e7f       data   0x000000
            .udata_putc.o      udata   0x000e7f       data   0x000000
        .idata_vfprintf.o      idata   0x000e7f       data   0x000000
        .udata_vfprintf.o      udata   0x000e7f       data   0x000000
         .idata_sprintf.o      idata   0x000e7f       data   0x000000
         .udata_sprintf.o      udata   0x000e7f       data   0x000000
  .idata_Initialization.o      idata   0x000e7f       data   0x000000
          .idata___init.o      idata   0x000e7f       data   0x000000
          .udata___init.o      udata   0x000e7f       data   0x000000
         .idata_adcopen.o      idata   0x000e7f       data   0x000000
         .udata_adcopen.o      udata   0x000e7f       data   0x000000
         .idata_fxm3232.o      idata   0x000e7f       data   0x000000
         .udata_fxm3232.o      udata   0x000e7f       data   0x000000
        .idata_fxd3232u.o      idata   0x000e7f       data   0x000000
        .udata_fxd3232u.o      udata   0x000e7f       data   0x000000
        .idata_fxd1616u.o      idata   0x000e7f       data   0x000000
    .idata_SNMPLLiBUCOp.o      idata   0x000e7f       data   0x000000
    .udata_SNMPLLiBUCOp.o      udata   0x000e7f       data   0x000000
.idata_SNMPLLiBUCDevInfo.o      idata   0x000e7f       data   0x000000
           .idata_DHCPs.o      idata   0x000e7f       data   0x000000
         .idata_SNMPApp.o      idata   0x000e7f       data   0x000000
         .udata_SNMPApp.o      udata   0x000e7f       data   0x000000
           .udata_HTTP2.o      udata   0x000e7f       data   0x000000
           .idata_HTTP2.o      idata   0x000e7f       data   0x000000
            .idata_SNMP.o      idata   0x000e7f       data   0x000000
            .udata_SNMP.o      udata   0x000e7f       data   0x000000
           .idata_MPFS2.o      idata   0x000e7f       data   0x000000
            .udata_ICMP.o      udata   0x000e7f       data   0x000000
     .idata_internalADC.o      idata   0x000e7f       data   0x000000
     .udata_internalADC.o      udata   0x000e7f       data   0x000000
            .idata_ICMP.o      idata   0x000e7f       data   0x000000
             .udata_ISR.o      udata   0x000e7f       data   0x000000
          .idata_devadc.o      idata   0x000e7f       data   0x000000
          .udata_devadc.o      udata   0x000e7f       data   0x000000
          .idata_devspi.o      idata   0x000e7f       data   0x000000
          .udata_devspi.o      udata   0x000e7f       data   0x000000
        .idata_SPIFlash.o      idata   0x000e7f       data   0x000000
        .udata_SPIFlash.o      udata   0x000e7f       data   0x000000
       .idata_SPIEEPROM.o      idata   0x000e7f       data   0x000000
       .idata_HTTPPrint.o      idata   0x000e7f       data   0x000000
            .idata_UART.o      idata   0x000e7f       data   0x000000
            .udata_DHCP.o      udata   0x000e7f       data   0x000000
            .idata_DHCP.o      idata   0x000e7f       data   0x000000
  .idata_UpConverter_c1.o      idata   0x000e7f       data   0x000000
  .udata_UpConverter_c1.o      udata   0x000e7f       data   0x000000
  .idata_MainControl_c1.o      idata   0x000e7f       data   0x000000
  .udata_MainControl_c1.o      udata   0x000e7f       data   0x000000
.idata_DownConverter_c1.o      idata   0x000e7f       data   0x000000
           .udata_DHCPs.o      udata   0x000e7f       data   0x000000
     .idata_SNMPSysInfo.o      idata   0x000e7f       data   0x000000
     .udata_SNMPSysInfo.o      udata   0x000e7f       data   0x000000
.idata_SNMPLLiBUCStatus.o      idata   0x000e7f       data   0x000000
.udata_SNMPLLiBUCStatus.o      udata   0x000e7f       data   0x000000
              SFR_BANKED0      udata   0x000e80       data   0x000006
              SFR_BANKED1      udata   0x000e8a       data   0x000001
              SFR_BANKED2      udata   0x000e97       data   0x000003
              SFR_BANKED3      udata   0x000ea0       data   0x000001
              SFR_BANKED4      udata   0x000ea2       data   0x000003
              SFR_BANKED5      udata   0x000ea6       data   0x000002
              SFR_BANKED6      udata   0x000eaa       data   0x000002
              SFR_BANKED7      udata   0x000eb2       data   0x000001
              SFR_BANKED8      udata   0x000eb4       data   0x000001
              SFR_BANKED9      udata   0x000eb6       data   0x000004
             SFR_BANKED10      udata   0x000ec0       data   0x000012
             SFR_BANKED11      udata   0x000ed4       data   0x000002
             SFR_BANKED12      udata   0x000ed8       data   0x000002
             SFR_BANKED13      udata   0x000ee2       data   0x000016
             SFR_BANKED14      udata   0x000efb       data   0x000001
             SFR_BANKED15      udata   0x000efd       data   0x000002
  .udata_UART2TCPBridge.o      udata   0x000f00       data   0x000052
         .udata_HTTPApp.o      udata   0x000f52       data   0x00000d
            SFR_UNBANKED0      udata   0x000f60       data   0x0000a0



                              Program Memory Usage 
                               Start         End      
                           ---------   ---------      
                            0x000000    0x000005      
                            0x000008    0x00000d      
                            0x000018    0x00001d      
                            0x00002a    0x014ca4      
                            0x01fff8    0x01fff8      
                            0x01fffa    0x01fffa      
                            0x01fffd    0x01fffd      
            85136 out of 131072 program addresses used, program memory utilization is 64%



                              Symbols - Sorted by Name
                     Name    Address   Location    Storage File                     
                ---------  ---------  ---------  --------- ---------                
                ADC_Value   0x013838    program     extern D:\git\testing79m\Drivers\MCU-Internal\internalADC.c
                  AD_init   0x013720    program     extern D:\git\testing79m\Drivers\MCU-Internal\internalADC.c
                  ARPInit   0x0118e6    program     extern D:\git\testing79m\Microchip\TCPIP Stack\ARP.c
            ARPIsResolved   0x011b3e    program     extern D:\git\testing79m\Microchip\TCPIP Stack\ARP.c
               ARPProcess   0x0118fe    program     extern D:\git\testing79m\Microchip\TCPIP Stack\ARP.c
                   ARPPut   0x01181e    program     static D:\git\testing79m\Microchip\TCPIP Stack\ARP.c
               ARPResolve   0x011a94    program     extern D:\git\testing79m\Microchip\TCPIP Stack\ARP.c
                ASC2toHEX   0x00ae16    program     extern D:\git\testing79m\SysLib\util.c
             Base64Decode   0x00d99a    program     extern D:\git\testing79m\Microchip\TCPIP Stack\Helpers.c
                BusyUSART   0x014438    program     extern D:\git\testing79m\Microchip\TCPIP Stack\UART.c
               BusyUSART2   0x014490    program     extern D:\git\testing79m\Microchip\TCPIP Stack\UART.c
                    CGRAM   0x014a5b    program     extern D:\git\testing79m\Singcom\Drivers\oled_c1.c
     CalcIPBufferChecksum   0x00ff7a    program     extern D:\git\testing79m\Microchip\TCPIP Stack\ETH97J60.c
           CalcIPChecksum   0x00ddd2    program     extern D:\git\testing79m\Microchip\TCPIP Stack\Helpers.c
                CheckBusy   0x0131c6    program     extern D:\git\testing79m\Singcom\Drivers\oled_c1.c
                 CloseADC   0x014a80    program     extern C:\MCC18\src\pmc_common\ADC\adcclose.c
              CloseSocket   0x001f24    program     static D:\git\testing79m\Microchip\TCPIP Stack\TCP.c
               CloseUSART   0x014444    program     extern D:\git\testing79m\Microchip\TCPIP Stack\UART.c
              CloseUSART2   0x01449c    program     extern D:\git\testing79m\Microchip\TCPIP Stack\UART.c
                    D10_1   0x014a30    program     static C:\Program Files\mcc18\src\traditional\delays\d10tcyx.asm
                     D10x   0x014a28    program     static C:\Program Files\mcc18\src\traditional\delays\d10tcyx.asm
                   D1616S   0x010fea    program     static C:\Program Files\mcc18\src\traditional\math\fxd1616s.asm
                D1616SNEG   0x010ff8    program     static C:\Program Files\mcc18\src\traditional\math\fxd1616s.asm
                 D1616SOK   0x010ff4    program     static C:\Program Files\mcc18\src\traditional\math\fxd1616s.asm
                  D1616SX   0x01100a    program     static C:\Program Files\mcc18\src\traditional\math\fxd1616s.asm
                    D1K_1   0x0149b6    program     static C:\Program Files\mcc18\src\traditional\delays\d1ktcyx.asm
                     D1Kx   0x0149b4    program     static C:\Program Files\mcc18\src\traditional\delays\d1ktcyx.asm
                  DA1616S   0x010fda    program     static C:\Program Files\mcc18\src\traditional\math\fxd1616s.asm
          DRI__vConfigSPI   0x0134a6    program     static D:\git\testing79m\Main\Main.c
    DRI__vEnableGlobalInt   0x01349c    program     static D:\git\testing79m\Main\Main.c
        DRI__vHitWatchDog   0x013498    program     static D:\git\testing79m\Main\Main.c
            DRI_vLCDClear   0x01337a    program     extern D:\git\testing79m\Singcom\Drivers\oled_c1.c
          DRI_vLCDDisplay   0x01338c    program     extern D:\git\testing79m\Singcom\Drivers\oled_c1.c
        DRI_vLCDEntryMode   0x013386    program     extern D:\git\testing79m\Singcom\Drivers\oled_c1.c
       DRI_vLCDReturnhome   0x013380    program     extern D:\git\testing79m\Singcom\Drivers\oled_c1.c
          DRI_vPrintCGRAM   0x013304    program     extern D:\git\testing79m\Singcom\Drivers\oled_c1.c
             DataRdyUSART   0x014450    program     extern D:\git\testing79m\Microchip\TCPIP Stack\UART.c
            DataRdyUSART2   0x0144a8    program     extern D:\git\testing79m\Microchip\TCPIP Stack\UART.c
              Delay10TCYx   0x014a20    program     extern C:\Program Files\mcc18\src\traditional\delays\d10tcyx.asm
              Delay1KTCYx   0x0149aa    program     extern C:\Program Files\mcc18\src\traditional\delays\d1ktcyx.asm
                  DelayMS   0x00aed0    program     extern D:\git\testing79m\SysLib\util.c
       DisplayCompanyMenu   0x005c42    program     extern D:\git\testing79m\Singcom\Drivers\lcd.c
           DisplayIPValue   0x00b136    program     extern D:\git\testing79m\SysLib\util.c
                  DoWrite   0x012d50    program     static D:\git\testing79m\Microchip\TCPIP Stack\SPIEEPROM.c
         DownCvt_vSendI2C   0x014a36    program     extern D:\git\testing79m\Singcom\Devices\DownConverter_c1.c
                 FLO0832S   0x010cd2    program     extern C:\Program Files\mcc18\src\traditional\math\cast08FP.asm
                 FLO0832U   0x010cce    program     extern C:\Program Files\mcc18\src\traditional\math\cast08FP.asm
                 FLO1632S   0x010cf4    program     extern C:\Program Files\mcc18\src\traditional\math\cast16FP.asm
                 FLO1632U   0x010cf0    program     extern C:\Program Files\mcc18\src\traditional\math\cast16FP.asm
                    FPA32   0x010d1c    program     extern C:\Program Files\mcc18\src\traditional\math\addFP.asm
                    FPD32   0x010e48    program     extern C:\Program Files\mcc18\src\traditional\math\divFP.asm
                    FPM32   0x010eee    program     extern C:\Program Files\mcc18\src\traditional\math\mulFP.asm
                    FPS32   0x010d1a    program     extern C:\Program Files\mcc18\src\traditional\math\addFP.asm
                 FXD0808U   0x014a04    program     extern C:\Program Files\mcc18\src\traditional\math\fxd0808u.c
                 FXD1616S   0x010fc8    program     extern C:\Program Files\mcc18\src\traditional\math\fxd1616s.asm
                 FXD1616U   0x014916    program     extern C:\Program Files\mcc18\src\traditional\math\fxd1616u.c
                 FXD3232U   0x0148ce    program     extern C:\Program Files\mcc18\src\traditional\math\fxd3232u.c
                 FXM1616S   0x011014    program     extern C:\Program Files\mcc18\src\traditional\math\fxm1616s.asm
                 FXM1616U   0x01106e    program     extern C:\Program Files\mcc18\src\traditional\math\fxm1616u.asm
                 FXM2424U   0x0110aa    program     extern C:\Program Files\mcc18\src\traditional\math\fxm2424u.asm
                  FXM3232   0x0147f0    program     extern C:\Program Files\mcc18\src\traditional\math\fxm3232.c
       FindMatchingSocket   0x001c0a    program     static D:\git\testing79m\Microchip\TCPIP Stack\TCP.c
        FormatNetBIOSName   0x00df7e    program     extern D:\git\testing79m\Microchip\TCPIP Stack\Helpers.c
      GenerateRandomDWORD   0x00d4c6    program     extern D:\git\testing79m\Microchip\TCPIP Stack\Helpers.c
   GetCurrentFromHexValue   0x013bfc    program     extern D:\git\testing79m\Drivers\External-Peripherals\devadc.c
           GetDWORDString   0x00c7f0    program     extern D:\git\testing79m\App\WebUI\HTTPPrint.c
                GetOneADC   0x01391c    program     extern D:\git\testing79m\Drivers\MCU-Internal\internalADC.c
             GetOneCHADC0   0x013b56    program     extern D:\git\testing79m\Drivers\External-Peripherals\devadc.c
       GetOneCHADC012Bits   0x013b8c    program     extern D:\git\testing79m\Drivers\External-Peripherals\devadc.c
             GetOneCHADC1   0x013baa    program     extern D:\git\testing79m\Drivers\External-Peripherals\devadc.c
       GetOneCHADC112Bits   0x013be0    program     extern D:\git\testing79m\Drivers\External-Peripherals\devadc.c
                 GetPower   0x00c708    program     extern D:\git\testing79m\App\WebUI\HTTPPrint.c
              GetTickCopy   0x014326    program     static D:\git\testing79m\Microchip\TCPIP Stack\Tick.c
            GetWORDString   0x00c762    program     extern D:\git\testing79m\App\WebUI\HTTPPrint.c
                HEXto2ASC   0x00ae88    program     extern D:\git\testing79m\SysLib\util.c
            HTTPCheckAuth   0x01062e    program     extern D:\git\testing79m\App\WebUI\HTTPApp.c
   HTTPExe_get_deviceinfo   0x009a50    program     extern D:\git\testing79m\App\WebUI\HTTPGetDevInfo.c
           HTTPExecuteGet   0x010676    program     extern D:\git\testing79m\App\WebUI\HTTPApp.c
          HTTPExecutePost   0x01067a    program     extern D:\git\testing79m\App\WebUI\HTTPApp.c
               HTTPGetArg   0x007f34    program     extern D:\git\testing79m\Microchip\TCPIP Stack\HTTP2.c
            HTTPGetROMArg   0x007f7a    program     extern D:\git\testing79m\Microchip\TCPIP Stack\HTTP2.c
  HTTPGet__boDeviceConfig   0x009a26    program     static D:\git\testing79m\App\WebUI\HTTPGetDevInfo.c
    HTTPGet__boInfoConfig   0x008cba    program     static D:\git\testing79m\App\WebUI\HTTPGetDevInfo.c
 HTTPGet__boNetworkConfig   0x008d00    program     static D:\git\testing79m\App\WebUI\HTTPGetDevInfo.c
      HTTPGet__boSetOnOff   0x008d8e    program     static D:\git\testing79m\App\WebUI\HTTPGetDevInfo.c
   HTTPGet__u8ClearBUCIAm   0x0099c2    program     static D:\git\testing79m\App\WebUI\HTTPGetDevInfo.c
   HTTPGet__u8ClearLNBIAm   0x0099f4    program     static D:\git\testing79m\App\WebUI\HTTPGetDevInfo.c
     HTTPGet__u8SetBUCREF   0x0098fa    program     static D:\git\testing79m\App\WebUI\HTTPGetDevInfo.c
 HTTPGet__u8SetDownCvtALC   0x00962e    program     static D:\git\testing79m\App\WebUI\HTTPGetDevInfo.c
HTTPGet__u8SetDownCvtAttn   0x0090f0    program     static D:\git\testing79m\App\WebUI\HTTPGetDevInfo.c
HTTPGet__u8SetDownCvtMute   0x009782    program     static D:\git\testing79m\App\WebUI\HTTPGetDevInfo.c
HTTPGet__u8SetDownCvtPower   0x0093b8    program     static D:\git\testing79m\App\WebUI\HTTPGetDevInfo.c
HTTPGet__u8SetDownCvtRFFreq   0x008ee8    program     static D:\git\testing79m\App\WebUI\HTTPGetDevInfo.c
HTTPGet__u8SetDownCvtSetPower   0x00948a    program     static D:\git\testing79m\App\WebUI\HTTPGetDevInfo.c
     HTTPGet__u8SetLNBREF   0x009960    program     static D:\git\testing79m\App\WebUI\HTTPGetDevInfo.c
   HTTPGet__u8SetUpCvtALC   0x009592    program     static D:\git\testing79m\App\WebUI\HTTPGetDevInfo.c
  HTTPGet__u8SetUpCvtAttn   0x008ffe    program     static D:\git\testing79m\App\WebUI\HTTPGetDevInfo.c
  HTTPGet__u8SetUpCvtMute   0x0096d0    program     static D:\git\testing79m\App\WebUI\HTTPGetDevInfo.c
 HTTPGet__u8SetUpCvtPower   0x0091e6    program     static D:\git\testing79m\App\WebUI\HTTPGetDevInfo.c
HTTPGet__u8SetUpCvtRFFreq   0x008dd6    program     static D:\git\testing79m\App\WebUI\HTTPGetDevInfo.c
HTTPGet__u8SetUpCvtSetPower   0x0092b4    program     static D:\git\testing79m\App\WebUI\HTTPGetDevInfo.c
   HTTPGet__u8SetVOL18VDC   0x00982c    program     static D:\git\testing79m\App\WebUI\HTTPGetDevInfo.c
   HTTPGet__u8SetVOL24VDC   0x009894    program     static D:\git\testing79m\App\WebUI\HTTPGetDevInfo.c
HTTPHeaderParseAuthorization   0x007c46    program     static D:\git\testing79m\Microchip\TCPIP Stack\HTTP2.c
HTTPHeaderParseContentLength   0x007d72    program     static D:\git\testing79m\Microchip\TCPIP Stack\HTTP2.c
    HTTPHeaderParseLookup   0x007c2a    program     static D:\git\testing79m\Microchip\TCPIP Stack\HTTP2.c
              HTTPIncFile   0x008438    program     extern D:\git\testing79m\Microchip\TCPIP Stack\HTTP2.c
                 HTTPInit   0x007014    program     extern D:\git\testing79m\Microchip\TCPIP Stack\HTTP2.c
             HTTPLoadConn   0x0070f8    program     static D:\git\testing79m\Microchip\TCPIP Stack\HTTP2.c
           HTTPMPFSUpload   0x008208    program     static D:\git\testing79m\Microchip\TCPIP Stack\HTTP2.c
            HTTPNeedsAuth   0x0105ec    program     extern D:\git\testing79m\App\WebUI\HTTPApp.c
           HTTPPostConfig   0x010790    program     static D:\git\testing79m\App\WebUI\HTTPApp.c
              HTTPPostlut   0x0106f8    program     static D:\git\testing79m\App\WebUI\HTTPApp.c
                HTTPPrint   0x006880    program     extern D:\git\testing79m\Microchip\Include\TCPIP Stack\HTTPPrint.h
              HTTPPrintIP   0x00c628    program     extern D:\git\testing79m\App\WebUI\HTTPPrint.c
               HTTPPrint_   0x007002    program     extern D:\git\testing79m\Microchip\Include\TCPIP Stack\HTTPPrint.h
        HTTPPrint_18Vctrl   0x00cbee    program     extern D:\git\testing79m\App\WebUI\HTTPPrint.c
        HTTPPrint_24Vctrl   0x00cbe0    program     extern D:\git\testing79m\App\WebUI\HTTPPrint.c
           HTTPPrint_ALCa   0x00cb2e    program     extern D:\git\testing79m\App\WebUI\HTTPPrint.c
   HTTPPrint_ALCaSelected   0x00cc22    program     extern D:\git\testing79m\App\WebUI\HTTPPrint.c
           HTTPPrint_ALCb   0x00cbb4    program     extern D:\git\testing79m\App\WebUI\HTTPPrint.c
   HTTPPrint_ALCbSelected   0x00cc52    program     extern D:\git\testing79m\App\WebUI\HTTPPrint.c
     HTTPPrint_BUCCurrent   0x00cd1c    program     extern D:\git\testing79m\App\WebUI\HTTPPrint.c
        HTTPPrint_BUCIAlm   0x00ced8    program     extern D:\git\testing79m\App\WebUI\HTTPPrint.c
         HTTPPrint_BUCREF   0x00cce2    program     extern D:\git\testing79m\App\WebUI\HTTPPrint.c
 HTTPPrint_BUCREFSelected   0x00ccca    program     extern D:\git\testing79m\App\WebUI\HTTPPrint.c
   HTTPPrint_ClearBUCIAlm   0x00cf14    program     extern D:\git\testing79m\App\WebUI\HTTPPrint.c
   HTTPPrint_ClearLNBIAlm   0x00cf1a    program     extern D:\git\testing79m\App\WebUI\HTTPPrint.c
  HTTPPrint_DC18VSelected   0x00cc82    program     extern D:\git\testing79m\App\WebUI\HTTPPrint.c
  HTTPPrint_DC24VSelected   0x00cc9a    program     extern D:\git\testing79m\App\WebUI\HTTPPrint.c
    HTTPPrint_DeviceModel   0x00c5e8    program     extern D:\git\testing79m\App\WebUI\HTTPPrint.c
   HTTPPrint_DeviceSerial   0x00c5f4    program     extern D:\git\testing79m\App\WebUI\HTTPPrint.c
    HTTPPrint_Devicefwver   0x00c6e8    program     extern D:\git\testing79m\App\WebUI\HTTPPrint.c
         HTTPPrint_EXTREF   0x00ccfe    program     extern D:\git\testing79m\App\WebUI\HTTPPrint.c
     HTTPPrint_LNBCurrent   0x00cd46    program     extern D:\git\testing79m\App\WebUI\HTTPPrint.c
        HTTPPrint_LNBIAlm   0x00cef6    program     extern D:\git\testing79m\App\WebUI\HTTPPrint.c
         HTTPPrint_LNBREF   0x00ccf0    program     extern D:\git\testing79m\App\WebUI\HTTPPrint.c
 HTTPPrint_LNBREFSelected   0x00ccb2    program     extern D:\git\testing79m\App\WebUI\HTTPPrint.c
            HTTPPrint_MIP   0x00c684    program     extern D:\git\testing79m\App\WebUI\HTTPPrint.c
          HTTPPrint_Mutea   0x00cb3c    program     extern D:\git\testing79m\App\WebUI\HTTPPrint.c
  HTTPPrint_MuteaSelected   0x00cc3a    program     extern D:\git\testing79m\App\WebUI\HTTPPrint.c
          HTTPPrint_Muteb   0x00cbc2    program     extern D:\git\testing79m\App\WebUI\HTTPPrint.c
  HTTPPrint_MutebSelected   0x00cc6a    program     extern D:\git\testing79m\App\WebUI\HTTPPrint.c
HTTPPrint_config_dhcpchecked   0x00cbfc    program     extern D:\git\testing79m\App\WebUI\HTTPPrint.c
      HTTPPrint_config_gw   0x00c6d4    program     extern D:\git\testing79m\App\WebUI\HTTPPrint.c
      HTTPPrint_config_ip   0x00c6b8    program     extern D:\git\testing79m\App\WebUI\HTTPPrint.c
     HTTPPrint_config_mac   0x00d01c    program     extern D:\git\testing79m\App\WebUI\HTTPPrint.c
  HTTPPrint_config_subnet   0x00c6c0    program     extern D:\git\testing79m\App\WebUI\HTTPPrint.c
HTTPPrint_converteraalarm   0x00ceac    program     extern D:\git\testing79m\App\WebUI\HTTPPrint.c
HTTPPrint_converteraatten   0x00ca5c    program     extern D:\git\testing79m\App\WebUI\HTTPPrint.c
   HTTPPrint_converteralo   0x00cace    program     extern D:\git\testing79m\App\WebUI\HTTPPrint.c
HTTPPrint_converterarffreq   0x00c9ec    program     extern D:\git\testing79m\App\WebUI\HTTPPrint.c
HTTPPrint_converterbalarm   0x00cec2    program     extern D:\git\testing79m\App\WebUI\HTTPPrint.c
HTTPPrint_converterbatten   0x00ca94    program     extern D:\git\testing79m\App\WebUI\HTTPPrint.c
   HTTPPrint_converterblo   0x00cb5a    program     extern D:\git\testing79m\App\WebUI\HTTPPrint.c
HTTPPrint_converterbrffreq   0x00ca24    program     extern D:\git\testing79m\App\WebUI\HTTPPrint.c
    HTTPPrint_dhcp_status   0x00c600    program     extern D:\git\testing79m\App\WebUI\HTTPPrint.c
            HTTPPrint_led   0x00cf20    program     extern D:\git\testing79m\App\WebUI\HTTPPrint.c
            HTTPPrint_maf   0x00cfe8    program     extern D:\git\testing79m\App\WebUI\HTTPPrint.c
            HTTPPrint_mas   0x00d002    program     extern D:\git\testing79m\App\WebUI\HTTPPrint.c
            HTTPPrint_ned   0x00cf84    program     extern D:\git\testing79m\App\WebUI\HTTPPrint.c
   HTTPPrint_outputpowera   0x00caee    program     extern D:\git\testing79m\App\WebUI\HTTPPrint.c
   HTTPPrint_outputpowerb   0x00cb78    program     extern D:\git\testing79m\App\WebUI\HTTPPrint.c
      HTTPPrint_rdi2cdata   0x00cd70    program     extern D:\git\testing79m\App\WebUI\HTTPPrint.c
      HTTPPrint_read_comm   0x00d078    program     extern D:\git\testing79m\App\WebUI\HTTPPrint.c
        HTTPPrint_setpass   0x00ce10    program     extern D:\git\testing79m\App\WebUI\HTTPPrint.c
   HTTPPrint_setpasscolor   0x00cdd0    program     extern D:\git\testing79m\App\WebUI\HTTPPrint.c
      HTTPPrint_setpowera   0x00cb0e    program     extern D:\git\testing79m\App\WebUI\HTTPPrint.c
      HTTPPrint_setpowerb   0x00cb96    program     extern D:\git\testing79m\App\WebUI\HTTPPrint.c
      HTTPPrint_static_ip   0x00c698    program     extern D:\git\testing79m\App\WebUI\HTTPPrint.c
         HTTPPrint_swmode   0x00cacc    program     extern D:\git\testing79m\App\WebUI\HTTPPrint.c
      HTTPPrint_wri2cdata   0x00cda0    program     extern D:\git\testing79m\App\WebUI\HTTPPrint.c
     HTTPPrint_write_comm   0x00d07c    program     extern D:\git\testing79m\App\WebUI\HTTPPrint.c
              HTTPProcess   0x007140    program     static D:\git\testing79m\Microchip\TCPIP Stack\HTTP2.c
         HTTPReadPostName   0x007fdc    program     extern D:\git\testing79m\Microchip\TCPIP Stack\HTTP2.c
        HTTPReadPostValue   0x00800c    program     extern D:\git\testing79m\Microchip\TCPIP Stack\HTTP2.c
               HTTPReadTo   0x00807c    program     static D:\git\testing79m\Microchip\TCPIP Stack\HTTP2.c
       HTTPRequestHeaders   0x0147e7    program     static D:\git\testing79m\Microchip\TCPIP Stack\HTTP2.c
      HTTPResponseHeaders   0x0147bd    program     static D:\git\testing79m\Microchip\TCPIP Stack\HTTP2.c
             HTTPSendFile   0x007ab2    program     static D:\git\testing79m\Microchip\TCPIP Stack\HTTP2.c
               HTTPServer   0x007076    program     extern D:\git\testing79m\Microchip\TCPIP Stack\HTTP2.c
            HTTPURLDecode   0x007dfa    program     extern D:\git\testing79m\Microchip\TCPIP Stack\HTTP2.c
                HTTP_CRLF   0x014772    program     static D:\git\testing79m\Microchip\TCPIP Stack\HTTP2.c
   HTTP_vClearWebPassword   0x01352c    program     static D:\git\testing79m\Main\Main.c
             HandleTCPSeg   0x001fa2    program     static D:\git\testing79m\Microchip\TCPIP Stack\TCP.c
                  Hex2Int   0x00af00    program     extern D:\git\testing79m\SysLib\util.c
                  HighISR   0x013e1e    program     extern D:\git\testing79m\Drivers\MCU-Internal\ISR.c
               HighVector   0x000008    program     extern D:\git\testing79m\Drivers\MCU-Internal\ISR.c
                 I2C_Read   0x012eea    program     extern D:\git\testing79m\Singcom\Drivers\i2c_c1.c
                 I2C_Send   0x012ebe    program     extern D:\git\testing79m\Singcom\Drivers\i2c_c1.c
              ICMPProcess   0x0141cc    program     extern D:\git\testing79m\Microchip\TCPIP Stack\ICMP.c
                  INT3216   0x01113c    program     extern C:\Program Files\mcc18\src\traditional\math\castFP16.asm
              IPGetHeader   0x012896    program     extern D:\git\testing79m\Microchip\TCPIP Stack\IP.c
              IPPutHeader   0x0129d2    program     extern D:\git\testing79m\Microchip\TCPIP Stack\IP.c
            IPSetRxBuffer   0x012ad8    program     extern D:\git\testing79m\Microchip\TCPIP Stack\IP.c
            InitAppConfig   0x012654    program     extern D:\git\testing79m\Bootstrap\Initialization.c
                 InitData   0x012514    program     extern D:\git\testing79m\Bootstrap\Initialization.c
              Initial_LCD   0x005c28    program     extern D:\git\testing79m\Singcom\Drivers\lcd.c
          InitializeBoard   0x01260c    program     extern D:\git\testing79m\Bootstrap\Initialization.c
                  Int2Hex   0x00af3a    program     extern D:\git\testing79m\SysLib\util.c
            KeyProcessing   0x0049a6    program     extern D:\git\testing79m\Singcom\Drivers\lcd.c
       LCDDisplayLoadData   0x005780    program     extern D:\git\testing79m\Singcom\Drivers\lcd.c
          LCDMenuInScreen   0x004f56    program     extern D:\git\testing79m\Singcom\Drivers\lcd.c
        LCDMenuValue2Char   0x005b96    program     extern D:\git\testing79m\Singcom\Drivers\lcd.c
           LCDWriteString   0x0132cc    program     extern D:\git\testing79m\Singcom\Drivers\oled_c1.c
     LCD_vEnableInterrupt   0x005ca6    program     extern D:\git\testing79m\Singcom\Drivers\lcd.c
               LCD_vSetIO   0x005c10    program     extern D:\git\testing79m\Singcom\Drivers\lcd.c
            LCD_vSetKepad   0x005bfe    program     extern D:\git\testing79m\Singcom\Drivers\lcd.c
                   LowISR   0x013d34    program     extern D:\git\testing79m\Drivers\MCU-Internal\ISR.c
                LowVector   0x000018    program     extern D:\git\testing79m\Drivers\MCU-Internal\ISR.c
        MACCalcRxChecksum   0x00ff2e    program     extern D:\git\testing79m\Microchip\TCPIP Stack\ETH97J60.c
             MACDiscardRx   0x00fb8c    program     extern D:\git\testing79m\Microchip\TCPIP Stack\ETH97J60.c
                 MACFlush   0x00fec2    program     extern D:\git\testing79m\Microchip\TCPIP Stack\ETH97J60.c
                   MACGet   0x010244    program     extern D:\git\testing79m\Microchip\TCPIP Stack\ETH97J60.c
              MACGetArray   0x010248    program     extern D:\git\testing79m\Microchip\TCPIP Stack\ETH97J60.c
         MACGetFreeRxSize   0x00fbec    program     extern D:\git\testing79m\Microchip\TCPIP Stack\ETH97J60.c
             MACGetHeader   0x00fcb4    program     extern D:\git\testing79m\Microchip\TCPIP Stack\ETH97J60.c
                  MACInit   0x00fa3a    program     extern D:\git\testing79m\Microchip\TCPIP Stack\ETH97J60.c
              MACIsLinked   0x00fb50    program     extern D:\git\testing79m\Microchip\TCPIP Stack\ETH97J60.c
         MACIsMemCopyDone   0x010238    program     extern D:\git\testing79m\Microchip\TCPIP Stack\ETH97J60.c
             MACIsTxReady   0x00fb64    program     extern D:\git\testing79m\Microchip\TCPIP Stack\ETH97J60.c
          MACMemCopyAsync   0x0100ea    program     extern D:\git\testing79m\Microchip\TCPIP Stack\ETH97J60.c
             MACPowerDown   0x010428    program     extern D:\git\testing79m\Microchip\TCPIP Stack\ETH97J60.c
               MACPowerUp   0x01043a    program     extern D:\git\testing79m\Microchip\TCPIP Stack\ETH97J60.c
                   MACPut   0x0102a2    program     extern D:\git\testing79m\Microchip\TCPIP Stack\ETH97J60.c
              MACPutArray   0x0102c8    program     extern D:\git\testing79m\Microchip\TCPIP Stack\ETH97J60.c
             MACPutHeader   0x00fe5e    program     extern D:\git\testing79m\Microchip\TCPIP Stack\ETH97J60.c
           MACPutROMArray   0x010318    program     extern D:\git\testing79m\Microchip\TCPIP Stack\ETH97J60.c
            MACSetReadPtr   0x00ff16    program     extern D:\git\testing79m\Microchip\TCPIP Stack\ETH97J60.c
        MACSetReadPtrInRx   0x00feea    program     extern D:\git\testing79m\Microchip\TCPIP Stack\ETH97J60.c
           MACSetWritePtr   0x00ff02    program     extern D:\git\testing79m\Microchip\TCPIP Stack\ETH97J60.c
                MPFSClose   0x00ba1c    program     extern D:\git\testing79m\Microchip\TCPIP Stack\MPFS2.c
               MPFSFormat   0x00bcc8    program     extern D:\git\testing79m\Microchip\TCPIP Stack\MPFS2.c
                  MPFSGet   0x00ba34    program     extern D:\git\testing79m\Microchip\TCPIP Stack\MPFS2.c
             MPFSGetArray   0x00bada    program     extern D:\git\testing79m\Microchip\TCPIP Stack\MPFS2.c
          MPFSGetBytesRem   0x00bf3a    program     extern D:\git\testing79m\Microchip\TCPIP Stack\MPFS2.c
           MPFSGetEndAddr   0x00bfa0    program     extern D:\git\testing79m\Microchip\TCPIP Stack\MPFS2.c
          MPFSGetFilename   0x00bfee    program     extern D:\git\testing79m\Microchip\TCPIP Stack\MPFS2.c
             MPFSGetFlags   0x00bedc    program     extern D:\git\testing79m\Microchip\TCPIP Stack\MPFS2.c
                MPFSGetID   0x00c0a6    program     extern D:\git\testing79m\Microchip\TCPIP Stack\MPFS2.c
              MPFSGetLong   0x00bb6a    program     extern D:\git\testing79m\Microchip\TCPIP Stack\MPFS2.c
         MPFSGetMicrotime   0x00beaa    program     extern D:\git\testing79m\Microchip\TCPIP Stack\MPFS2.c
          MPFSGetPosition   0x00c074    program     extern D:\git\testing79m\Microchip\TCPIP Stack\MPFS2.c
              MPFSGetSize   0x00bf08    program     extern D:\git\testing79m\Microchip\TCPIP Stack\MPFS2.c
         MPFSGetStartAddr   0x00bf64    program     extern D:\git\testing79m\Microchip\TCPIP Stack\MPFS2.c
         MPFSGetTimestamp   0x00be78    program     extern D:\git\testing79m\Microchip\TCPIP Stack\MPFS2.c
                 MPFSInit   0x00b6d6    program     extern D:\git\testing79m\Microchip\TCPIP Stack\MPFS2.c
                 MPFSOpen   0x00b70c    program     extern D:\git\testing79m\Microchip\TCPIP Stack\MPFS2.c
               MPFSOpenID   0x00b99e    program     extern D:\git\testing79m\Microchip\TCPIP Stack\MPFS2.c
              MPFSOpenROM   0x00b85a    program     extern D:\git\testing79m\Microchip\TCPIP Stack\MPFS2.c
             MPFSPutArray   0x00bd4a    program     extern D:\git\testing79m\Microchip\TCPIP Stack\MPFS2.c
               MPFSPutEnd   0x00bdd0    program     extern D:\git\testing79m\Microchip\TCPIP Stack\MPFS2.c
                 MPFSSeek   0x00bbaa    program     extern D:\git\testing79m\Microchip\TCPIP Stack\MPFS2.c
            Main_vLEDInit   0x012404    program     extern D:\git\testing79m\Singcom\Devices\MainControl_c1.c
              Main_vLEDLO   0x0123c8    program     extern D:\git\testing79m\Singcom\Devices\MainControl_c1.c
              Main_vLEDRX   0x0123f0    program     extern D:\git\testing79m\Singcom\Devices\MainControl_c1.c
              Main_vLEDTX   0x0123dc    program     extern D:\git\testing79m\Singcom\Devices\MainControl_c1.c
    Main_vPrintDeviceInfo   0x01222e    program     extern D:\git\testing79m\Singcom\Devices\MainControl_c1.c
 Main_vPrintDownConverter   0x012184    program     extern D:\git\testing79m\Singcom\Devices\MainControl_c1.c
            Main_vPrintIP   0x01231e    program     extern D:\git\testing79m\Singcom\Devices\MainControl_c1.c
       Main_vPrintModelNo   0x012338    program     extern D:\git\testing79m\Singcom\Devices\MainControl_c1.c
      Main_vPrintSerialNo   0x012348    program     extern D:\git\testing79m\Singcom\Devices\MainControl_c1.c
   Main_vPrintUpConverter   0x01211e    program     extern D:\git\testing79m\Singcom\Devices\MainControl_c1.c
       Main_vPrintVolCtrl   0x0121ea    program     extern D:\git\testing79m\Singcom\Devices\MainControl_c1.c
              Main_vSetIP   0x012362    program     extern D:\git\testing79m\Singcom\Devices\MainControl_c1.c
              MenuDisplay   0x0112a6    program     extern D:\git\testing79m\Singcom\Drivers\lcd.c
           OLED_vSetKepad   0x0131b4    program     extern D:\git\testing79m\Singcom\Drivers\oled_c1.c
                  OpenADC   0x014860    program     extern C:\MCC18\src\pmc_common\ADC\adcopen.c
          PrintCompanyLCD   0x0133b6    program     extern D:\git\testing79m\Singcom\Drivers\oled_c1.c
                 PrintLCD   0x0050a6    program     extern D:\git\testing79m\Singcom\Drivers\lcd.c
     PrintLCDEditPosition   0x005020    program     extern D:\git\testing79m\Singcom\Drivers\lcd.c
       PrintLCDFromBuffer   0x0056c0    program     extern D:\git\testing79m\Singcom\Drivers\lcd.c
        PrintLCDWholePage   0x00554e    program     extern D:\git\testing79m\Singcom\Drivers\lcd.c
     ROMStringToIPAddress   0x00d8b8    program     extern D:\git\testing79m\Microchip\TCPIP Stack\Helpers.c
                 ReadData   0x013264    program     extern D:\git\testing79m\Singcom\Drivers\oled_c1.c
               ReadPHYReg   0x01037a    program     extern D:\git\testing79m\Microchip\TCPIP Stack\ETH97J60.c
                ReadUSART   0x014462    program     extern D:\git\testing79m\Microchip\TCPIP Stack\UART.c
               ReadUSART2   0x01448c    program     extern D:\git\testing79m\Microchip\TCPIP Stack\UART.c
            ReadWriteSPI2   0x014680    program     extern D:\git\testing79m\Drivers\MCU-Internal\devspi.c
                 Read_ADC   0x013752    program     extern D:\git\testing79m\Drivers\MCU-Internal\internalADC.c
                  SPIInit   0x014668    program     extern D:\git\testing79m\Drivers\MCU-Internal\devspi.c
          SYS__u8InitData   0x013582    program     static D:\git\testing79m\Main\Main.c
SYS__u8UpdateDownConverter   0x004194    program     static D:\git\testing79m\Singcom\Drivers\lcd.c
 SYS__u8UpdateUpConverter   0x003e16    program     static D:\git\testing79m\Singcom\Drivers\lcd.c
         SYS__u8UpdateVOL   0x004522    program     static D:\git\testing79m\Singcom\Drivers\lcd.c
      SYS__vLcdKeyPadTask   0x013500    program     static D:\git\testing79m\Main\Main.c
         SYS__vStatusTask   0x0134b6    program     static D:\git\testing79m\Main\Main.c
            SaveAppConfig   0x00b0c4    program     extern D:\git\testing79m\SysLib\util.c
              SaveSetting   0x00b0e8    program     extern D:\git\testing79m\SysLib\util.c
                  SendTCP   0x0016a4    program     static D:\git\testing79m\Microchip\TCPIP Stack\TCP.c
     SerializedMACAddress   0x014a7a    program     static D:\git\testing79m\Bootstrap\Initialization.c
          SetDefaultValue   0x01270c    program     extern D:\git\testing79m\Bootstrap\Initialization.c
                   SetI2C   0x01304c    program     extern D:\git\testing79m\Singcom\Drivers\i2c_c1.c
        StackApplications   0x013b2e    program     extern D:\git\testing79m\Microchip\TCPIP Stack\StackTsk.c
                StackInit   0x013972    program     extern D:\git\testing79m\Microchip\TCPIP Stack\StackTsk.c
                StackTask   0x0139a2    program     extern D:\git\testing79m\Microchip\TCPIP Stack\StackTsk.c
        StringToIPAddress   0x00d7e8    program     extern D:\git\testing79m\Microchip\TCPIP Stack\Helpers.c
            SwapARPPacket   0x011be0    program     extern D:\git\testing79m\Microchip\TCPIP Stack\ARP.c
             SwapIPHeader   0x012b06    program     static D:\git\testing79m\Microchip\TCPIP Stack\IP.c
            SwapTCPHeader   0x001ea8    program     static D:\git\testing79m\Microchip\TCPIP Stack\TCP.c
                  SyncTCB   0x000132    program     static D:\git\testing79m\Microchip\TCPIP Stack\TCP.c
              SyncTCBStub   0x0000c8    program     static D:\git\testing79m\Microchip\TCPIP Stack\TCP.c
        TCPAdjustFIFOSize   0x002a38    program     extern D:\git\testing79m\Microchip\TCPIP Stack\TCP.c
                 TCPClose   0x00053c    program     extern D:\git\testing79m\Microchip\TCPIP Stack\TCP.c
               TCPDiscard   0x0008e2    program     extern D:\git\testing79m\Microchip\TCPIP Stack\TCP.c
            TCPDisconnect   0x0004c0    program     extern D:\git\testing79m\Microchip\TCPIP Stack\TCP.c
           TCPFindArrayEx   0x000c72    program     extern D:\git\testing79m\Microchip\TCPIP Stack\TCP.c
                TCPFindEx   0x001140    program     extern D:\git\testing79m\Microchip\TCPIP Stack\TCP.c
        TCPFindROMArrayEx   0x000ef0    program     extern D:\git\testing79m\Microchip\TCPIP Stack\TCP.c
                 TCPFlush   0x00058a    program     extern D:\git\testing79m\Microchip\TCPIP Stack\TCP.c
                   TCPGet   0x00094a    program     extern D:\git\testing79m\Microchip\TCPIP Stack\TCP.c
              TCPGetArray   0x0009b6    program     extern D:\git\testing79m\Microchip\TCPIP Stack\TCP.c
         TCPGetRemoteInfo   0x000550    program     extern D:\git\testing79m\Microchip\TCPIP Stack\TCP.c
         TCPGetRxFIFOFree   0x000aee    program     extern D:\git\testing79m\Microchip\TCPIP Stack\TCP.c
         TCPGetTxFIFOFull   0x0008ba    program     extern D:\git\testing79m\Microchip\TCPIP Stack\TCP.c
                  TCPInit   0x0001b0    program     extern D:\git\testing79m\Microchip\TCPIP Stack\TCP.c
           TCPIsConnected   0x0004aa    program     extern D:\git\testing79m\Microchip\TCPIP Stack\TCP.c
            TCPIsGetReady   0x000904    program     extern D:\git\testing79m\Microchip\TCPIP Stack\TCP.c
            TCPIsPutReady   0x0005a6    program     extern D:\git\testing79m\Microchip\TCPIP Stack\TCP.c
                  TCPOpen   0x000360    program     extern D:\git\testing79m\Microchip\TCPIP Stack\TCP.c
                  TCPPeek   0x000c46    program     extern D:\git\testing79m\Microchip\TCPIP Stack\TCP.c
             TCPPeekArray   0x000b16    program     extern D:\git\testing79m\Microchip\TCPIP Stack\TCP.c
               TCPProcess   0x00154a    program     extern D:\git\testing79m\Microchip\TCPIP Stack\TCP.c
                   TCPPut   0x00060c    program     extern D:\git\testing79m\Microchip\TCPIP Stack\TCP.c
              TCPPutArray   0x00069a    program     extern D:\git\testing79m\Microchip\TCPIP Stack\TCP.c
           TCPPutROMArray   0x00073e    program     extern D:\git\testing79m\Microchip\TCPIP Stack\TCP.c
          TCPPutROMString   0x000850    program     extern D:\git\testing79m\Microchip\TCPIP Stack\TCP.c
             TCPPutString   0x0007f0    program     extern D:\git\testing79m\Microchip\TCPIP Stack\TCP.c
               TCPRAMCopy   0x002bf2    program     static D:\git\testing79m\Microchip\TCPIP Stack\TCP.c
            TCPRAMCopyROM   0x002c80    program     static D:\git\testing79m\Microchip\TCPIP Stack\TCP.c
     TCPSocketInitializer   0x014966    program     extern D:\git\testing79m\Port\TCPIPConfig.h
                  TCPTick   0x001176    program     extern D:\git\testing79m\Microchip\TCPIP Stack\TCP.c
              TCPWasReset   0x000494    program     extern D:\git\testing79m\Microchip\TCPIP Stack\TCP.c
               TSIGN1616A   0x011060    program     static C:\Program Files\mcc18\src\traditional\math\fxm1616s.asm
TickConvertToMilliseconds   0x0143a8    program     extern D:\git\testing79m\Microchip\TCPIP Stack\Tick.c
                  TickGet   0x01434c    program     extern D:\git\testing79m\Microchip\TCPIP Stack\Tick.c
            TickGetDiv256   0x014360    program     extern D:\git\testing79m\Microchip\TCPIP Stack\Tick.c
            TickGetDiv64K   0x014384    program     extern D:\git\testing79m\Microchip\TCPIP Stack\Tick.c
                 TickInit   0x014316    program     extern D:\git\testing79m\Microchip\TCPIP Stack\Tick.c
               TickUpdate   0x0143de    program     extern D:\git\testing79m\Microchip\TCPIP Stack\Tick.c
                 UART2ISR   0x0149ca    program     extern D:\git\testing79m\Microchip\TCPIP Stack\UART2TCPBridge.c
          UpCvt_vPrintALC   0x014118    program     extern D:\git\testing79m\Singcom\Devices\UpConverter_c1.c
         UpCvt_vPrintAttn   0x0140fe    program     extern D:\git\testing79m\Singcom\Devices\UpConverter_c1.c
         UpCvt_vPrintFreq   0x01407e    program     extern D:\git\testing79m\Singcom\Devices\UpConverter_c1.c
           UpCvt_vPrintLo   0x0140cc    program     extern D:\git\testing79m\Singcom\Devices\UpConverter_c1.c
         UpCvt_vPrintMute   0x014132    program     extern D:\git\testing79m\Singcom\Devices\UpConverter_c1.c
        UpCvt_vPrintPower   0x014098    program     extern D:\git\testing79m\Singcom\Devices\UpConverter_c1.c
        UpCvt_vPrintStPwr   0x0140b2    program     extern D:\git\testing79m\Singcom\Devices\UpConverter_c1.c
           UpCvt_vSendI2C   0x014184    program     extern D:\git\testing79m\Singcom\Devices\UpConverter_c1.c
            UpCvt_vSetALC   0x01419c    program     extern D:\git\testing79m\Singcom\Devices\UpConverter_c1.c
           UpCvt_vSetAttn   0x014196    program     extern D:\git\testing79m\Singcom\Devices\UpConverter_c1.c
           UpCvt_vSetFreq   0x014194    program     extern D:\git\testing79m\Singcom\Devices\UpConverter_c1.c
           UpCvt_vSetMute   0x01419e    program     extern D:\git\testing79m\Singcom\Devices\UpConverter_c1.c
          UpCvt_vSetPower   0x014198    program     extern D:\git\testing79m\Singcom\Devices\UpConverter_c1.c
          UpCvt_vSetStPwr   0x01419a    program     extern D:\git\testing79m\Singcom\Devices\UpConverter_c1.c
               UpdateData   0x01370e    program     extern D:\git\testing79m\Main\Main.c
         UpdateDataLEDSys   0x01371e    program     extern D:\git\testing79m\Main\Main.c
        UpdateDataMenuSys   0x00481e    program     extern D:\git\testing79m\Singcom\Drivers\lcd.c
      UpdateDataModuleSys   0x0047f4    program     extern D:\git\testing79m\Singcom\Drivers\lcd.c
        UpdateDataUartSys   0x01371c    program     extern D:\git\testing79m\Main\Main.c
             UpdateStatus   0x0047ca    program     extern D:\git\testing79m\Singcom\Drivers\lcd.c
         Util_u16ByteSwap   0x00a6d0    program     extern D:\git\testing79m\SysLib\util.c
        Util_u16DWORDSwap   0x00a75c    program     extern D:\git\testing79m\SysLib\util.c
      Util_u8Float2String   0x00ab98    program     extern D:\git\testing79m\SysLib\util.c
      Util_u8String2DWORD   0x00ab5e    program     extern D:\git\testing79m\SysLib\util.c
      Util_u8String2Float   0x00ac56    program     extern D:\git\testing79m\SysLib\util.c
     Util_u8String2NFloat   0x00ad2a    program     extern D:\git\testing79m\SysLib\util.c
      Util_u8String2int16   0x00a946    program     extern D:\git\testing79m\SysLib\util.c
Util_u8String2int32_noDotH   0x00aa12    program     extern D:\git\testing79m\SysLib\util.c
Util_u8String2int32_noDotL   0x00aab8    program     extern D:\git\testing79m\SysLib\util.c
         VOLCTRL_vSendI2C   0x014a48    program     extern D:\git\testing79m\Singcom\Devices\DownConverter_c1.c
      Value2DisplayBuffer   0x005cbc    program     extern D:\git\testing79m\Singcom\Drivers\lcd.c
                WriteData   0x013232    program     extern D:\git\testing79m\Singcom\Drivers\oled_c1.c
                 WriteIns   0x013204    program     extern D:\git\testing79m\Singcom\Drivers\oled_c1.c
              WritePHYReg   0x0103d8    program     extern D:\git\testing79m\Microchip\TCPIP Stack\ETH97J60.c
              WriteString   0x01329c    program     extern D:\git\testing79m\Singcom\Drivers\oled_c1.c
               WriteUSART   0x014466    program     extern D:\git\testing79m\Microchip\TCPIP Stack\UART.c
              WriteUSART2   0x0144ba    program     extern D:\git\testing79m\Microchip\TCPIP Stack\UART.c
             XEEBeginRead   0x012bda    program     extern D:\git\testing79m\Microchip\TCPIP Stack\SPIEEPROM.c
            XEEBeginWrite   0x012cd2    program     extern D:\git\testing79m\Microchip\TCPIP Stack\SPIEEPROM.c
               XEEEndRead   0x012c3c    program     extern D:\git\testing79m\Microchip\TCPIP Stack\SPIEEPROM.c
              XEEEndWrite   0x012d46    program     extern D:\git\testing79m\Microchip\TCPIP Stack\SPIEEPROM.c
                  XEEInit   0x012bc4    program     extern D:\git\testing79m\Microchip\TCPIP Stack\SPIEEPROM.c
                XEEIsBusy   0x012df8    program     extern D:\git\testing79m\Microchip\TCPIP Stack\SPIEEPROM.c
                  XEERead   0x012be6    program     extern D:\git\testing79m\Microchip\TCPIP Stack\SPIEEPROM.c
             XEEReadArray   0x012c3e    program     extern D:\git\testing79m\Microchip\TCPIP Stack\SPIEEPROM.c
                 XEEWrite   0x012cde    program     extern D:\git\testing79m\Microchip\TCPIP Stack\SPIEEPROM.c
            XEEWriteArray   0x012d0c    program     extern D:\git\testing79m\Microchip\TCPIP Stack\SPIEEPROM.c
                  _14jEnd   0x01400a    program     static C:\Program Files\mcc18\src\traditional\stdclib\atol.asm
              _2jContinue   0x011de8    program     static C:\Program Files\mcc18\src\traditional\stdclib\memset.asm
              _2jContinue   0x011cca    program     static C:\Program Files\mcc18\src\traditional\stdclib\memchr.asm
                   _2jEnd   0x011fd4    program     static C:\Program Files\mcc18\src\traditional\stdclib\slenpgm.asm
              _3jContinue   0x011db4    program     static C:\Program Files\mcc18\src\traditional\stdclib\mcpyp2r.asm
              _3jContinue   0x0120da    program     static C:\Program Files\mcc18\src\traditional\stdclib\sncpyp2r.asm
              _3jContinue   0x011d18    program     static C:\Program Files\mcc18\src\traditional\stdclib\mcmpp2r.asm
                   _3jEnd   0x011cd4    program     static C:\Program Files\mcc18\src\traditional\stdclib\memchr.asm
                   _3jEnd   0x011df2    program     static C:\Program Files\mcc18\src\traditional\stdclib\memset.asm
              _4jContinue   0x011d60    program     static C:\Program Files\mcc18\src\traditional\stdclib\memcpy.asm
              _4jContinue   0x012080    program     static C:\Program Files\mcc18\src\traditional\stdclib\strncpy.asm
              _4jContinue   0x012024    program     static C:\Program Files\mcc18\src\traditional\stdclib\strncat.asm
                   _4jEnd   0x011d22    program     static C:\Program Files\mcc18\src\traditional\stdclib\mcmpp2r.asm
                   _4jEnd   0x011dbe    program     static C:\Program Files\mcc18\src\traditional\stdclib\mcpyp2r.asm
                   _4jEnd   0x0120e4    program     static C:\Program Files\mcc18\src\traditional\stdclib\sncpyp2r.asm
                   _5jEnd   0x01208a    program     static C:\Program Files\mcc18\src\traditional\stdclib\strncpy.asm
                   _5jEnd   0x011d6a    program     static C:\Program Files\mcc18\src\traditional\stdclib\memcpy.asm
                   _5jEnd   0x01202e    program     static C:\Program Files\mcc18\src\traditional\stdclib\strncat.asm
        _D10TCYXCODE_000A   0x014a2a    program     static C:\Program Files\mcc18\src\traditional\delays\d10tcyx.asm
        _D10TCYXCODE_000C   0x014a2c    program     static C:\Program Files\mcc18\src\traditional\delays\d10tcyx.asm
        _D10TCYXCODE_000E   0x014a2e    program     static C:\Program Files\mcc18\src\traditional\delays\d10tcyx.asm
        _D1KTCYXCODE_0010   0x0149ba    program     static C:\Program Files\mcc18\src\traditional\delays\d1ktcyx.asm
        _D1KTCYXCODE_0016   0x0149c0    program     static C:\Program Files\mcc18\src\traditional\delays\d1ktcyx.asm
           _LoadFATRecord   0x00bdec    program     static D:\git\testing79m\Microchip\TCPIP Stack\MPFS2.c
                _Validate   0x00c0b8    program     static D:\git\testing79m\Microchip\TCPIP Stack\MPFS2.c
                 __FpExit   0x0111a6    program     extern C:\Program Files\mcc18\src\traditional\math\packFP.asm
                 __FpPack   0x0111d2    program     extern C:\Program Files\mcc18\src\traditional\math\packFP.asm
            __FpReturnNaN   0x01119a    program     extern C:\Program Files\mcc18\src\traditional\math\packFP.asm
         __FpReturnNegInf   0x0111ac    program     extern C:\Program Files\mcc18\src\traditional\math\packFP.asm
        __FpReturnNegZero   0x0111c4    program     extern C:\Program Files\mcc18\src\traditional\math\packFP.asm
         __FpReturnPosInf   0x0111b2    program     extern C:\Program Files\mcc18\src\traditional\math\packFP.asm
        __FpReturnPosZero   0x0111cc    program     extern C:\Program Files\mcc18\src\traditional\math\packFP.asm
        __FpReturnSignInf   0x0111a8    program     extern C:\Program Files\mcc18\src\traditional\math\packFP.asm
       __FpReturnSignZero   0x0111c0    program     extern C:\Program Files\mcc18\src\traditional\math\packFP.asm
              __FpReturnW   0x01122a    program     extern C:\Program Files\mcc18\src\traditional\math\packFP.asm
              __FpUnPackA   0x01124a    program     extern C:\Program Files\mcc18\src\traditional\math\UnpackFP.asm
              __FpUnPackB   0x01127a    program     extern C:\Program Files\mcc18\src\traditional\math\UnpackFP.asm
           ___do_lbl00002   0x014344    program     static                          
           ___do_lbl00002   0x0131f0    program     static                          
           ___do_lbl00003   0x014348    program     static                          
           ___do_lbl00003   0x0131f4    program     static                          
           ___do_lbl00004   0x014326    program     static                          
           ___do_lbl00004   0x0131e0    program     static                          
         ___else_lbl00314   0x005486    program     static                          
         ___else_lbl00316   0x0054fe    program     static                          
         ___else_lbl00326   0x0055ea    program     static                          
         ___else_lbl00333   0x00564a    program     static                          
         ___else_lbl00336   0x005688    program     static                          
          ___for_lbl00122   0x00df3e    program     static                          
          ___for_lbl00123   0x00df44    program     static                          
          ___for_lbl00124   0x00df20    program     static                          
          ___for_lbl00125   0x00df58    program     static                          
          ___for_lbl00126   0x00df5c    program     static                          
          ___for_lbl00127   0x00df44    program     static                          
          ___for_lbl00307   0x005480    program     static                          
          ___for_lbl00308   0x005484    program     static                          
          ___for_lbl00309   0x00545c    program     static                          
          ___for_lbl00310   0x0054d0    program     static                          
          ___for_lbl00311   0x0054d4    program     static                          
          ___for_lbl00312   0x0054a0    program     static                          
          ___for_lbl00321   0x0055fa    program     static                          
          ___for_lbl00322   0x0055fe    program     static                          
          ___for_lbl00327   0x0055ac    program     static                          
          ___for_lbl00328   0x00565a    program     static                          
          ___for_lbl00329   0x00565e    program     static                          
          ___for_lbl00334   0x00560c    program     static                          
          ___for_lbl00338   0x00571e    program     static                          
          ___for_lbl00339   0x005722    program     static                          
          ___for_lbl00342   0x0056e2    program     static                          
          ___for_lbl00343   0x00576c    program     static                          
          ___for_lbl00344   0x005770    program     static                          
          ___for_lbl00347   0x005730    program     static                          
           ___if_lbl00005   0x00d6c8    program     static                          
           ___if_lbl00006   0x00d6e6    program     static                          
           ___if_lbl00007   0x00d780    program     static                          
           ___if_lbl00008   0x00d786    program     static                          
           ___if_lbl00020   0x00fcda    program     static                          
           ___if_lbl00021   0x00fce6    program     static                          
           ___if_lbl00027   0x00fdba    program     static                          
           ___if_lbl00030   0x00fe3a    program     static                          
           ___if_lbl00306   0x00543a    program     static                          
           ___if_lbl00313   0x0054d4    program     static                          
           ___if_lbl00315   0x00551e    program     static                          
           ___if_lbl00317   0x00551e    program     static                          
           ___if_lbl00318   0x00552a    program     static                          
           ___if_lbl00319   0x005536    program     static                          
           ___if_lbl00324   0x0055fa    program     static                          
           ___if_lbl00325   0x0055fa    program     static                          
           ___if_lbl00331   0x00565a    program     static                          
           ___if_lbl00332   0x00565a    program     static                          
           ___if_lbl00335   0x0056a8    program     static                          
           ___if_lbl00341   0x00571e    program     static                          
           ___if_lbl00346   0x00576c    program     static                          
       ___return_lbl00000   0x00fb42    program     static                          
       ___return_lbl00000   0x014914    program     static                          
       ___return_lbl00000   0x014940    program     static                          
       ___return_lbl00000   0x00d7d0    program     static                          
       ___return_lbl00000   0x000004    program     static                          
       ___return_lbl00000   0x014a1e    program     static                          
       ___return_lbl00000   0x01349a    program     static                          
       ___return_lbl00000   0x01485e    program     static                          
       ___return_lbl00001   0x0149a8    program     static                          
       ___return_lbl00001   0x01434a    program     static                          
       ___return_lbl00001   0x0131f6    program     static                          
       ___return_lbl00001   0x01382c    program     static                          
       ___return_lbl00002   0x014666    program     static                          
       ___return_lbl00004   0x013904    program     static                          
       ___return_lbl00005   0x013226    program     static                          
       ___return_lbl00006   0x013258    program     static                          
       ___return_lbl00007   0x01328e    program     static                          
       ___return_lbl00019   0x00001c    program     static                          
       ___return_lbl00019   0x00fe42    program     static                          
       ___return_lbl00020   0x00000c    program     static                          
       ___return_lbl00079   0x0102bc    program     static                          
       ___return_lbl00080   0x01030c    program     static                          
       ___return_lbl00083   0x01036e    program     static                          
       ___return_lbl00086   0x0103c8    program     static                          
       ___return_lbl00089   0x01041a    program     static                          
       ___return_lbl00121   0x00df6e    program     static                          
       ___return_lbl00303   0x005536    program     static                          
       ___return_lbl00320   0x0056a8    program     static                          
       ___return_lbl00337   0x005770    program     static                          
        ___while_lbl00001   0x00d556    program     static                          
        ___while_lbl00001   0x00fa54    program     static                          
        ___while_lbl00002   0x00d788    program     static                          
        ___while_lbl00002   0x013810    program     static                          
        ___while_lbl00002   0x00fa5a    program     static                          
        ___while_lbl00003   0x00d55e    program     static                          
        ___while_lbl00003   0x013818    program     static                          
        ___while_lbl00004   0x00d562    program     static                          
        ___while_lbl00081   0x0102d8    program     static                          
        ___while_lbl00082   0x01030c    program     static                          
        ___while_lbl00084   0x010328    program     static                          
        ___while_lbl00085   0x01036e    program     static                          
        ___while_lbl00087   0x01039e    program     static                          
        ___while_lbl00088   0x0103a4    program     static                          
        ___while_lbl00090   0x010414    program     static                          
        ___while_lbl00091   0x01041a    program     static                          
        ___while_lbl00304   0x0051be    program     static                          
        ___while_lbl00305   0x0052f0    program     static                          
               __config_0   0x01fff8    program     static D:\git\testing79m\Main\Main.c
               __config_1   0x01fffa    program     static D:\git\testing79m\Main\Main.c
               __config_2   0x01fffd    program     static D:\git\testing79m\Main\Main.c
                   __init   0x014a88    program     extern C:\Program Files\mcc18\src\traditional\stdclib\__init.c
                   __pa_0   0x00c130    program     static D:\git\testing79m\Microchip\TCPIP Stack\MPFS2.c
                   __pa_0   0x0142ee    program     static D:\git\testing79m\Microchip\TCPIP Stack\ICMP.c
                   __pa_0   0x012e36    program     static D:\git\testing79m\Microchip\TCPIP Stack\SPIEEPROM.c
                   __pa_0   0x013c6e    program     static D:\git\testing79m\Drivers\External-Peripherals\devadc.c
                   __pa_0   0x013e6e    program     static D:\git\testing79m\Drivers\MCU-Internal\ISR.c
                   __pa_0   0x0143f2    program     static D:\git\testing79m\Microchip\TCPIP Stack\Tick.c
                   __pa_0   0x00d080    program     static D:\git\testing79m\App\WebUI\HTTPPrint.c
                   __pa_0   0x0144e0    program     static D:\git\testing79m\Microchip\TCPIP Stack\UART.c
                   __pa_0   0x00854a    program     static D:\git\testing79m\Microchip\TCPIP Stack\HTTP2.c
                   __pa_0   0x005dda    program     static D:\git\testing79m\Singcom\Drivers\lcd.c
                   __pa_0   0x0130ea    program     static D:\git\testing79m\Singcom\Drivers\i2c_c1.c
                   __pa_0   0x00b1ba    program     static D:\git\testing79m\SysLib\util.c
                   __pa_0   0x009f54    program     static D:\git\testing79m\App\WebUI\HTTPGetDevInfo.c
                   __pa_0   0x010ba8    program     static D:\git\testing79m\App\WebUI\HTTPApp.c
                   __pa_0   0x002d60    program     static D:\git\testing79m\Microchip\TCPIP Stack\TCP.c
                   __pa_0   0x01240c    program     static D:\git\testing79m\Singcom\Devices\MainControl_c1.c
                   __pa_0   0x013418    program     static D:\git\testing79m\Singcom\Drivers\oled_c1.c
                   __pa_0   0x013b32    program     static D:\git\testing79m\Microchip\TCPIP Stack\StackTsk.c
                   __pa_0   0x00e006    program     static D:\git\testing79m\Microchip\TCPIP Stack\Helpers.c
                   __pa_0   0x012b24    program     static D:\git\testing79m\Microchip\TCPIP Stack\IP.c
                   __pa_0   0x01278e    program     static D:\git\testing79m\Bootstrap\Initialization.c
                   __pa_0   0x0141a0    program     static D:\git\testing79m\Singcom\Devices\UpConverter_c1.c
                   __pa_0   0x010448    program     static D:\git\testing79m\Microchip\TCPIP Stack\ETH97J60.c
                   __pa_0   0x011c08    program     static D:\git\testing79m\Microchip\TCPIP Stack\ARP.c
[...]
                TRISCbits   0x000f94       data     extern C:\MCC18\src\traditional\proc\p18F97J60.asm
                 DDRDbits   0x000f95       data     extern C:\MCC18\src\traditional\proc\p18F97J60.asm
                     DDRD   0x000f95       data     extern C:\MCC18\src\traditional\proc\p18F97J60.asm
                    TRISD   0x000f95       data     extern C:\MCC18\src\traditional\proc\p18F97J60.asm
                TRISDbits   0x000f95       data     extern C:\MCC18\src\traditional\proc\p18F97J60.asm
                 DDREbits   0x000f96       data     extern C:\MCC18\src\traditional\proc\p18F97J60.asm
                     DDRE   0x000f96       data     extern C:\MCC18\src\traditional\proc\p18F97J60.asm
                    TRISE   0x000f96       data     extern C:\MCC18\src\traditional\proc\p18F97J60.asm
                TRISEbits   0x000f96       data     extern C:\MCC18\src\traditional\proc\p18F97J60.asm
                    TRISF   0x000f97       data     extern C:\MCC18\src\traditional\proc\p18F97J60.asm
                TRISFbits   0x000f97       data     extern C:\MCC18\src\traditional\proc\p18F97J60.asm
                     DDRF   0x000f97       data     extern C:\MCC18\src\traditional\proc\p18F97J60.asm
                 DDRFbits   0x000f97       data     extern C:\MCC18\src\traditional\proc\p18F97J60.asm
                    TRISG   0x000f98       data     extern C:\MCC18\src\traditional\proc\p18F97J60.asm
                     DDRG   0x000f98       data     extern C:\MCC18\src\traditional\proc\p18F97J60.asm
                 DDRGbits   0x000f98       data     extern C:\MCC18\src\traditional\proc\p18F97J60.asm
                TRISGbits   0x000f98       data     extern C:\MCC18\src\traditional\proc\p18F97J60.asm
                     DDRH   0x000f99       data     extern C:\MCC18\src\traditional\proc\p18F97J60.asm
                 DDRHbits   0x000f99       data     extern C:\MCC18\src\traditional\proc\p18F97J60.asm
                    TRISH   0x000f99       data     extern C:\MCC18\src\traditional\proc\p18F97J60.asm
                TRISHbits   0x000f99       data     extern C:\MCC18\src\traditional\proc\p18F97J60.asm
                    TRISJ   0x000f9a       data     extern C:\MCC18\src\traditional\proc\p18F97J60.asm
                TRISJbits   0x000f9a       data     extern C:\MCC18\src\traditional\proc\p18F97J60.asm
                 DDRJbits   0x000f9a       data     extern C:\MCC18\src\traditional\proc\p18F97J60.asm
                     DDRJ   0x000f9a       data     extern C:\MCC18\src\traditional\proc\p18F97J60.asm
              OSCTUNEbits   0x000f9b       data     extern C:\MCC18\src\traditional\proc\p18F97J60.asm
                  OSCTUNE   0x000f9b       data     extern C:\MCC18\src\traditional\proc\p18F97J60.asm
               MEMCONbits   0x000f9c       data     extern C:\MCC18\src\traditional\proc\p18F97J60.asm
                   MEMCON   0x000f9c       data     extern C:\MCC18\src\traditional\proc\p18F97J60.asm
                 PIE1bits   0x000f9d       data     extern C:\MCC18\src\traditional\proc\p18F97J60.asm
                     PIE1   0x000f9d       data     extern C:\MCC18\src\traditional\proc\p18F97J60.asm
                     PIR1   0x000f9e       data     extern C:\MCC18\src\traditional\proc\p18F97J60.asm
                 PIR1bits   0x000f9e       data     extern C:\MCC18\src\traditional\proc\p18F97J60.asm
                 IPR1bits   0x000f9f       data     extern C:\MCC18\src\traditional\proc\p18F97J60.asm
                     IPR1   0x000f9f       data     extern C:\MCC18\src\traditional\proc\p18F97J60.asm
                     PIE2   0x000fa0       data     extern C:\MCC18\src\traditional\proc\p18F97J60.asm
                 PIE2bits   0x000fa0       data     extern C:\MCC18\src\traditional\proc\p18F97J60.asm
                     PIR2   0x000fa1       data     extern C:\MCC18\src\traditional\proc\p18F97J60.asm
                 PIR2bits   0x000fa1       data     extern C:\MCC18\src\traditional\proc\p18F97J60.asm
                     IPR2   0x000fa2       data     extern C:\MCC18\src\traditional\proc\p18F97J60.asm
                 IPR2bits   0x000fa2       data     extern C:\MCC18\src\traditional\proc\p18F97J60.asm
                     PIE3   0x000fa3       data     extern C:\MCC18\src\traditional\proc\p18F97J60.asm
                 PIE3bits   0x000fa3       data     extern C:\MCC18\src\traditional\proc\p18F97J60.asm
                     PIR3   0x000fa4       data     extern C:\MCC18\src\traditional\proc\p18F97J60.asm
                 PIR3bits   0x000fa4       data     extern C:\MCC18\src\traditional\proc\p18F97J60.asm
                     IPR3   0x000fa5       data     extern C:\MCC18\src\traditional\proc\p18F97J60.asm
                 IPR3bits   0x000fa5       data     extern C:\MCC18\src\traditional\proc\p18F97J60.asm
                   EECON1   0x000fa6       data     extern C:\MCC18\src\traditional\proc\p18F97J60.asm
               EECON1bits   0x000fa6       data     extern C:\MCC18\src\traditional\proc\p18F97J60.asm
                   EECON2   0x000fa7       data     extern C:\MCC18\src\traditional\proc\p18F97J60.asm
               RCSTA1bits   0x000fab       data     extern C:\MCC18\src\traditional\proc\p18F97J60.asm
                RCSTAbits   0x000fab       data     extern C:\MCC18\src\traditional\proc\p18F97J60.asm
                    RCSTA   0x000fab       data     extern C:\MCC18\src\traditional\proc\p18F97J60.asm
                   RCSTA1   0x000fab       data     extern C:\MCC18\src\traditional\proc\p18F97J60.asm
                    TXSTA   0x000fac       data     extern C:\MCC18\src\traditional\proc\p18F97J60.asm
                   TXSTA1   0x000fac       data     extern C:\MCC18\src\traditional\proc\p18F97J60.asm
               TXSTA1bits   0x000fac       data     extern C:\MCC18\src\traditional\proc\p18F97J60.asm
                TXSTAbits   0x000fac       data     extern C:\MCC18\src\traditional\proc\p18F97J60.asm
                    TXREG   0x000fad       data     extern C:\MCC18\src\traditional\proc\p18F97J60.asm
                   TXREG1   0x000fad       data     extern C:\MCC18\src\traditional\proc\p18F97J60.asm
                   RCREG1   0x000fae       data     extern C:\MCC18\src\traditional\proc\p18F97J60.asm
                    RCREG   0x000fae       data     extern C:\MCC18\src\traditional\proc\p18F97J60.asm
                   SPBRG1   0x000faf       data     extern C:\MCC18\src\traditional\proc\p18F97J60.asm
                    SPBRG   0x000faf       data     extern C:\MCC18\src\traditional\proc\p18F97J60.asm
                   PSPCON   0x000fb0       data     extern C:\MCC18\src\traditional\proc\p18F97J60.asm
               PSPCONbits   0x000fb0       data     extern C:\MCC18\src\traditional\proc\p18F97J60.asm
                T3CONbits   0x000fb1       data     extern C:\MCC18\src\traditional\proc\p18F97J60.asm
                    T3CON   0x000fb1       data     extern C:\MCC18\src\traditional\proc\p18F97J60.asm
                    TMR3L   0x000fb2       data     extern C:\MCC18\src\traditional\proc\p18F97J60.asm
                    TMR3H   0x000fb3       data     extern C:\MCC18\src\traditional\proc\p18F97J60.asm
                CMCONbits   0x000fb4       data     extern C:\MCC18\src\traditional\proc\p18F97J60.asm
                    CMCON   0x000fb4       data     extern C:\MCC18\src\traditional\proc\p18F97J60.asm
               CVRCONbits   0x000fb5       data     extern C:\MCC18\src\traditional\proc\p18F97J60.asm
                   CVRCON   0x000fb5       data     extern C:\MCC18\src\traditional\proc\p18F97J60.asm
                  ECCP1AS   0x000fb6       data     extern C:\MCC18\src\traditional\proc\p18F97J60.asm
              ECCP1ASbits   0x000fb6       data     extern C:\MCC18\src\traditional\proc\p18F97J60.asm
              CCP3CONbits   0x000fb7       data     extern C:\MCC18\src\traditional\proc\p18F97J60.asm
                  CCP3CON   0x000fb7       data     extern C:\MCC18\src\traditional\proc\p18F97J60.asm
             ECCP3CONbits   0x000fb7       data     extern C:\MCC18\src\traditional\proc\p18F97J60.asm
                 ECCP3CON   0x000fb7       data     extern C:\MCC18\src\traditional\proc\p18F97J60.asm
                    CCPR3   0x000fb8       data     extern C:\MCC18\src\traditional\proc\p18F97J60.asm
                   CCPR3L   0x000fb8       data     extern C:\MCC18\src\traditional\proc\p18F97J60.asm
                   CCPR3H   0x000fb9       data     extern C:\MCC18\src\traditional\proc\p18F97J60.asm
                 ECCP2CON   0x000fba       data     extern C:\MCC18\src\traditional\proc\p18F97J60.asm
             ECCP2CONbits   0x000fba       data     extern C:\MCC18\src\traditional\proc\p18F97J60.asm
                  CCP2CON   0x000fba       data     extern C:\MCC18\src\traditional\proc\p18F97J60.asm
              CCP2CONbits   0x000fba       data     extern C:\MCC18\src\traditional\proc\p18F97J60.asm
                   CCPR2L   0x000fbb       data     extern C:\MCC18\src\traditional\proc\p18F97J60.asm
                    CCPR2   0x000fbb       data     extern C:\MCC18\src\traditional\proc\p18F97J60.asm
                   CCPR2H   0x000fbc       data     extern C:\MCC18\src\traditional\proc\p18F97J60.asm
              CCP1CONbits   0x000fbd       data     extern C:\MCC18\src\traditional\proc\p18F97J60.asm
                  CCP1CON   0x000fbd       data     extern C:\MCC18\src\traditional\proc\p18F97J60.asm
             ECCP1CONbits   0x000fbd       data     extern C:\MCC18\src\traditional\proc\p18F97J60.asm
                 ECCP1CON   0x000fbd       data     extern C:\MCC18\src\traditional\proc\p18F97J60.asm
                   CCPR1L   0x000fbe       data     extern C:\MCC18\src\traditional\proc\p18F97J60.asm
                    CCPR1   0x000fbe       data     extern C:\MCC18\src\traditional\proc\p18F97J60.asm
                   CCPR1H   0x000fbf       data     extern C:\MCC18\src\traditional\proc\p18F97J60.asm
               ADCON2bits   0x000fc0       data     extern C:\MCC18\src\traditional\proc\p18F97J60.asm
                   ADCON2   0x000fc0       data     extern C:\MCC18\src\traditional\proc\p18F97J60.asm
               ADCON1bits   0x000fc1       data     extern C:\MCC18\src\traditional\proc\p18F97J60.asm
                   ADCON1   0x000fc1       data     extern C:\MCC18\src\traditional\proc\p18F97J60.asm
               ADCON0bits   0x000fc2       data     extern C:\MCC18\src\traditional\proc\p18F97J60.asm
                   ADCON0   0x000fc2       data     extern C:\MCC18\src\traditional\proc\p18F97J60.asm
                   ADRESL   0x000fc3       data     extern C:\MCC18\src\traditional\proc\p18F97J60.asm
                    ADRES   0x000fc3       data     extern C:\MCC18\src\traditional\proc\p18F97J60.asm
                   ADRESH   0x000fc4       data     extern C:\MCC18\src\traditional\proc\p18F97J60.asm
              SSPCON2bits   0x000fc5       data     extern C:\MCC18\src\traditional\proc\p18F97J60.asm
                  SSPCON2   0x000fc5       data     extern C:\MCC18\src\traditional\proc\p18F97J60.asm
                 SSP1CON2   0x000fc5       data     extern C:\MCC18\src\traditional\proc\p18F97J60.asm
             SSP1CON2bits   0x000fc5       data     extern C:\MCC18\src\traditional\proc\p18F97J60.asm
              SSPCON1bits   0x000fc6       data     extern C:\MCC18\src\traditional\proc\p18F97J60.asm
                  SSPCON1   0x000fc6       data     extern C:\MCC18\src\traditional\proc\p18F97J60.asm
             SSP1CON1bits   0x000fc6       data     extern C:\MCC18\src\traditional\proc\p18F97J60.asm
                 SSP1CON1   0x000fc6       data     extern C:\MCC18\src\traditional\proc\p18F97J60.asm
              SSPSTATbits   0x000fc7       data     extern C:\MCC18\src\traditional\proc\p18F97J60.asm
                  SSPSTAT   0x000fc7       data     extern C:\MCC18\src\traditional\proc\p18F97J60.asm
             SSP1STATbits   0x000fc7       data     extern C:\MCC18\src\traditional\proc\p18F97J60.asm
                 SSP1STAT   0x000fc7       data     extern C:\MCC18\src\traditional\proc\p18F97J60.asm
                  SSP1ADD   0x000fc8       data     extern C:\MCC18\src\traditional\proc\p18F97J60.asm
                   SSPADD   0x000fc8       data     extern C:\MCC18\src\traditional\proc\p18F97J60.asm
                  SSP1BUF   0x000fc9       data     extern C:\MCC18\src\traditional\proc\p18F97J60.asm
                   SSPBUF   0x000fc9       data     extern C:\MCC18\src\traditional\proc\p18F97J60.asm
                T2CONbits   0x000fca       data     extern C:\MCC18\src\traditional\proc\p18F97J60.asm
                    T2CON   0x000fca       data     extern C:\MCC18\src\traditional\proc\p18F97J60.asm
                      PR2   0x000fcb       data     extern C:\MCC18\src\traditional\proc\p18F97J60.asm
                     TMR2   0x000fcc       data     extern C:\MCC18\src\traditional\proc\p18F97J60.asm
                T1CONbits   0x000fcd       data     extern C:\MCC18\src\traditional\proc\p18F97J60.asm
                    T1CON   0x000fcd       data     extern C:\MCC18\src\traditional\proc\p18F97J60.asm
                    TMR1L   0x000fce       data     extern C:\MCC18\src\traditional\proc\p18F97J60.asm
                    TMR1H   0x000fcf       data     extern C:\MCC18\src\traditional\proc\p18F97J60.asm
                 RCONbits   0x000fd0       data     extern C:\MCC18\src\traditional\proc\p18F97J60.asm
                     RCON   0x000fd0       data     extern C:\MCC18\src\traditional\proc\p18F97J60.asm
                   WDTCON   0x000fd1       data     extern C:\MCC18\src\traditional\proc\p18F97J60.asm
               WDTCONbits   0x000fd1       data     extern C:\MCC18\src\traditional\proc\p18F97J60.asm
                    ECON1   0x000fd2       data     extern C:\MCC18\src\traditional\proc\p18F97J60.asm
                ECON1bits   0x000fd2       data     extern C:\MCC18\src\traditional\proc\p18F97J60.asm
                   OSCCON   0x000fd3       data     extern C:\MCC18\src\traditional\proc\p18F97J60.asm
               OSCCONbits   0x000fd3       data     extern C:\MCC18\src\traditional\proc\p18F97J60.asm
                    T0CON   0x000fd5       data     extern C:\MCC18\src\traditional\proc\p18F97J60.asm
                T0CONbits   0x000fd5       data     extern C:\MCC18\src\traditional\proc\p18F97J60.asm
                    TMR0L   0x000fd6       data     extern C:\MCC18\src\traditional\proc\p18F97J60.asm
                    TMR0H   0x000fd7       data     extern C:\MCC18\src\traditional\proc\p18F97J60.asm
               STATUSbits   0x000fd8       data     extern C:\MCC18\src\traditional\proc\p18F97J60.asm
                   STATUS   0x000fd8       data     extern C:\MCC18\src\traditional\proc\p18F97J60.asm
                     FSR2   0x000fd9       data     extern C:\MCC18\src\traditional\proc\p18F97J60.asm
                    FSR2L   0x000fd9       data     extern C:\MCC18\src\traditional\proc\p18F97J60.asm
                    FSR2H   0x000fda       data     extern C:\MCC18\src\traditional\proc\p18F97J60.asm
                   PLUSW2   0x000fdb       data     extern C:\MCC18\src\traditional\proc\p18F97J60.asm
                  PREINC2   0x000fdc       data     extern C:\MCC18\src\traditional\proc\p18F97J60.asm
                 POSTDEC2   0x000fdd       data     extern C:\MCC18\src\traditional\proc\p18F97J60.asm
                 POSTINC2   0x000fde       data     extern C:\MCC18\src\traditional\proc\p18F97J60.asm
                    INDF2   0x000fdf       data     extern C:\MCC18\src\traditional\proc\p18F97J60.asm
                      BSR   0x000fe0       data     extern C:\MCC18\src\traditional\proc\p18F97J60.asm
                     FSR1   0x000fe1       data     extern C:\MCC18\src\traditional\proc\p18F97J60.asm
                    FSR1L   0x000fe1       data     extern C:\MCC18\src\traditional\proc\p18F97J60.asm
                    FSR1H   0x000fe2       data     extern C:\MCC18\src\traditional\proc\p18F97J60.asm
                   PLUSW1   0x000fe3       data     extern C:\MCC18\src\traditional\proc\p18F97J60.asm
                  PREINC1   0x000fe4       data     extern C:\MCC18\src\traditional\proc\p18F97J60.asm
                 POSTDEC1   0x000fe5       data     extern C:\MCC18\src\traditional\proc\p18F97J60.asm
                 POSTINC1   0x000fe6       data     extern C:\MCC18\src\traditional\proc\p18F97J60.asm
                    INDF1   0x000fe7       data     extern C:\MCC18\src\traditional\proc\p18F97J60.asm
                     WREG   0x000fe8       data     extern C:\MCC18\src\traditional\proc\p18F97J60.asm
                    FSR0L   0x000fe9       data     extern C:\MCC18\src\traditional\proc\p18F97J60.asm
                     FSR0   0x000fe9       data     extern C:\MCC18\src\traditional\proc\p18F97J60.asm
                    FSR0H   0x000fea       data     extern C:\MCC18\src\traditional\proc\p18F97J60.asm
                   PLUSW0   0x000feb       data     extern C:\MCC18\src\traditional\proc\p18F97J60.asm
                  PREINC0   0x000fec       data     extern C:\MCC18\src\traditional\proc\p18F97J60.asm
                 POSTDEC0   0x000fed       data     extern C:\MCC18\src\traditional\proc\p18F97J60.asm
                 POSTINC0   0x000fee       data     extern C:\MCC18\src\traditional\proc\p18F97J60.asm
                    INDF0   0x000fef       data     extern C:\MCC18\src\traditional\proc\p18F97J60.asm
              INTCON3bits   0x000ff0       data     extern C:\MCC18\src\traditional\proc\p18F97J60.asm
                  INTCON3   0x000ff0       data     extern C:\MCC18\src\traditional\proc\p18F97J60.asm
              INTCON2bits   0x000ff1       data     extern C:\MCC18\src\traditional\proc\p18F97J60.asm
                  INTCON2   0x000ff1       data     extern C:\MCC18\src\traditional\proc\p18F97J60.asm
               INTCONbits   0x000ff2       data     extern C:\MCC18\src\traditional\proc\p18F97J60.asm
                   INTCON   0x000ff2       data     extern C:\MCC18\src\traditional\proc\p18F97J60.asm
                     PROD   0x000ff3       data     extern C:\MCC18\src\traditional\proc\p18F97J60.asm
                    PRODL   0x000ff3       data     extern C:\MCC18\src\traditional\proc\p18F97J60.asm
                    PRODH   0x000ff4       data     extern C:\MCC18\src\traditional\proc\p18F97J60.asm
                   TABLAT   0x000ff5       data     extern C:\MCC18\src\traditional\proc\p18F97J60.asm
                   TBLPTR   0x000ff6       data     extern C:\MCC18\src\traditional\proc\p18F97J60.asm
                  TBLPTRL   0x000ff6       data     extern C:\MCC18\src\traditional\proc\p18F97J60.asm
                  TBLPTRH   0x000ff7       data     extern C:\MCC18\src\traditional\proc\p18F97J60.asm
                  TBLPTRU   0x000ff8       data     extern C:\MCC18\src\traditional\proc\p18F97J60.asm
                       PC   0x000ff9       data     extern C:\MCC18\src\traditional\proc\p18F97J60.asm
                      PCL   0x000ff9       data     extern C:\MCC18\src\traditional\proc\p18F97J60.asm
                   PCLATH   0x000ffa       data     extern C:\MCC18\src\traditional\proc\p18F97J60.asm
                   PCLATU   0x000ffb       data     extern C:\MCC18\src\traditional\proc\p18F97J60.asm
                   STKPTR   0x000ffc       data     extern C:\MCC18\src\traditional\proc\p18F97J60.asm
               STKPTRbits   0x000ffc       data     extern C:\MCC18\src\traditional\proc\p18F97J60.asm
                     TOSL   0x000ffd       data     extern C:\MCC18\src\traditional\proc\p18F97J60.asm
                      TOS   0x000ffd       data     extern C:\MCC18\src\traditional\proc\p18F97J60.asm
                     TOSH   0x000ffe       data     extern C:\MCC18\src\traditional\proc\p18F97J60.asm
                     TOSU   0x000fff       data     extern C:\MCC18\src\traditional\proc\p18F97J60.asm


