MPLINK 4.22, Linker
Linker Map File - Created Thu Jan 11 07:51:56 2018

                                 Section Info
                  Section       Type    Address   Location Size(Bytes)
                ---------  ---------  ---------  ---------  ---------
               _entry_scn       code   0x000000    program   0x000006
               highVector       code   0x000008    program   0x000006
                lowVector       code   0x000018    program   0x000006
                   .cinit    romdata   0x00002a    program   0x00009e
              .code_TCP.o       code   0x0000c8    program   0x003d4e
              .code_lcd.o       code   0x003e16    program   0x002a24
            .code_HTTP2.o       code   0x00683a    program   0x00243a
   .code_HTTPGetDevInfo.o       code   0x008c74    program   0x001a16
             .code_util.o       code   0x00a68a    program   0x001006
            .code_MPFS2.o       code   0x00b690    program   0x000f12
        .code_HTTPPrint.o       code   0x00c5a2    program   0x000ede
          .code_Helpers.o       code   0x00d480    program   0x000d78
         .code_vfprintf.o       code   0x00e1f8    program   0x000c22
             .stringtable    romdata   0x00ee1a    program   0x000bd9
       .romdata_SNMPApp.o    romdata   0x00f9f3    program   0x000000
       .romdata_HTTPApp.o    romdata   0x00f9f3    program   0x000000
          .romdata_util.o    romdata   0x00f9f3    program   0x000000
          .idata_SNMP.o_i    romdata   0x00f9f3    program   0x000000
.romdata_UART2TCPBridge.o    romdata   0x00f9f3    program   0x000000
   .idata_internalADC.o_i    romdata   0x00f9f3    program   0x000000
         .idata_HTTP2.o_i    romdata   0x00f9f3    program   0x000000
           .romdata_ISR.o    romdata   0x00f9f3    program   0x000000
        .romdata_devadc.o    romdata   0x00f9f3    program   0x000000
        .idata_devspi.o_i    romdata   0x00f9f3    program   0x000000
      .romdata_SPIFlash.o    romdata   0x00f9f3    program   0x000000
     .idata_SPIEEPROM.o_i    romdata   0x00f9f3    program   0x000000
          .romdata_ICMP.o    romdata   0x00f9f3    program   0x000000
          .idata_ICMP.o_i    romdata   0x00f9f3    program   0x000000
    .romdata__user_putc.o    romdata   0x00f9f3    program   0x000000
          .romdata_putc.o    romdata   0x00f9f3    program   0x000000
          .idata_putc.o_i    romdata   0x00f9f3    program   0x000000
      .idata_vfprintf.o_i    romdata   0x00f9f3    program   0x000000
        .idata___init.o_i    romdata   0x00f9f3    program   0x000000
       .romdata_adcopen.o    romdata   0x00f9f3    program   0x000000
       .idata_fxm3232.o_i    romdata   0x00f9f3    program   0x000000
      .romdata_fxd3232u.o    romdata   0x00f9f3    program   0x000000
      .idata_fxd1616u.o_i    romdata   0x00f9f3    program   0x000000
      .romdata_fxd0808u.o    romdata   0x00f9f3    program   0x000000
      .idata_adcclose.o_i    romdata   0x00f9f3    program   0x000000
        .romdata_i2c_c1.o    romdata   0x00f9f3    program   0x000000
     .romdata_HTTPPrint.o    romdata   0x00f9f3    program   0x000000
     .idata_HTTPPrint.o_i    romdata   0x00f9f3    program   0x000000
.romdata_UpConverter_c1.o    romdata   0x00f9f3    program   0x000000
.romdata_MainControl_c1.o    romdata   0x00f9f3    program   0x000000
.idata_DownConverter_c1.o_i    romdata   0x00f9f3    program   0x000000
   .romdata_SNMPSysInfo.o    romdata   0x00f9f3    program   0x000000
.idata_SNMPLLiBUCStatus.o_i    romdata   0x00f9f3    program   0x000000
  .romdata_SNMPLLiBUCOp.o    romdata   0x00f9f3    program   0x000000
.idata_SNMPLLiBUCDevInfo.o_i    romdata   0x00f9f3    program   0x000000
           .idata_UDP.o_i    romdata   0x00f9f3    program   0x000000
           .idata_ARP.o_i    romdata   0x00f9f3    program   0x000001
      .idata_ETH97J60.o_i    romdata   0x00f9f3    program   0x000000
      .romdata_ETH97J60.o    romdata   0x00f9f3    program   0x000000
      .idata_StackTsk.o_i    romdata   0x00f9f3    program   0x000000
      .romdata_MPFSImg2.o    romdata   0x00f9f3    program   0x000000
      .idata_MPFSImg2.o_i    romdata   0x00f9f3    program   0x000000
         .idata_Delay.o_i    romdata   0x00f9f3    program   0x000000
         .romdata_Delay.o    romdata   0x00f9f3    program   0x000000
       .idata_Helpers.o_i    romdata   0x00f9f3    program   0x000000
.idata_Initialization.o_i    romdata   0x00f9f3    program   0x000000
          .romdata_Tick.o    romdata   0x00f9f3    program   0x000000
          .idata_DHCP.o_i    romdata   0x00f9f3    program   0x000000
          .romdata_DHCP.o    romdata   0x00f9f3    program   0x000000
        .idata_c018iz.o_i    romdata   0x00f9f3    program   0x000000
         .idata_DHCPs.o_i    romdata   0x00f9f3    program   0x000000
         .code_ETH97J60.o       code   0x00f9f4    program   0x000bb2
          .code_HTTPApp.o       code   0x0105a6    program   0x0006e2
                     PROG       code   0x010c88    program   0x0005d8
           .romdata_lcd.o    romdata   0x011260    program   0x000578
              .code_ARP.o       code   0x0117d8    program   0x000494
                   STRING       code   0x011c6c    program   0x00046c
   .code_MainControl_c1.o       code   0x0120d8    program   0x0003f6
   .code_Initialization.o       code   0x0124ce    program   0x000382
               .code_IP.o       code   0x012850    program   0x00032e
        .code_SPIEEPROM.o       code   0x012b7e    program   0x0002fa
           .code_i2c_c1.o       code   0x012e78    program   0x0002f6
          .code_oled_c1.o       code   0x01316e    program   0x0002e4
             .code_Main.o       code   0x013452    program   0x000288
      .code_internalADC.o       code   0x0136da    program   0x000252
         .code_StackTsk.o       code   0x01392c    program   0x0001e4
           .code_devadc.o       code   0x013b10    program   0x0001de
              .code_ISR.o       code   0x013cee    program   0x0001b8
                   STDLIB       code   0x013ea6    program   0x000192
   .code_UpConverter_c1.o       code   0x014038    program   0x00014e
             .code_ICMP.o       code   0x014186    program   0x00014a
             .code_Tick.o       code   0x0142d0    program   0x000122
             .code_UART.o       code   0x0143f2    program   0x0000e6
          .code_sprintf.o       code   0x0144d8    program   0x0000ac
               _cinit_scn       code   0x014584    program   0x00009e
           .code_devspi.o       code   0x014622    program   0x000086
             .code_putc.o       code   0x0146a8    program   0x000084
         .romdata_HTTP2.o    romdata   0x01472c    program   0x00007e
          .code_fxm3232.o       code   0x0147aa    program   0x000070
          .code_adcopen.o       code   0x01481a    program   0x00006e
         .code_fxd3232u.o       code   0x014888    program   0x000048
         .code_fxd1616u.o       code   0x0148d0    program   0x00002c
                    CTYPE       code   0x0148fc    program   0x000024
           .romdata_TCP.o    romdata   0x014920    program   0x000024
             _startup_scn       code   0x014944    program   0x000020
              D1KTCYXCODE       code   0x014964    program   0x000020
   .code_UART2TCPBridge.o       code   0x014984    program   0x00001e
                    STDIO       code   0x0149a2    program   0x00001c
         .code_fxd0808u.o       code   0x0149be    program   0x00001c
              D10TCYXCODE       code   0x0149da    program   0x000016
 .code_DownConverter_c1.o       code   0x0149f0    program   0x000014
      .romdata_vfprintf.o    romdata   0x014a04    program   0x000011
       .romdata_oled_c1.o    romdata   0x014a15    program   0x000010
      .romdata_fxd1616u.o    romdata   0x014a25    program   0x000000
       .idata_oled_c1.o_i    romdata   0x014a25    program   0x000000
        .idata_i2c_c1.o_i    romdata   0x014a25    program   0x000000
        .romdata___init.o    romdata   0x014a25    program   0x000000
       .idata_adcopen.o_i    romdata   0x014a25    program   0x000000
       .romdata_fxm3232.o    romdata   0x014a25    program   0x000000
       .idata_sprintf.o_i    romdata   0x014a25    program   0x000000
        .romdata_Global.o    romdata   0x014a25    program   0x000000
      .romdata_StackTsk.o    romdata   0x014a25    program   0x000000
      .romdata_adcclose.o    romdata   0x014a25    program   0x000000
        .romdata_c018iz.o    romdata   0x014a25    program   0x000000
      .idata_fxd3232u.o_i    romdata   0x014a25    program   0x000000
    .idata__user_putc.o_i    romdata   0x014a25    program   0x000000
      .idata_fxd0808u.o_i    romdata   0x014a25    program   0x000000
       .romdata_sprintf.o    romdata   0x014a25    program   0x000000
.romdata_DownConverter_c1.o    romdata   0x014a25    program   0x000000
   .idata_SNMPSysInfo.o_i    romdata   0x014a25    program   0x000000
.romdata_SNMPLLiBUCStatus.o    romdata   0x014a25    program   0x000000
     .romdata_SPIEEPROM.o    romdata   0x014a25    program   0x000000
  .idata_SNMPLLiBUCOp.o_i    romdata   0x014a25    program   0x000000
      .idata_SPIFlash.o_i    romdata   0x014a25    program   0x000000
.romdata_SNMPLLiBUCDevInfo.o    romdata   0x014a25    program   0x000000
        .romdata_devspi.o    romdata   0x014a25    program   0x000000
            .romdata_IP.o    romdata   0x014a25    program   0x000000
       .idata_SNMPApp.o_i    romdata   0x014a25    program   0x000000
        .idata_devadc.o_i    romdata   0x014a25    program   0x000000
          .romdata_SNMP.o    romdata   0x014a25    program   0x000000
   .romdata_internalADC.o    romdata   0x014a25    program   0x000000
       .romdata_Helpers.o    romdata   0x014a25    program   0x000000
          .idata_UART.o_i    romdata   0x014a25    program   0x000000
          .romdata_UART.o    romdata   0x014a25    program   0x000000
           .idata_ISR.o_i    romdata   0x014a25    program   0x000001
          .romdata_Main.o    romdata   0x014a25    program   0x000000
         .romdata_DHCPs.o    romdata   0x014a25    program   0x000000
           .romdata_UDP.o    romdata   0x014a25    program   0x000000
         .idata_MPFS2.o_i    romdata   0x014a25    program   0x000000
.romdata_HTTPGetDevInfo.o    romdata   0x014a25    program   0x000000
.idata_UpConverter_c1.o_i    romdata   0x014a25    program   0x000000
           .romdata_ARP.o    romdata   0x014a25    program   0x000000
.idata_MainControl_c1.o_i    romdata   0x014a25    program   0x000000
         .romdata_MPFS2.o    romdata   0x014a25    program   0x000000
                    .code       code   0x014a26    program   0x00000e
.romdata_Initialization.o    romdata   0x014a34    program   0x000006
         .code_adcclose.o       code   0x014a3a    program   0x000006
       .code__user_putc.o       code   0x014a40    program   0x000002
           .code___init.o       code   0x014a42    program   0x000002
              SEED_DATA_i    romdata   0x014a44    program   0x000002
          .idata_util.o_i    romdata   0x014a46    program   0x000004
           .idata_lcd.o_i    romdata   0x014a4a    program   0x000135
.idata_UART2TCPBridge.o_i    romdata   0x014b7f    program   0x000008
          .idata_Tick.o_i    romdata   0x014b87    program   0x000004
           .idata_TCP.o_i    romdata   0x014b8b    program   0x000002
          .idata_Main.o_i    romdata   0x014b8d    program   0x000013
            .idata_IP.o_i    romdata   0x014ba0    program   0x000002
.idata_HTTPGetDevInfo.o_i    romdata   0x014ba2    program   0x000002
       .idata_HTTPApp.o_i    romdata   0x014ba4    program   0x000002
        .idata_Global.o_i    romdata   0x014ba6    program   0x0000b9
           .code_c018iz.o       code   0x014c60    program   0x000000
             .code_DHCP.o       code   0x014c60    program   0x000000
         .code_SPIFlash.o       code   0x014c60    program   0x000000
            .code_DHCPs.o       code   0x014c60    program   0x000000
            .code_Delay.o       code   0x014c60    program   0x000000
             .code_SNMP.o       code   0x014c60    program   0x000000
          .code_SNMPApp.o       code   0x014c60    program   0x000000
         .code_MPFSImg2.o       code   0x014c60    program   0x000000
.code_SNMPLLiBUCDevInfo.o       code   0x014c60    program   0x000000
     .code_SNMPLLiBUCOp.o       code   0x014c60    program   0x000000
 .code_SNMPLLiBUCStatus.o       code   0x014c60    program   0x000000
      .code_SNMPSysInfo.o       code   0x014c60    program   0x000000
           .code_Global.o       code   0x014c60    program   0x000000
              .code_UDP.o       code   0x014c60    program   0x000000
     .config_1fff8_Main.o    romdata   0x01fff8    program   0x000001
     .config_1fffa_Main.o    romdata   0x01fffa    program   0x000001
     .config_1fffd_Main.o    romdata   0x01fffd    program   0x000001
                 .tmpdata      udata   0x000000       data   0x000018
                MATH_DATA      udata   0x000018       data   0x000014
                DELAYDAT1      udata   0x00002c       data   0x000001
   HTTP_CONNECTION_STATES      udata   0x000060       data   0x000084
            .idata_Main.o      idata   0x0000e4       data   0x000013
  .idata_UART2TCPBridge.o      idata   0x0000f7       data   0x000008
              .udata_IP.o      udata   0x0000ff       data   0x000001
                 TCB_uRAM      udata   0x000100       data   0x0000a8
            .udata_Main.o      udata   0x0001a8       data   0x000057
             .idata_ISR.o      idata   0x0001ff       data   0x000001
             .udata_lcd.o      udata   0x000200       data   0x000050
             .udata_TCP.o      udata   0x000250       data   0x00004f
                    grp10      udata   0x00029f       data   0x000040
        .udata_StackTsk.o      udata   0x0002df       data   0x00000b
                    grp17      udata   0x0002ea       data   0x00000a
          .udata_c018iz.o      udata   0x0002f4       data   0x00000a
                SEED_DATA      idata   0x0002fe       data   0x000002
                     gpr8      udata   0x000300       data   0x000040
       SYN_QUEUE_RAM_SECT      udata   0x000340       data   0x00003c
  .udata_HTTPGetDevInfo.o      udata   0x00037c       data   0x00003c
                     grp5      udata   0x0003b8       data   0x000033
             .udata_ARP.o      udata   0x0003eb       data   0x000014
             .idata_ARP.o      idata   0x0003ff       data   0x000001
       .udata_SPIEEPROM.o      udata   0x000400       data   0x000025
.udata_DownConverter_c1.o      udata   0x000425       data   0x000022
        .udata_ETH97J60.o      udata   0x000447       data   0x000007
            .udata_Tick.o      udata   0x00044e       data   0x000006
.udata_SNMPLLiBUCDevInfo.o      udata   0x000454       data   0x000005
  .udata_Initialization.o      udata   0x000459       data   0x000004
         .udata_Helpers.o      udata   0x00045d       data   0x000004
            .idata_util.o      idata   0x000461       data   0x000004
            .idata_Tick.o      idata   0x000465       data   0x000004
          .udata_Global.o      udata   0x000469       data   0x000002
             .idata_TCP.o      idata   0x00046b       data   0x000002
              .idata_IP.o      idata   0x00046d       data   0x000002
  .idata_HTTPGetDevInfo.o      idata   0x00046f       data   0x000002
         .idata_HTTPApp.o      idata   0x000471       data   0x000002
             .idata_lcd.o      idata   0x000800       data   0x000135
          .idata_Global.o      idata   0x000935       data   0x0000b9
       .udata_HTTPPrint.o      udata   0x0009ee       data   0x00000f
            .udata_util.o      udata   0x0009fd       data   0x000003
                   .stack      udata   0x000c00       data   0x000200
           .udata_MPFS2.o      udata   0x000e00       data   0x00006f
          .udata_i2c_c1.o      udata   0x000e6f       data   0x000010
        .udata_fxd1616u.o      udata   0x000e7f       data   0x000000
        .idata_fxd0808u.o      idata   0x000e7f       data   0x000000
        .udata_fxd0808u.o      udata   0x000e7f       data   0x000000
        .udata_MPFSImg2.o      udata   0x000e7f       data   0x000000
        .idata_adcclose.o      idata   0x000e7f       data   0x000000
        .udata_adcclose.o      udata   0x000e7f       data   0x000000
        .idata_MPFSImg2.o      idata   0x000e7f       data   0x000000
        .idata_StackTsk.o      idata   0x000e7f       data   0x000000
          .idata_i2c_c1.o      idata   0x000e7f       data   0x000000
         .idata_oled_c1.o      idata   0x000e7f       data   0x000000
         .udata_oled_c1.o      udata   0x000e7f       data   0x000000
             .udata_UDP.o      udata   0x000e7f       data   0x000000
             .idata_UDP.o      idata   0x000e7f       data   0x000000
        .idata_ETH97J60.o      idata   0x000e7f       data   0x000000
           .udata_Delay.o      udata   0x000e7f       data   0x000000
           .idata_Delay.o      idata   0x000e7f       data   0x000000
         .idata_Helpers.o      idata   0x000e7f       data   0x000000
            .udata_UART.o      udata   0x000e7f       data   0x000000
          .idata_c018iz.o      idata   0x000e7f       data   0x000000
      .idata__user_putc.o      idata   0x000e7f       data   0x000000
      .udata__user_putc.o      udata   0x000e7f       data   0x000000
            .idata_putc.o      idata   0x000e7f       data   0x000000
            .udata_putc.o      udata   0x000e7f       data   0x000000
        .idata_vfprintf.o      idata   0x000e7f       data   0x000000
        .udata_vfprintf.o      udata   0x000e7f       data   0x000000
         .idata_sprintf.o      idata   0x000e7f       data   0x000000
         .udata_sprintf.o      udata   0x000e7f       data   0x000000
  .idata_Initialization.o      idata   0x000e7f       data   0x000000
          .idata___init.o      idata   0x000e7f       data   0x000000
          .udata___init.o      udata   0x000e7f       data   0x000000
         .idata_adcopen.o      idata   0x000e7f       data   0x000000
         .udata_adcopen.o      udata   0x000e7f       data   0x000000
         .idata_fxm3232.o      idata   0x000e7f       data   0x000000
         .udata_fxm3232.o      udata   0x000e7f       data   0x000000
        .idata_fxd3232u.o      idata   0x000e7f       data   0x000000
        .udata_fxd3232u.o      udata   0x000e7f       data   0x000000
        .idata_fxd1616u.o      idata   0x000e7f       data   0x000000
    .idata_SNMPLLiBUCOp.o      idata   0x000e7f       data   0x000000
    .udata_SNMPLLiBUCOp.o      udata   0x000e7f       data   0x000000
.idata_SNMPLLiBUCDevInfo.o      idata   0x000e7f       data   0x000000
           .idata_DHCPs.o      idata   0x000e7f       data   0x000000
         .idata_SNMPApp.o      idata   0x000e7f       data   0x000000
         .udata_SNMPApp.o      udata   0x000e7f       data   0x000000
           .udata_HTTP2.o      udata   0x000e7f       data   0x000000
           .idata_HTTP2.o      idata   0x000e7f       data   0x000000
            .idata_SNMP.o      idata   0x000e7f       data   0x000000
            .udata_SNMP.o      udata   0x000e7f       data   0x000000
           .idata_MPFS2.o      idata   0x000e7f       data   0x000000
            .udata_ICMP.o      udata   0x000e7f       data   0x000000
     .idata_internalADC.o      idata   0x000e7f       data   0x000000
     .udata_internalADC.o      udata   0x000e7f       data   0x000000
            .idata_ICMP.o      idata   0x000e7f       data   0x000000
             .udata_ISR.o      udata   0x000e7f       data   0x000000
          .idata_devadc.o      idata   0x000e7f       data   0x000000
          .udata_devadc.o      udata   0x000e7f       data   0x000000
          .idata_devspi.o      idata   0x000e7f       data   0x000000
          .udata_devspi.o      udata   0x000e7f       data   0x000000
        .idata_SPIFlash.o      idata   0x000e7f       data   0x000000
        .udata_SPIFlash.o      udata   0x000e7f       data   0x000000
       .idata_SPIEEPROM.o      idata   0x000e7f       data   0x000000
       .idata_HTTPPrint.o      idata   0x000e7f       data   0x000000
            .idata_UART.o      idata   0x000e7f       data   0x000000
            .udata_DHCP.o      udata   0x000e7f       data   0x000000
            .idata_DHCP.o      idata   0x000e7f       data   0x000000
  .idata_UpConverter_c1.o      idata   0x000e7f       data   0x000000
  .udata_UpConverter_c1.o      udata   0x000e7f       data   0x000000
  .idata_MainControl_c1.o      idata   0x000e7f       data   0x000000
  .udata_MainControl_c1.o      udata   0x000e7f       data   0x000000
.idata_DownConverter_c1.o      idata   0x000e7f       data   0x000000
           .udata_DHCPs.o      udata   0x000e7f       data   0x000000
     .idata_SNMPSysInfo.o      idata   0x000e7f       data   0x000000
     .udata_SNMPSysInfo.o      udata   0x000e7f       data   0x000000
.idata_SNMPLLiBUCStatus.o      idata   0x000e7f       data   0x000000
.udata_SNMPLLiBUCStatus.o      udata   0x000e7f       data   0x000000
              SFR_BANKED0      udata   0x000e80       data   0x000006
              SFR_BANKED1      udata   0x000e8a       data   0x000001
              SFR_BANKED2      udata   0x000e97       data   0x000003
              SFR_BANKED3      udata   0x000ea0       data   0x000001
              SFR_BANKED4      udata   0x000ea2       data   0x000003
              SFR_BANKED5      udata   0x000ea6       data   0x000002
              SFR_BANKED6      udata   0x000eaa       data   0x000002
              SFR_BANKED7      udata   0x000eb2       data   0x000001
              SFR_BANKED8      udata   0x000eb4       data   0x000001
              SFR_BANKED9      udata   0x000eb6       data   0x000004
             SFR_BANKED10      udata   0x000ec0       data   0x000012
             SFR_BANKED11      udata   0x000ed4       data   0x000002
             SFR_BANKED12      udata   0x000ed8       data   0x000002
             SFR_BANKED13      udata   0x000ee2       data   0x000016
             SFR_BANKED14      udata   0x000efb       data   0x000001
             SFR_BANKED15      udata   0x000efd       data   0x000002
  .udata_UART2TCPBridge.o      udata   0x000f00       data   0x000052
         .udata_HTTPApp.o      udata   0x000f52       data   0x00000d
            SFR_UNBANKED0      udata   0x000f60       data   0x0000a0



                              Program Memory Usage 
                               Start         End      
                           ---------   ---------      
                            0x000000    0x000005      
                            0x000008    0x00000d      
                            0x000018    0x00001d      
                            0x00002a    0x014c5e      
                            0x01fff8    0x01fff8      
                            0x01fffa    0x01fffa      
                            0x01fffd    0x01fffd      
            85066 out of 131072 program addresses used, program memory utilization is 64%



                              Symbols - Sorted by Name
                     Name    Address   Location    Storage File                     
                ---------  ---------  ---------  --------- ---------                
                ADC_Value   0x0137f2    program     extern D:\git\testing79m\Drivers\MCU-Internal\internalADC.c
                  AD_init   0x0136da    program     extern D:\git\testing79m\Drivers\MCU-Internal\internalADC.c
                  ARPInit   0x0118a0    program     extern D:\git\testing79m\Microchip\TCPIP Stack\ARP.c
            ARPIsResolved   0x011af8    program     extern D:\git\testing79m\Microchip\TCPIP Stack\ARP.c
               ARPProcess   0x0118b8    program     extern D:\git\testing79m\Microchip\TCPIP Stack\ARP.c
                   ARPPut   0x0117d8    program     static D:\git\testing79m\Microchip\TCPIP Stack\ARP.c
               ARPResolve   0x011a4e    program     extern D:\git\testing79m\Microchip\TCPIP Stack\ARP.c
                ASC2toHEX   0x00add0    program     extern D:\git\testing79m\SysLib\util.c
             Base64Decode   0x00d954    program     extern D:\git\testing79m\Microchip\TCPIP Stack\Helpers.c
                BusyUSART   0x0143f2    program     extern D:\git\testing79m\Microchip\TCPIP Stack\UART.c
               BusyUSART2   0x01444a    program     extern D:\git\testing79m\Microchip\TCPIP Stack\UART.c
                    CGRAM   0x014a15    program     extern D:\git\testing79m\Singcom\Drivers\oled_c1.c
     CalcIPBufferChecksum   0x00ff34    program     extern D:\git\testing79m\Microchip\TCPIP Stack\ETH97J60.c
           CalcIPChecksum   0x00dd8c    program     extern D:\git\testing79m\Microchip\TCPIP Stack\Helpers.c
                CheckBusy   0x013180    program     extern D:\git\testing79m\Singcom\Drivers\oled_c1.c
                 CloseADC   0x014a3a    program     extern C:\MCC18\src\pmc_common\ADC\adcclose.c
              CloseSocket   0x001f24    program     static D:\git\testing79m\Microchip\TCPIP Stack\TCP.c
               CloseUSART   0x0143fe    program     extern D:\git\testing79m\Microchip\TCPIP Stack\UART.c
              CloseUSART2   0x014456    program     extern D:\git\testing79m\Microchip\TCPIP Stack\UART.c
                    D10_1   0x0149ea    program     static C:\Program Files\mcc18\src\traditional\delays\d10tcyx.asm
                     D10x   0x0149e2    program     static C:\Program Files\mcc18\src\traditional\delays\d10tcyx.asm
                   D1616S   0x010fa4    program     static C:\Program Files\mcc18\src\traditional\math\fxd1616s.asm
                D1616SNEG   0x010fb2    program     static C:\Program Files\mcc18\src\traditional\math\fxd1616s.asm
                 D1616SOK   0x010fae    program     static C:\Program Files\mcc18\src\traditional\math\fxd1616s.asm
                  D1616SX   0x010fc4    program     static C:\Program Files\mcc18\src\traditional\math\fxd1616s.asm
                    D1K_1   0x014970    program     static C:\Program Files\mcc18\src\traditional\delays\d1ktcyx.asm
                     D1Kx   0x01496e    program     static C:\Program Files\mcc18\src\traditional\delays\d1ktcyx.asm
                  DA1616S   0x010f94    program     static C:\Program Files\mcc18\src\traditional\math\fxd1616s.asm
          DRI__vConfigSPI   0x013460    program     static D:\git\testing79m\Main\Main.c
    DRI__vEnableGlobalInt   0x013456    program     static D:\git\testing79m\Main\Main.c
        DRI__vHitWatchDog   0x013452    program     static D:\git\testing79m\Main\Main.c
            DRI_vLCDClear   0x013334    program     extern D:\git\testing79m\Singcom\Drivers\oled_c1.c
          DRI_vLCDDisplay   0x013346    program     extern D:\git\testing79m\Singcom\Drivers\oled_c1.c
        DRI_vLCDEntryMode   0x013340    program     extern D:\git\testing79m\Singcom\Drivers\oled_c1.c
       DRI_vLCDReturnhome   0x01333a    program     extern D:\git\testing79m\Singcom\Drivers\oled_c1.c
          DRI_vPrintCGRAM   0x0132be    program     extern D:\git\testing79m\Singcom\Drivers\oled_c1.c
             DataRdyUSART   0x01440a    program     extern D:\git\testing79m\Microchip\TCPIP Stack\UART.c
            DataRdyUSART2   0x014462    program     extern D:\git\testing79m\Microchip\TCPIP Stack\UART.c
              Delay10TCYx   0x0149da    program     extern C:\Program Files\mcc18\src\traditional\delays\d10tcyx.asm
              Delay1KTCYx   0x014964    program     extern C:\Program Files\mcc18\src\traditional\delays\d1ktcyx.asm
                  DelayMS   0x00ae8a    program     extern D:\git\testing79m\SysLib\util.c
       DisplayCompanyMenu   0x005bee    program     extern D:\git\testing79m\Singcom\Drivers\lcd.c
           DisplayIPValue   0x00b0f0    program     extern D:\git\testing79m\SysLib\util.c
                  DoWrite   0x012d0a    program     static D:\git\testing79m\Microchip\TCPIP Stack\SPIEEPROM.c
         DownCvt_vSendI2C   0x0149f0    program     extern D:\git\testing79m\Singcom\Devices\DownConverter_c1.c
                 FLO0832S   0x010c8c    program     extern C:\Program Files\mcc18\src\traditional\math\cast08FP.asm
                 FLO0832U   0x010c88    program     extern C:\Program Files\mcc18\src\traditional\math\cast08FP.asm
                 FLO1632S   0x010cae    program     extern C:\Program Files\mcc18\src\traditional\math\cast16FP.asm
                 FLO1632U   0x010caa    program     extern C:\Program Files\mcc18\src\traditional\math\cast16FP.asm
                    FPA32   0x010cd6    program     extern C:\Program Files\mcc18\src\traditional\math\addFP.asm
                    FPD32   0x010e02    program     extern C:\Program Files\mcc18\src\traditional\math\divFP.asm
                    FPM32   0x010ea8    program     extern C:\Program Files\mcc18\src\traditional\math\mulFP.asm
                    FPS32   0x010cd4    program     extern C:\Program Files\mcc18\src\traditional\math\addFP.asm
                 FXD0808U   0x0149be    program     extern C:\Program Files\mcc18\src\traditional\math\fxd0808u.c
                 FXD1616S   0x010f82    program     extern C:\Program Files\mcc18\src\traditional\math\fxd1616s.asm
                 FXD1616U   0x0148d0    program     extern C:\Program Files\mcc18\src\traditional\math\fxd1616u.c
                 FXD3232U   0x014888    program     extern C:\Program Files\mcc18\src\traditional\math\fxd3232u.c
                 FXM1616S   0x010fce    program     extern C:\Program Files\mcc18\src\traditional\math\fxm1616s.asm
                 FXM1616U   0x011028    program     extern C:\Program Files\mcc18\src\traditional\math\fxm1616u.asm
                 FXM2424U   0x011064    program     extern C:\Program Files\mcc18\src\traditional\math\fxm2424u.asm
                  FXM3232   0x0147aa    program     extern C:\Program Files\mcc18\src\traditional\math\fxm3232.c
       FindMatchingSocket   0x001c0a    program     static D:\git\testing79m\Microchip\TCPIP Stack\TCP.c
        FormatNetBIOSName   0x00df38    program     extern D:\git\testing79m\Microchip\TCPIP Stack\Helpers.c
      GenerateRandomDWORD   0x00d480    program     extern D:\git\testing79m\Microchip\TCPIP Stack\Helpers.c
   GetCurrentFromHexValue   0x013bb6    program     extern D:\git\testing79m\Drivers\External-Peripherals\devadc.c
           GetDWORDString   0x00c7aa    program     extern D:\git\testing79m\App\WebUI\HTTPPrint.c
                GetOneADC   0x0138d6    program     extern D:\git\testing79m\Drivers\MCU-Internal\internalADC.c
             GetOneCHADC0   0x013b10    program     extern D:\git\testing79m\Drivers\External-Peripherals\devadc.c
       GetOneCHADC012Bits   0x013b46    program     extern D:\git\testing79m\Drivers\External-Peripherals\devadc.c
             GetOneCHADC1   0x013b64    program     extern D:\git\testing79m\Drivers\External-Peripherals\devadc.c
       GetOneCHADC112Bits   0x013b9a    program     extern D:\git\testing79m\Drivers\External-Peripherals\devadc.c
                 GetPower   0x00c6c2    program     extern D:\git\testing79m\App\WebUI\HTTPPrint.c
              GetTickCopy   0x0142e0    program     static D:\git\testing79m\Microchip\TCPIP Stack\Tick.c
            GetWORDString   0x00c71c    program     extern D:\git\testing79m\App\WebUI\HTTPPrint.c
                HEXto2ASC   0x00ae42    program     extern D:\git\testing79m\SysLib\util.c
            HTTPCheckAuth   0x0105e8    program     extern D:\git\testing79m\App\WebUI\HTTPApp.c
   HTTPExe_get_deviceinfo   0x009a0a    program     extern D:\git\testing79m\App\WebUI\HTTPGetDevInfo.c
           HTTPExecuteGet   0x010630    program     extern D:\git\testing79m\App\WebUI\HTTPApp.c
          HTTPExecutePost   0x010634    program     extern D:\git\testing79m\App\WebUI\HTTPApp.c
               HTTPGetArg   0x007eee    program     extern D:\git\testing79m\Microchip\TCPIP Stack\HTTP2.c
            HTTPGetROMArg   0x007f34    program     extern D:\git\testing79m\Microchip\TCPIP Stack\HTTP2.c
  HTTPGet__boDeviceConfig   0x0099e0    program     static D:\git\testing79m\App\WebUI\HTTPGetDevInfo.c
    HTTPGet__boInfoConfig   0x008c74    program     static D:\git\testing79m\App\WebUI\HTTPGetDevInfo.c
 HTTPGet__boNetworkConfig   0x008cba    program     static D:\git\testing79m\App\WebUI\HTTPGetDevInfo.c
      HTTPGet__boSetOnOff   0x008d48    program     static D:\git\testing79m\App\WebUI\HTTPGetDevInfo.c
   HTTPGet__u8ClearBUCIAm   0x00997c    program     static D:\git\testing79m\App\WebUI\HTTPGetDevInfo.c
   HTTPGet__u8ClearLNBIAm   0x0099ae    program     static D:\git\testing79m\App\WebUI\HTTPGetDevInfo.c
     HTTPGet__u8SetBUCREF   0x0098b4    program     static D:\git\testing79m\App\WebUI\HTTPGetDevInfo.c
 HTTPGet__u8SetDownCvtALC   0x0095e8    program     static D:\git\testing79m\App\WebUI\HTTPGetDevInfo.c
HTTPGet__u8SetDownCvtAttn   0x0090aa    program     static D:\git\testing79m\App\WebUI\HTTPGetDevInfo.c
HTTPGet__u8SetDownCvtMute   0x00973c    program     static D:\git\testing79m\App\WebUI\HTTPGetDevInfo.c
HTTPGet__u8SetDownCvtPower   0x009372    program     static D:\git\testing79m\App\WebUI\HTTPGetDevInfo.c
HTTPGet__u8SetDownCvtRFFreq   0x008ea2    program     static D:\git\testing79m\App\WebUI\HTTPGetDevInfo.c
HTTPGet__u8SetDownCvtSetPower   0x009444    program     static D:\git\testing79m\App\WebUI\HTTPGetDevInfo.c
     HTTPGet__u8SetLNBREF   0x00991a    program     static D:\git\testing79m\App\WebUI\HTTPGetDevInfo.c
   HTTPGet__u8SetUpCvtALC   0x00954c    program     static D:\git\testing79m\App\WebUI\HTTPGetDevInfo.c
  HTTPGet__u8SetUpCvtAttn   0x008fb8    program     static D:\git\testing79m\App\WebUI\HTTPGetDevInfo.c
  HTTPGet__u8SetUpCvtMute   0x00968a    program     static D:\git\testing79m\App\WebUI\HTTPGetDevInfo.c
 HTTPGet__u8SetUpCvtPower   0x0091a0    program     static D:\git\testing79m\App\WebUI\HTTPGetDevInfo.c
HTTPGet__u8SetUpCvtRFFreq   0x008d90    program     static D:\git\testing79m\App\WebUI\HTTPGetDevInfo.c
HTTPGet__u8SetUpCvtSetPower   0x00926e    program     static D:\git\testing79m\App\WebUI\HTTPGetDevInfo.c
   HTTPGet__u8SetVOL18VDC   0x0097e6    program     static D:\git\testing79m\App\WebUI\HTTPGetDevInfo.c
   HTTPGet__u8SetVOL24VDC   0x00984e    program     static D:\git\testing79m\App\WebUI\HTTPGetDevInfo.c
HTTPHeaderParseAuthorization   0x007c00    program     static D:\git\testing79m\Microchip\TCPIP Stack\HTTP2.c
HTTPHeaderParseContentLength   0x007d2c    program     static D:\git\testing79m\Microchip\TCPIP Stack\HTTP2.c
    HTTPHeaderParseLookup   0x007be4    program     static D:\git\testing79m\Microchip\TCPIP Stack\HTTP2.c
              HTTPIncFile   0x0083f2    program     extern D:\git\testing79m\Microchip\TCPIP Stack\HTTP2.c
                 HTTPInit   0x006fce    program     extern D:\git\testing79m\Microchip\TCPIP Stack\HTTP2.c
             HTTPLoadConn   0x0070b2    program     static D:\git\testing79m\Microchip\TCPIP Stack\HTTP2.c
           HTTPMPFSUpload   0x0081c2    program     static D:\git\testing79m\Microchip\TCPIP Stack\HTTP2.c
            HTTPNeedsAuth   0x0105a6    program     extern D:\git\testing79m\App\WebUI\HTTPApp.c
           HTTPPostConfig   0x01074a    program     static D:\git\testing79m\App\WebUI\HTTPApp.c
              HTTPPostlut   0x0106b2    program     static D:\git\testing79m\App\WebUI\HTTPApp.c
                HTTPPrint   0x00683a    program     extern D:\git\testing79m\Microchip\Include\TCPIP Stack\HTTPPrint.h
              HTTPPrintIP   0x00c5e2    program     extern D:\git\testing79m\App\WebUI\HTTPPrint.c
               HTTPPrint_   0x006fbc    program     extern D:\git\testing79m\Microchip\Include\TCPIP Stack\HTTPPrint.h
        HTTPPrint_18Vctrl   0x00cba8    program     extern D:\git\testing79m\App\WebUI\HTTPPrint.c
        HTTPPrint_24Vctrl   0x00cb9a    program     extern D:\git\testing79m\App\WebUI\HTTPPrint.c
           HTTPPrint_ALCa   0x00cae8    program     extern D:\git\testing79m\App\WebUI\HTTPPrint.c
   HTTPPrint_ALCaSelected   0x00cbdc    program     extern D:\git\testing79m\App\WebUI\HTTPPrint.c
           HTTPPrint_ALCb   0x00cb6e    program     extern D:\git\testing79m\App\WebUI\HTTPPrint.c
   HTTPPrint_ALCbSelected   0x00cc0c    program     extern D:\git\testing79m\App\WebUI\HTTPPrint.c
     HTTPPrint_BUCCurrent   0x00ccd6    program     extern D:\git\testing79m\App\WebUI\HTTPPrint.c
        HTTPPrint_BUCIAlm   0x00ce92    program     extern D:\git\testing79m\App\WebUI\HTTPPrint.c
         HTTPPrint_BUCREF   0x00cc9c    program     extern D:\git\testing79m\App\WebUI\HTTPPrint.c
 HTTPPrint_BUCREFSelected   0x00cc84    program     extern D:\git\testing79m\App\WebUI\HTTPPrint.c
   HTTPPrint_ClearBUCIAlm   0x00cece    program     extern D:\git\testing79m\App\WebUI\HTTPPrint.c
   HTTPPrint_ClearLNBIAlm   0x00ced4    program     extern D:\git\testing79m\App\WebUI\HTTPPrint.c
  HTTPPrint_DC18VSelected   0x00cc3c    program     extern D:\git\testing79m\App\WebUI\HTTPPrint.c
  HTTPPrint_DC24VSelected   0x00cc54    program     extern D:\git\testing79m\App\WebUI\HTTPPrint.c
    HTTPPrint_DeviceModel   0x00c5a2    program     extern D:\git\testing79m\App\WebUI\HTTPPrint.c
   HTTPPrint_DeviceSerial   0x00c5ae    program     extern D:\git\testing79m\App\WebUI\HTTPPrint.c
    HTTPPrint_Devicefwver   0x00c6a2    program     extern D:\git\testing79m\App\WebUI\HTTPPrint.c
         HTTPPrint_EXTREF   0x00ccb8    program     extern D:\git\testing79m\App\WebUI\HTTPPrint.c
     HTTPPrint_LNBCurrent   0x00cd00    program     extern D:\git\testing79m\App\WebUI\HTTPPrint.c
        HTTPPrint_LNBIAlm   0x00ceb0    program     extern D:\git\testing79m\App\WebUI\HTTPPrint.c
         HTTPPrint_LNBREF   0x00ccaa    program     extern D:\git\testing79m\App\WebUI\HTTPPrint.c
 HTTPPrint_LNBREFSelected   0x00cc6c    program     extern D:\git\testing79m\App\WebUI\HTTPPrint.c
            HTTPPrint_MIP   0x00c63e    program     extern D:\git\testing79m\App\WebUI\HTTPPrint.c
          HTTPPrint_Mutea   0x00caf6    program     extern D:\git\testing79m\App\WebUI\HTTPPrint.c
  HTTPPrint_MuteaSelected   0x00cbf4    program     extern D:\git\testing79m\App\WebUI\HTTPPrint.c
          HTTPPrint_Muteb   0x00cb7c    program     extern D:\git\testing79m\App\WebUI\HTTPPrint.c
  HTTPPrint_MutebSelected   0x00cc24    program     extern D:\git\testing79m\App\WebUI\HTTPPrint.c
HTTPPrint_config_dhcpchecked   0x00cbb6    program     extern D:\git\testing79m\App\WebUI\HTTPPrint.c
      HTTPPrint_config_gw   0x00c68e    program     extern D:\git\testing79m\App\WebUI\HTTPPrint.c
      HTTPPrint_config_ip   0x00c672    program     extern D:\git\testing79m\App\WebUI\HTTPPrint.c
     HTTPPrint_config_mac   0x00cfd6    program     extern D:\git\testing79m\App\WebUI\HTTPPrint.c
  HTTPPrint_config_subnet   0x00c67a    program     extern D:\git\testing79m\App\WebUI\HTTPPrint.c
HTTPPrint_converteraalarm   0x00ce66    program     extern D:\git\testing79m\App\WebUI\HTTPPrint.c
HTTPPrint_converteraatten   0x00ca16    program     extern D:\git\testing79m\App\WebUI\HTTPPrint.c
   HTTPPrint_converteralo   0x00ca88    program     extern D:\git\testing79m\App\WebUI\HTTPPrint.c
HTTPPrint_converterarffreq   0x00c9a6    program     extern D:\git\testing79m\App\WebUI\HTTPPrint.c
HTTPPrint_converterbalarm   0x00ce7c    program     extern D:\git\testing79m\App\WebUI\HTTPPrint.c
HTTPPrint_converterbatten   0x00ca4e    program     extern D:\git\testing79m\App\WebUI\HTTPPrint.c
   HTTPPrint_converterblo   0x00cb14    program     extern D:\git\testing79m\App\WebUI\HTTPPrint.c
HTTPPrint_converterbrffreq   0x00c9de    program     extern D:\git\testing79m\App\WebUI\HTTPPrint.c
    HTTPPrint_dhcp_status   0x00c5ba    program     extern D:\git\testing79m\App\WebUI\HTTPPrint.c
            HTTPPrint_led   0x00ceda    program     extern D:\git\testing79m\App\WebUI\HTTPPrint.c
            HTTPPrint_maf   0x00cfa2    program     extern D:\git\testing79m\App\WebUI\HTTPPrint.c
            HTTPPrint_mas   0x00cfbc    program     extern D:\git\testing79m\App\WebUI\HTTPPrint.c
            HTTPPrint_ned   0x00cf3e    program     extern D:\git\testing79m\App\WebUI\HTTPPrint.c
   HTTPPrint_outputpowera   0x00caa8    program     extern D:\git\testing79m\App\WebUI\HTTPPrint.c
   HTTPPrint_outputpowerb   0x00cb32    program     extern D:\git\testing79m\App\WebUI\HTTPPrint.c
      HTTPPrint_rdi2cdata   0x00cd2a    program     extern D:\git\testing79m\App\WebUI\HTTPPrint.c
      HTTPPrint_read_comm   0x00d032    program     extern D:\git\testing79m\App\WebUI\HTTPPrint.c
        HTTPPrint_setpass   0x00cdca    program     extern D:\git\testing79m\App\WebUI\HTTPPrint.c
   HTTPPrint_setpasscolor   0x00cd8a    program     extern D:\git\testing79m\App\WebUI\HTTPPrint.c
      HTTPPrint_setpowera   0x00cac8    program     extern D:\git\testing79m\App\WebUI\HTTPPrint.c
      HTTPPrint_setpowerb   0x00cb50    program     extern D:\git\testing79m\App\WebUI\HTTPPrint.c
      HTTPPrint_static_ip   0x00c652    program     extern D:\git\testing79m\App\WebUI\HTTPPrint.c
         HTTPPrint_swmode   0x00ca86    program     extern D:\git\testing79m\App\WebUI\HTTPPrint.c
      HTTPPrint_wri2cdata   0x00cd5a    program     extern D:\git\testing79m\App\WebUI\HTTPPrint.c
     HTTPPrint_write_comm   0x00d036    program     extern D:\git\testing79m\App\WebUI\HTTPPrint.c
              HTTPProcess   0x0070fa    program     static D:\git\testing79m\Microchip\TCPIP Stack\HTTP2.c
         HTTPReadPostName   0x007f96    program     extern D:\git\testing79m\Microchip\TCPIP Stack\HTTP2.c
        HTTPReadPostValue   0x007fc6    program     extern D:\git\testing79m\Microchip\TCPIP Stack\HTTP2.c
               HTTPReadTo   0x008036    program     static D:\git\testing79m\Microchip\TCPIP Stack\HTTP2.c
       HTTPRequestHeaders   0x0147a1    program     static D:\git\testing79m\Microchip\TCPIP Stack\HTTP2.c
      HTTPResponseHeaders   0x014777    program     static D:\git\testing79m\Microchip\TCPIP Stack\HTTP2.c
             HTTPSendFile   0x007a6c    program     static D:\git\testing79m\Microchip\TCPIP Stack\HTTP2.c
               HTTPServer   0x007030    program     extern D:\git\testing79m\Microchip\TCPIP Stack\HTTP2.c
            HTTPURLDecode   0x007db4    program     extern D:\git\testing79m\Microchip\TCPIP Stack\HTTP2.c
                HTTP_CRLF   0x01472c    program     static D:\git\testing79m\Microchip\TCPIP Stack\HTTP2.c
   HTTP_vClearWebPassword   0x0134e6    program     static D:\git\testing79m\Main\Main.c
             HandleTCPSeg   0x001fa2    program     static D:\git\testing79m\Microchip\TCPIP Stack\TCP.c
                  Hex2Int   0x00aeba    program     extern D:\git\testing79m\SysLib\util.c
                  HighISR   0x013dd8    program     extern D:\git\testing79m\Drivers\MCU-Internal\ISR.c
               HighVector   0x000008    program     extern D:\git\testing79m\Drivers\MCU-Internal\ISR.c
                 I2C_Read   0x012ea4    program     extern D:\git\testing79m\Singcom\Drivers\i2c_c1.c
                 I2C_Send   0x012e78    program     extern D:\git\testing79m\Singcom\Drivers\i2c_c1.c
              ICMPProcess   0x014186    program     extern D:\git\testing79m\Microchip\TCPIP Stack\ICMP.c
                  INT3216   0x0110f6    program     extern C:\Program Files\mcc18\src\traditional\math\castFP16.asm
              IPGetHeader   0x012850    program     extern D:\git\testing79m\Microchip\TCPIP Stack\IP.c
              IPPutHeader   0x01298c    program     extern D:\git\testing79m\Microchip\TCPIP Stack\IP.c
            IPSetRxBuffer   0x012a92    program     extern D:\git\testing79m\Microchip\TCPIP Stack\IP.c
            InitAppConfig   0x01260e    program     extern D:\git\testing79m\Bootstrap\Initialization.c
                 InitData   0x0124ce    program     extern D:\git\testing79m\Bootstrap\Initialization.c
              Initial_LCD   0x005bd4    program     extern D:\git\testing79m\Singcom\Drivers\lcd.c
          InitializeBoard   0x0125c6    program     extern D:\git\testing79m\Bootstrap\Initialization.c
                  Int2Hex   0x00aef4    program     extern D:\git\testing79m\SysLib\util.c
            KeyProcessing   0x004952    program     extern D:\git\testing79m\Singcom\Drivers\lcd.c
       LCDDisplayLoadData   0x00572c    program     extern D:\git\testing79m\Singcom\Drivers\lcd.c
          LCDMenuInScreen   0x004f02    program     extern D:\git\testing79m\Singcom\Drivers\lcd.c
        LCDMenuValue2Char   0x005b42    program     extern D:\git\testing79m\Singcom\Drivers\lcd.c
           LCDWriteString   0x013286    program     extern D:\git\testing79m\Singcom\Drivers\oled_c1.c
     LCD_vEnableInterrupt   0x005c52    program     extern D:\git\testing79m\Singcom\Drivers\lcd.c
               LCD_vSetIO   0x005bbc    program     extern D:\git\testing79m\Singcom\Drivers\lcd.c
            LCD_vSetKepad   0x005baa    program     extern D:\git\testing79m\Singcom\Drivers\lcd.c
                   LowISR   0x013cee    program     extern D:\git\testing79m\Drivers\MCU-Internal\ISR.c
                LowVector   0x000018    program     extern D:\git\testing79m\Drivers\MCU-Internal\ISR.c
        MACCalcRxChecksum   0x00fee8    program     extern D:\git\testing79m\Microchip\TCPIP Stack\ETH97J60.c
             MACDiscardRx   0x00fb46    program     extern D:\git\testing79m\Microchip\TCPIP Stack\ETH97J60.c
                 MACFlush   0x00fe7c    program     extern D:\git\testing79m\Microchip\TCPIP Stack\ETH97J60.c
                   MACGet   0x0101fe    program     extern D:\git\testing79m\Microchip\TCPIP Stack\ETH97J60.c
              MACGetArray   0x010202    program     extern D:\git\testing79m\Microchip\TCPIP Stack\ETH97J60.c
         MACGetFreeRxSize   0x00fba6    program     extern D:\git\testing79m\Microchip\TCPIP Stack\ETH97J60.c
             MACGetHeader   0x00fc6e    program     extern D:\git\testing79m\Microchip\TCPIP Stack\ETH97J60.c
                  MACInit   0x00f9f4    program     extern D:\git\testing79m\Microchip\TCPIP Stack\ETH97J60.c
              MACIsLinked   0x00fb0a    program     extern D:\git\testing79m\Microchip\TCPIP Stack\ETH97J60.c
         MACIsMemCopyDone   0x0101f2    program     extern D:\git\testing79m\Microchip\TCPIP Stack\ETH97J60.c
             MACIsTxReady   0x00fb1e    program     extern D:\git\testing79m\Microchip\TCPIP Stack\ETH97J60.c
          MACMemCopyAsync   0x0100a4    program     extern D:\git\testing79m\Microchip\TCPIP Stack\ETH97J60.c
             MACPowerDown   0x0103e2    program     extern D:\git\testing79m\Microchip\TCPIP Stack\ETH97J60.c
               MACPowerUp   0x0103f4    program     extern D:\git\testing79m\Microchip\TCPIP Stack\ETH97J60.c
                   MACPut   0x01025c    program     extern D:\git\testing79m\Microchip\TCPIP Stack\ETH97J60.c
              MACPutArray   0x010282    program     extern D:\git\testing79m\Microchip\TCPIP Stack\ETH97J60.c
             MACPutHeader   0x00fe18    program     extern D:\git\testing79m\Microchip\TCPIP Stack\ETH97J60.c
           MACPutROMArray   0x0102d2    program     extern D:\git\testing79m\Microchip\TCPIP Stack\ETH97J60.c
            MACSetReadPtr   0x00fed0    program     extern D:\git\testing79m\Microchip\TCPIP Stack\ETH97J60.c
        MACSetReadPtrInRx   0x00fea4    program     extern D:\git\testing79m\Microchip\TCPIP Stack\ETH97J60.c
           MACSetWritePtr   0x00febc    program     extern D:\git\testing79m\Microchip\TCPIP Stack\ETH97J60.c
                MPFSClose   0x00b9d6    program     extern D:\git\testing79m\Microchip\TCPIP Stack\MPFS2.c
               MPFSFormat   0x00bc82    program     extern D:\git\testing79m\Microchip\TCPIP Stack\MPFS2.c
                  MPFSGet   0x00b9ee    program     extern D:\git\testing79m\Microchip\TCPIP Stack\MPFS2.c
             MPFSGetArray   0x00ba94    program     extern D:\git\testing79m\Microchip\TCPIP Stack\MPFS2.c
          MPFSGetBytesRem   0x00bef4    program     extern D:\git\testing79m\Microchip\TCPIP Stack\MPFS2.c
           MPFSGetEndAddr   0x00bf5a    program     extern D:\git\testing79m\Microchip\TCPIP Stack\MPFS2.c
          MPFSGetFilename   0x00bfa8    program     extern D:\git\testing79m\Microchip\TCPIP Stack\MPFS2.c
             MPFSGetFlags   0x00be96    program     extern D:\git\testing79m\Microchip\TCPIP Stack\MPFS2.c
                MPFSGetID   0x00c060    program     extern D:\git\testing79m\Microchip\TCPIP Stack\MPFS2.c
              MPFSGetLong   0x00bb24    program     extern D:\git\testing79m\Microchip\TCPIP Stack\MPFS2.c
         MPFSGetMicrotime   0x00be64    program     extern D:\git\testing79m\Microchip\TCPIP Stack\MPFS2.c
          MPFSGetPosition   0x00c02e    program     extern D:\git\testing79m\Microchip\TCPIP Stack\MPFS2.c
              MPFSGetSize   0x00bec2    program     extern D:\git\testing79m\Microchip\TCPIP Stack\MPFS2.c
         MPFSGetStartAddr   0x00bf1e    program     extern D:\git\testing79m\Microchip\TCPIP Stack\MPFS2.c
         MPFSGetTimestamp   0x00be32    program     extern D:\git\testing79m\Microchip\TCPIP Stack\MPFS2.c
                 MPFSInit   0x00b690    program     extern D:\git\testing79m\Microchip\TCPIP Stack\MPFS2.c
                 MPFSOpen   0x00b6c6    program     extern D:\git\testing79m\Microchip\TCPIP Stack\MPFS2.c
               MPFSOpenID   0x00b958    program     extern D:\git\testing79m\Microchip\TCPIP Stack\MPFS2.c
              MPFSOpenROM   0x00b814    program     extern D:\git\testing79m\Microchip\TCPIP Stack\MPFS2.c
             MPFSPutArray   0x00bd04    program     extern D:\git\testing79m\Microchip\TCPIP Stack\MPFS2.c
               MPFSPutEnd   0x00bd8a    program     extern D:\git\testing79m\Microchip\TCPIP Stack\MPFS2.c
                 MPFSSeek   0x00bb64    program     extern D:\git\testing79m\Microchip\TCPIP Stack\MPFS2.c
            Main_vLEDInit   0x0123be    program     extern D:\git\testing79m\Singcom\Devices\MainControl_c1.c
              Main_vLEDLO   0x012382    program     extern D:\git\testing79m\Singcom\Devices\MainControl_c1.c
              Main_vLEDRX   0x0123aa    program     extern D:\git\testing79m\Singcom\Devices\MainControl_c1.c
              Main_vLEDTX   0x012396    program     extern D:\git\testing79m\Singcom\Devices\MainControl_c1.c
    Main_vPrintDeviceInfo   0x0121e8    program     extern D:\git\testing79m\Singcom\Devices\MainControl_c1.c
 Main_vPrintDownConverter   0x01213e    program     extern D:\git\testing79m\Singcom\Devices\MainControl_c1.c
            Main_vPrintIP   0x0122d8    program     extern D:\git\testing79m\Singcom\Devices\MainControl_c1.c
       Main_vPrintModelNo   0x0122f2    program     extern D:\git\testing79m\Singcom\Devices\MainControl_c1.c
      Main_vPrintSerialNo   0x012302    program     extern D:\git\testing79m\Singcom\Devices\MainControl_c1.c
   Main_vPrintUpConverter   0x0120d8    program     extern D:\git\testing79m\Singcom\Devices\MainControl_c1.c
       Main_vPrintVolCtrl   0x0121a4    program     extern D:\git\testing79m\Singcom\Devices\MainControl_c1.c
              Main_vSetIP   0x01231c    program     extern D:\git\testing79m\Singcom\Devices\MainControl_c1.c
              MenuDisplay   0x011260    program     extern D:\git\testing79m\Singcom\Drivers\lcd.c
           OLED_vSetKepad   0x01316e    program     extern D:\git\testing79m\Singcom\Drivers\oled_c1.c
                  OpenADC   0x01481a    program     extern C:\MCC18\src\pmc_common\ADC\adcopen.c
          PrintCompanyLCD   0x013370    program     extern D:\git\testing79m\Singcom\Drivers\oled_c1.c
                 PrintLCD   0x005052    program     extern D:\git\testing79m\Singcom\Drivers\lcd.c
     PrintLCDEditPosition   0x004fcc    program     extern D:\git\testing79m\Singcom\Drivers\lcd.c
       PrintLCDFromBuffer   0x00566c    program     extern D:\git\testing79m\Singcom\Drivers\lcd.c
        PrintLCDWholePage   0x0054fa    program     extern D:\git\testing79m\Singcom\Drivers\lcd.c
     ROMStringToIPAddress   0x00d872    program     extern D:\git\testing79m\Microchip\TCPIP Stack\Helpers.c
                 ReadData   0x01321e    program     extern D:\git\testing79m\Singcom\Drivers\oled_c1.c
               ReadPHYReg   0x010334    program     extern D:\git\testing79m\Microchip\TCPIP Stack\ETH97J60.c
                ReadUSART   0x01441c    program     extern D:\git\testing79m\Microchip\TCPIP Stack\UART.c
               ReadUSART2   0x014446    program     extern D:\git\testing79m\Microchip\TCPIP Stack\UART.c
            ReadWriteSPI2   0x01463a    program     extern D:\git\testing79m\Drivers\MCU-Internal\devspi.c
                 Read_ADC   0x01370c    program     extern D:\git\testing79m\Drivers\MCU-Internal\internalADC.c
                  SPIInit   0x014622    program     extern D:\git\testing79m\Drivers\MCU-Internal\devspi.c
          SYS__u8InitData   0x01353c    program     static D:\git\testing79m\Main\Main.c
SYS__u8UpdateDownConverter   0x004194    program     static D:\git\testing79m\Singcom\Drivers\lcd.c
 SYS__u8UpdateUpConverter   0x003e16    program     static D:\git\testing79m\Singcom\Drivers\lcd.c
         SYS__u8UpdateVOL   0x004522    program     static D:\git\testing79m\Singcom\Drivers\lcd.c
      SYS__vLcdKeyPadTask   0x0134ba    program     static D:\git\testing79m\Main\Main.c
         SYS__vStatusTask   0x013470    program     static D:\git\testing79m\Main\Main.c
            SaveAppConfig   0x00b07e    program     extern D:\git\testing79m\SysLib\util.c
              SaveSetting   0x00b0a2    program     extern D:\git\testing79m\SysLib\util.c
                  SendTCP   0x0016a4    program     static D:\git\testing79m\Microchip\TCPIP Stack\TCP.c
     SerializedMACAddress   0x014a34    program     static D:\git\testing79m\Bootstrap\Initialization.c
          SetDefaultValue   0x0126c6    program     extern D:\git\testing79m\Bootstrap\Initialization.c
                   SetI2C   0x013006    program     extern D:\git\testing79m\Singcom\Drivers\i2c_c1.c
        StackApplications   0x013ae8    program     extern D:\git\testing79m\Microchip\TCPIP Stack\StackTsk.c
                StackInit   0x01392c    program     extern D:\git\testing79m\Microchip\TCPIP Stack\StackTsk.c
                StackTask   0x01395c    program     extern D:\git\testing79m\Microchip\TCPIP Stack\StackTsk.c
        StringToIPAddress   0x00d7a2    program     extern D:\git\testing79m\Microchip\TCPIP Stack\Helpers.c
            SwapARPPacket   0x011b9a    program     extern D:\git\testing79m\Microchip\TCPIP Stack\ARP.c
             SwapIPHeader   0x012ac0    program     static D:\git\testing79m\Microchip\TCPIP Stack\IP.c
            SwapTCPHeader   0x001ea8    program     static D:\git\testing79m\Microchip\TCPIP Stack\TCP.c
                  SyncTCB   0x000132    program     static D:\git\testing79m\Microchip\TCPIP Stack\TCP.c
              SyncTCBStub   0x0000c8    program     static D:\git\testing79m\Microchip\TCPIP Stack\TCP.c
        TCPAdjustFIFOSize   0x002a38    program     extern D:\git\testing79m\Microchip\TCPIP Stack\TCP.c
                 TCPClose   0x00053c    program     extern D:\git\testing79m\Microchip\TCPIP Stack\TCP.c
               TCPDiscard   0x0008e2    program     extern D:\git\testing79m\Microchip\TCPIP Stack\TCP.c
            TCPDisconnect   0x0004c0    program     extern D:\git\testing79m\Microchip\TCPIP Stack\TCP.c
           TCPFindArrayEx   0x000c72    program     extern D:\git\testing79m\Microchip\TCPIP Stack\TCP.c
                TCPFindEx   0x001140    program     extern D:\git\testing79m\Microchip\TCPIP Stack\TCP.c
        TCPFindROMArrayEx   0x000ef0    program     extern D:\git\testing79m\Microchip\TCPIP Stack\TCP.c
                 TCPFlush   0x00058a    program     extern D:\git\testing79m\Microchip\TCPIP Stack\TCP.c
                   TCPGet   0x00094a    program     extern D:\git\testing79m\Microchip\TCPIP Stack\TCP.c
              TCPGetArray   0x0009b6    program     extern D:\git\testing79m\Microchip\TCPIP Stack\TCP.c
         TCPGetRemoteInfo   0x000550    program     extern D:\git\testing79m\Microchip\TCPIP Stack\TCP.c
         TCPGetRxFIFOFree   0x000aee    program     extern D:\git\testing79m\Microchip\TCPIP Stack\TCP.c
         TCPGetTxFIFOFull   0x0008ba    program     extern D:\git\testing79m\Microchip\TCPIP Stack\TCP.c
                  TCPInit   0x0001b0    program     extern D:\git\testing79m\Microchip\TCPIP Stack\TCP.c
           TCPIsConnected   0x0004aa    program     extern D:\git\testing79m\Microchip\TCPIP Stack\TCP.c
            TCPIsGetReady   0x000904    program     extern D:\git\testing79m\Microchip\TCPIP Stack\TCP.c
            TCPIsPutReady   0x0005a6    program     extern D:\git\testing79m\Microchip\TCPIP Stack\TCP.c
                  TCPOpen   0x000360    program     extern D:\git\testing79m\Microchip\TCPIP Stack\TCP.c
                  TCPPeek   0x000c46    program     extern D:\git\testing79m\Microchip\TCPIP Stack\TCP.c
             TCPPeekArray   0x000b16    program     extern D:\git\testing79m\Microchip\TCPIP Stack\TCP.c
               TCPProcess   0x00154a    program     extern D:\git\testing79m\Microchip\TCPIP Stack\TCP.c
                   TCPPut   0x00060c    program     extern D:\git\testing79m\Microchip\TCPIP Stack\TCP.c
              TCPPutArray   0x00069a    program     extern D:\git\testing79m\Microchip\TCPIP Stack\TCP.c
           TCPPutROMArray   0x00073e    program     extern D:\git\testing79m\Microchip\TCPIP Stack\TCP.c
          TCPPutROMString   0x000850    program     extern D:\git\testing79m\Microchip\TCPIP Stack\TCP.c
             TCPPutString   0x0007f0    program     extern D:\git\testing79m\Microchip\TCPIP Stack\TCP.c
               TCPRAMCopy   0x002bf2    program     static D:\git\testing79m\Microchip\TCPIP Stack\TCP.c
            TCPRAMCopyROM   0x002c80    program     static D:\git\testing79m\Microchip\TCPIP Stack\TCP.c
     TCPSocketInitializer   0x014920    program     extern D:\git\testing79m\Port\TCPIPConfig.h
                  TCPTick   0x001176    program     extern D:\git\testing79m\Microchip\TCPIP Stack\TCP.c
              TCPWasReset   0x000494    program     extern D:\git\testing79m\Microchip\TCPIP Stack\TCP.c
               TSIGN1616A   0x01101a    program     static C:\Program Files\mcc18\src\traditional\math\fxm1616s.asm
TickConvertToMilliseconds   0x014362    program     extern D:\git\testing79m\Microchip\TCPIP Stack\Tick.c
                  TickGet   0x014306    program     extern D:\git\testing79m\Microchip\TCPIP Stack\Tick.c
            TickGetDiv256   0x01431a    program     extern D:\git\testing79m\Microchip\TCPIP Stack\Tick.c
            TickGetDiv64K   0x01433e    program     extern D:\git\testing79m\Microchip\TCPIP Stack\Tick.c
                 TickInit   0x0142d0    program     extern D:\git\testing79m\Microchip\TCPIP Stack\Tick.c
               TickUpdate   0x014398    program     extern D:\git\testing79m\Microchip\TCPIP Stack\Tick.c
                 UART2ISR   0x014984    program     extern D:\git\testing79m\Microchip\TCPIP Stack\UART2TCPBridge.c
          UpCvt_vPrintALC   0x0140d2    program     extern D:\git\testing79m\Singcom\Devices\UpConverter_c1.c
         UpCvt_vPrintAttn   0x0140b8    program     extern D:\git\testing79m\Singcom\Devices\UpConverter_c1.c
         UpCvt_vPrintFreq   0x014038    program     extern D:\git\testing79m\Singcom\Devices\UpConverter_c1.c
           UpCvt_vPrintLo   0x014086    program     extern D:\git\testing79m\Singcom\Devices\UpConverter_c1.c
         UpCvt_vPrintMute   0x0140ec    program     extern D:\git\testing79m\Singcom\Devices\UpConverter_c1.c
        UpCvt_vPrintPower   0x014052    program     extern D:\git\testing79m\Singcom\Devices\UpConverter_c1.c
        UpCvt_vPrintStPwr   0x01406c    program     extern D:\git\testing79m\Singcom\Devices\UpConverter_c1.c
           UpCvt_vSendI2C   0x01413e    program     extern D:\git\testing79m\Singcom\Devices\UpConverter_c1.c
            UpCvt_vSetALC   0x014156    program     extern D:\git\testing79m\Singcom\Devices\UpConverter_c1.c
           UpCvt_vSetAttn   0x014150    program     extern D:\git\testing79m\Singcom\Devices\UpConverter_c1.c
           UpCvt_vSetFreq   0x01414e    program     extern D:\git\testing79m\Singcom\Devices\UpConverter_c1.c
           UpCvt_vSetMute   0x014158    program     extern D:\git\testing79m\Singcom\Devices\UpConverter_c1.c
          UpCvt_vSetPower   0x014152    program     extern D:\git\testing79m\Singcom\Devices\UpConverter_c1.c
          UpCvt_vSetStPwr   0x014154    program     extern D:\git\testing79m\Singcom\Devices\UpConverter_c1.c
               UpdateData   0x0136c8    program     extern D:\git\testing79m\Main\Main.c
         UpdateDataLEDSys   0x0136d8    program     extern D:\git\testing79m\Main\Main.c
        UpdateDataMenuSys   0x00481e    program     extern D:\git\testing79m\Singcom\Drivers\lcd.c
      UpdateDataModuleSys   0x0047f4    program     extern D:\git\testing79m\Singcom\Drivers\lcd.c
        UpdateDataUartSys   0x0136d6    program     extern D:\git\testing79m\Main\Main.c
             UpdateStatus   0x0047ca    program     extern D:\git\testing79m\Singcom\Drivers\lcd.c
         Util_u16ByteSwap   0x00a68a    program     extern D:\git\testing79m\SysLib\util.c
        Util_u16DWORDSwap   0x00a716    program     extern D:\git\testing79m\SysLib\util.c
      Util_u8Float2String   0x00ab52    program     extern D:\git\testing79m\SysLib\util.c
      Util_u8String2DWORD   0x00ab18    program     extern D:\git\testing79m\SysLib\util.c
      Util_u8String2Float   0x00ac10    program     extern D:\git\testing79m\SysLib\util.c
     Util_u8String2NFloat   0x00ace4    program     extern D:\git\testing79m\SysLib\util.c
      Util_u8String2int16   0x00a900    program     extern D:\git\testing79m\SysLib\util.c
Util_u8String2int32_noDotH   0x00a9cc    program     extern D:\git\testing79m\SysLib\util.c
Util_u8String2int32_noDotL   0x00aa72    program     extern D:\git\testing79m\SysLib\util.c
         VOLCTRL_vSendI2C   0x014a02    program     extern D:\git\testing79m\Singcom\Devices\DownConverter_c1.c
      Value2DisplayBuffer   0x005c68    program     extern D:\git\testing79m\Singcom\Drivers\lcd.c
                WriteData   0x0131ec    program     extern D:\git\testing79m\Singcom\Drivers\oled_c1.c
                 WriteIns   0x0131be    program     extern D:\git\testing79m\Singcom\Drivers\oled_c1.c
              WritePHYReg   0x010392    program     extern D:\git\testing79m\Microchip\TCPIP Stack\ETH97J60.c
              WriteString   0x013256    program     extern D:\git\testing79m\Singcom\Drivers\oled_c1.c
               WriteUSART   0x014420    program     extern D:\git\testing79m\Microchip\TCPIP Stack\UART.c
              WriteUSART2   0x014474    program     extern D:\git\testing79m\Microchip\TCPIP Stack\UART.c
             XEEBeginRead   0x012b94    program     extern D:\git\testing79m\Microchip\TCPIP Stack\SPIEEPROM.c
            XEEBeginWrite   0x012c8c    program     extern D:\git\testing79m\Microchip\TCPIP Stack\SPIEEPROM.c
               XEEEndRead   0x012bf6    program     extern D:\git\testing79m\Microchip\TCPIP Stack\SPIEEPROM.c
              XEEEndWrite   0x012d00    program     extern D:\git\testing79m\Microchip\TCPIP Stack\SPIEEPROM.c
                  XEEInit   0x012b7e    program     extern D:\git\testing79m\Microchip\TCPIP Stack\SPIEEPROM.c
                XEEIsBusy   0x012db2    program     extern D:\git\testing79m\Microchip\TCPIP Stack\SPIEEPROM.c
                  XEERead   0x012ba0    program     extern D:\git\testing79m\Microchip\TCPIP Stack\SPIEEPROM.c
             XEEReadArray   0x012bf8    program     extern D:\git\testing79m\Microchip\TCPIP Stack\SPIEEPROM.c
                 XEEWrite   0x012c98    program     extern D:\git\testing79m\Microchip\TCPIP Stack\SPIEEPROM.c
            XEEWriteArray   0x012cc6    program     extern D:\git\testing79m\Microchip\TCPIP Stack\SPIEEPROM.c
                  _14jEnd   0x013fc4    program     static C:\Program Files\mcc18\src\traditional\stdclib\atol.asm
              _2jContinue   0x011da2    program     static C:\Program Files\mcc18\src\traditional\stdclib\memset.asm
              _2jContinue   0x011c84    program     static C:\Program Files\mcc18\src\traditional\stdclib\memchr.asm
                   _2jEnd   0x011f8e    program     static C:\Program Files\mcc18\src\traditional\stdclib\slenpgm.asm
              _3jContinue   0x012094    program     static C:\Program Files\mcc18\src\traditional\stdclib\sncpyp2r.asm
              _3jContinue   0x011d6e    program     static C:\Program Files\mcc18\src\traditional\stdclib\mcpyp2r.asm
              _3jContinue   0x011cd2    program     static C:\Program Files\mcc18\src\traditional\stdclib\mcmpp2r.asm
                   _3jEnd   0x011c8e    program     static C:\Program Files\mcc18\src\traditional\stdclib\memchr.asm
                   _3jEnd   0x011dac    program     static C:\Program Files\mcc18\src\traditional\stdclib\memset.asm
              _4jContinue   0x01203a    program     static C:\Program Files\mcc18\src\traditional\stdclib\strncpy.asm
              _4jContinue   0x011fde    program     static C:\Program Files\mcc18\src\traditional\stdclib\strncat.asm
              _4jContinue   0x011d1a    program     static C:\Program Files\mcc18\src\traditional\stdclib\memcpy.asm
                   _4jEnd   0x01209e    program     static C:\Program Files\mcc18\src\traditional\stdclib\sncpyp2r.asm
                   _4jEnd   0x011d78    program     static C:\Program Files\mcc18\src\traditional\stdclib\mcpyp2r.asm
                   _4jEnd   0x011cdc    program     static C:\Program Files\mcc18\src\traditional\stdclib\mcmpp2r.asm
                   _5jEnd   0x012044    program     static C:\Program Files\mcc18\src\traditional\stdclib\strncpy.asm
                   _5jEnd   0x011fe8    program     static C:\Program Files\mcc18\src\traditional\stdclib\strncat.asm
                   _5jEnd   0x011d24    program     static C:\Program Files\mcc18\src\traditional\stdclib\memcpy.asm
        _D10TCYXCODE_000A   0x0149e4    program     static C:\Program Files\mcc18\src\traditional\delays\d10tcyx.asm
        _D10TCYXCODE_000C   0x0149e6    program     static C:\Program Files\mcc18\src\traditional\delays\d10tcyx.asm
        _D10TCYXCODE_000E   0x0149e8    program     static C:\Program Files\mcc18\src\traditional\delays\d10tcyx.asm
        _D1KTCYXCODE_0010   0x014974    program     static C:\Program Files\mcc18\src\traditional\delays\d1ktcyx.asm
        _D1KTCYXCODE_0016   0x01497a    program     static C:\Program Files\mcc18\src\traditional\delays\d1ktcyx.asm
           _LoadFATRecord   0x00bda6    program     static D:\git\testing79m\Microchip\TCPIP Stack\MPFS2.c
                _Validate   0x00c072    program     static D:\git\testing79m\Microchip\TCPIP Stack\MPFS2.c
                 __FpExit   0x011160    program     extern C:\Program Files\mcc18\src\traditional\math\packFP.asm
                 __FpPack   0x01118c    program     extern C:\Program Files\mcc18\src\traditional\math\packFP.asm
            __FpReturnNaN   0x011154    program     extern C:\Program Files\mcc18\src\traditional\math\packFP.asm
         __FpReturnNegInf   0x011166    program     extern C:\Program Files\mcc18\src\traditional\math\packFP.asm
        __FpReturnNegZero   0x01117e    program     extern C:\Program Files\mcc18\src\traditional\math\packFP.asm
         __FpReturnPosInf   0x01116c    program     extern C:\Program Files\mcc18\src\traditional\math\packFP.asm
        __FpReturnPosZero   0x011186    program     extern C:\Program Files\mcc18\src\traditional\math\packFP.asm
        __FpReturnSignInf   0x011162    program     extern C:\Program Files\mcc18\src\traditional\math\packFP.asm
       __FpReturnSignZero   0x01117a    program     extern C:\Program Files\mcc18\src\traditional\math\packFP.asm
              __FpReturnW   0x0111e4    program     extern C:\Program Files\mcc18\src\traditional\math\packFP.asm
              __FpUnPackA   0x011204    program     extern C:\Program Files\mcc18\src\traditional\math\UnpackFP.asm
              __FpUnPackB   0x011234    program     extern C:\Program Files\mcc18\src\traditional\math\UnpackFP.asm
           ___do_lbl00002   0x0131aa    program     static                          
           ___do_lbl00002   0x0142fe    program     static                          
           ___do_lbl00003   0x014302    program     static                          
           ___do_lbl00003   0x0131ae    program     static                          
           ___do_lbl00004   0x01319a    program     static                          
           ___do_lbl00004   0x0142e0    program     static                          
         ___else_lbl00313   0x005432    program     static                          
         ___else_lbl00315   0x0054aa    program     static                          
         ___else_lbl00325   0x005596    program     static                          
         ___else_lbl00332   0x0055f6    program     static                          
         ___else_lbl00335   0x005634    program     static                          
          ___for_lbl00122   0x00def8    program     static                          
          ___for_lbl00123   0x00defe    program     static                          
          ___for_lbl00124   0x00deda    program     static                          
          ___for_lbl00125   0x00df12    program     static                          
          ___for_lbl00126   0x00df16    program     static                          
          ___for_lbl00127   0x00defe    program     static                          
          ___for_lbl00306   0x00542c    program     static                          
          ___for_lbl00307   0x005430    program     static                          
          ___for_lbl00308   0x005408    program     static                          
          ___for_lbl00309   0x00547c    program     static                          
          ___for_lbl00310   0x005480    program     static                          
          ___for_lbl00311   0x00544c    program     static                          
          ___for_lbl00320   0x0055a6    program     static                          
          ___for_lbl00321   0x0055aa    program     static                          
          ___for_lbl00326   0x005558    program     static                          
          ___for_lbl00327   0x005606    program     static                          
          ___for_lbl00328   0x00560a    program     static                          
          ___for_lbl00333   0x0055b8    program     static                          
          ___for_lbl00337   0x0056ca    program     static                          
          ___for_lbl00338   0x0056ce    program     static                          
          ___for_lbl00341   0x00568e    program     static                          
          ___for_lbl00342   0x005718    program     static                          
          ___for_lbl00343   0x00571c    program     static                          
          ___for_lbl00346   0x0056dc    program     static                          
           ___if_lbl00005   0x00d682    program     static                          
           ___if_lbl00006   0x00d6a0    program     static                          
           ___if_lbl00007   0x00d73a    program     static                          
           ___if_lbl00008   0x00d740    program     static                          
           ___if_lbl00020   0x00fc94    program     static                          
           ___if_lbl00021   0x00fca0    program     static                          
           ___if_lbl00027   0x00fd74    program     static                          
           ___if_lbl00030   0x00fdf4    program     static                          
           ___if_lbl00305   0x0053e6    program     static                          
           ___if_lbl00312   0x005480    program     static                          
           ___if_lbl00314   0x0054ca    program     static                          
           ___if_lbl00316   0x0054ca    program     static                          
           ___if_lbl00317   0x0054d6    program     static                          
           ___if_lbl00318   0x0054e2    program     static                          
           ___if_lbl00323   0x0055a6    program     static                          
           ___if_lbl00324   0x0055a6    program     static                          
           ___if_lbl00330   0x005606    program     static                          
           ___if_lbl00331   0x005606    program     static                          
           ___if_lbl00334   0x005654    program     static                          
           ___if_lbl00340   0x0056ca    program     static                          
           ___if_lbl00345   0x005718    program     static                          
       ___return_lbl00000   0x00d78a    program     static                          
       ___return_lbl00000   0x000004    program     static                          
       ___return_lbl00000   0x014818    program     static                          
       ___return_lbl00000   0x0148ce    program     static                          
       ___return_lbl00000   0x0148fa    program     static                          
       ___return_lbl00000   0x0149d8    program     static                          
       ___return_lbl00000   0x013454    program     static                          
       ___return_lbl00000   0x00fafc    program     static                          
       ___return_lbl00001   0x014962    program     static                          
       ___return_lbl00001   0x0137e6    program     static                          
       ___return_lbl00001   0x0131b0    program     static                          
       ___return_lbl00001   0x014304    program     static                          
       ___return_lbl00002   0x014620    program     static                          
       ___return_lbl00004   0x0138be    program     static                          
       ___return_lbl00005   0x0131e0    program     static                          
       ___return_lbl00006   0x013212    program     static                          
       ___return_lbl00007   0x013248    program     static                          
       ___return_lbl00019   0x00001c    program     static                          
       ___return_lbl00019   0x00fdfc    program     static                          
       ___return_lbl00020   0x00000c    program     static                          
       ___return_lbl00079   0x010276    program     static                          
       ___return_lbl00080   0x0102c6    program     static                          
       ___return_lbl00083   0x010328    program     static                          
       ___return_lbl00086   0x010382    program     static                          
       ___return_lbl00089   0x0103d4    program     static                          
       ___return_lbl00121   0x00df28    program     static                          
       ___return_lbl00302   0x0054e2    program     static                          
       ___return_lbl00319   0x005654    program     static                          
       ___return_lbl00336   0x00571c    program     static                          
        ___while_lbl00001   0x00d510    program     static                          
        ___while_lbl00001   0x00fa0e    program     static                          
        ___while_lbl00002   0x00d742    program     static                          
        ___while_lbl00002   0x0137ca    program     static                          
        ___while_lbl00002   0x00fa14    program     static                          
        ___while_lbl00003   0x00d518    program     static                          
        ___while_lbl00003   0x0137d2    program     static                          
        ___while_lbl00004   0x00d51c    program     static                          
        ___while_lbl00081   0x010292    program     static                          
        ___while_lbl00082   0x0102c6    program     static                          
        ___while_lbl00084   0x0102e2    program     static                          
        ___while_lbl00085   0x010328    program     static                          
        ___while_lbl00087   0x010358    program     static                          
        ___while_lbl00088   0x01035e    program     static                          
        ___while_lbl00090   0x0103ce    program     static                          
        ___while_lbl00091   0x0103d4    program     static                          
        ___while_lbl00303   0x00516a    program     static                          
        ___while_lbl00304   0x00529c    program     static                          
               __config_0   0x01fff8    program     static D:\git\testing79m\Main\Main.c
               __config_1   0x01fffa    program     static D:\git\testing79m\Main\Main.c
               __config_2   0x01fffd    program     static D:\git\testing79m\Main\Main.c
                   __init   0x014a42    program     extern C:\Program Files\mcc18\src\traditional\stdclib\__init.c
                   __pa_0   0x01415a    program     static D:\git\testing79m\Singcom\Devices\UpConverter_c1.c
                   __pa_0   0x00eb38    program     static C:\Program Files\mcc18\src\traditional\stdclib\vfprintf.c
                   __pa_0   0x008504    program     static D:\git\testing79m\Microchip\TCPIP Stack\HTTP2.c
                   __pa_0   0x012df0    program     static D:\git\testing79m\Microchip\TCPIP Stack\SPIEEPROM.c
                   __pa_0   0x013c28    program     static D:\git\testing79m\Drivers\External-Peripherals\devadc.c
                   __pa_0   0x0142a8    program     static D:\git\testing79m\Microchip\TCPIP Stack\ICMP.c
                   __pa_0   0x005d86    program     static D:\git\testing79m\Singcom\Drivers\lcd.c
                   __pa_0   0x0130a4    program     static D:\git\testing79m\Singcom\Drivers\i2c_c1.c
                   __pa_0   0x013e28    program     static D:\git\testing79m\Drivers\MCU-Internal\ISR.c
                   __pa_0   0x009f0e    program     static D:\git\testing79m\App\WebUI\HTTPGetDevInfo.c
                   __pa_0   0x0133d2    program     static D:\git\testing79m\Singcom\Drivers\oled_c1.c
                   __pa_0   0x011bc2    program     static D:\git\testing79m\Microchip\TCPIP Stack\ARP.c
                   __pa_0   0x010402    program     static D:\git\testing79m\Microchip\TCPIP Stack\ETH97J60.c
                   __pa_0   0x00b174    program     static D:\git\testing79m\SysLib\util.c
                   __pa_0   0x0143ac    program     static D:\git\testing79m\Microchip\TCPIP Stack\Tick.c
                   __pa_0   0x01449a    program     static D:\git\testing79m\Microchip\TCPIP Stack\UART.c
                   __pa_0   0x002d60    program     static D:\git\testing79m\Microchip\TCPIP Stack\TCP.c
                   __pa_0   0x013aec    program     static D:\git\testing79m\Microchip\TCPIP Stack\StackTsk.c
                   __pa_0   0x00dfc0    program     static D:\git\testing79m\Microchip\TCPIP Stack\Helpers.c
                   __pa_0   0x012748    program     static D:\git\testing79m\Bootstrap\Initialization.c
                   __pa_0   0x0123c6    program     static D:\git\testing79m\Singcom\Devices\MainControl_c1.c
                   __pa_0   0x010b62    program     static D:\git\testing79m\App\WebUI\HTTPApp.c
                   __pa_0   0x00c0ea    program     static D:\git\testing79m\Microchip\TCPIP Stack\MPFS2.c
                   __pa_0   0x012ade    program     static D:\git\testing79m\Microchip\TCPIP Stack\IP.c
[...]
                TRISCbits   0x000f94       data     extern C:\MCC18\src\traditional\proc\p18F97J60.asm
                 DDRDbits   0x000f95       data     extern C:\MCC18\src\traditional\proc\p18F97J60.asm
                     DDRD   0x000f95       data     extern C:\MCC18\src\traditional\proc\p18F97J60.asm
                    TRISD   0x000f95       data     extern C:\MCC18\src\traditional\proc\p18F97J60.asm
                TRISDbits   0x000f95       data     extern C:\MCC18\src\traditional\proc\p18F97J60.asm
                 DDREbits   0x000f96       data     extern C:\MCC18\src\traditional\proc\p18F97J60.asm
                     DDRE   0x000f96       data     extern C:\MCC18\src\traditional\proc\p18F97J60.asm
                    TRISE   0x000f96       data     extern C:\MCC18\src\traditional\proc\p18F97J60.asm
                TRISEbits   0x000f96       data     extern C:\MCC18\src\traditional\proc\p18F97J60.asm
                    TRISF   0x000f97       data     extern C:\MCC18\src\traditional\proc\p18F97J60.asm
                TRISFbits   0x000f97       data     extern C:\MCC18\src\traditional\proc\p18F97J60.asm
                     DDRF   0x000f97       data     extern C:\MCC18\src\traditional\proc\p18F97J60.asm
                 DDRFbits   0x000f97       data     extern C:\MCC18\src\traditional\proc\p18F97J60.asm
                    TRISG   0x000f98       data     extern C:\MCC18\src\traditional\proc\p18F97J60.asm
                     DDRG   0x000f98       data     extern C:\MCC18\src\traditional\proc\p18F97J60.asm
                 DDRGbits   0x000f98       data     extern C:\MCC18\src\traditional\proc\p18F97J60.asm
                TRISGbits   0x000f98       data     extern C:\MCC18\src\traditional\proc\p18F97J60.asm
                     DDRH   0x000f99       data     extern C:\MCC18\src\traditional\proc\p18F97J60.asm
                 DDRHbits   0x000f99       data     extern C:\MCC18\src\traditional\proc\p18F97J60.asm
                    TRISH   0x000f99       data     extern C:\MCC18\src\traditional\proc\p18F97J60.asm
                TRISHbits   0x000f99       data     extern C:\MCC18\src\traditional\proc\p18F97J60.asm
                    TRISJ   0x000f9a       data     extern C:\MCC18\src\traditional\proc\p18F97J60.asm
                TRISJbits   0x000f9a       data     extern C:\MCC18\src\traditional\proc\p18F97J60.asm
                 DDRJbits   0x000f9a       data     extern C:\MCC18\src\traditional\proc\p18F97J60.asm
                     DDRJ   0x000f9a       data     extern C:\MCC18\src\traditional\proc\p18F97J60.asm
              OSCTUNEbits   0x000f9b       data     extern C:\MCC18\src\traditional\proc\p18F97J60.asm
                  OSCTUNE   0x000f9b       data     extern C:\MCC18\src\traditional\proc\p18F97J60.asm
               MEMCONbits   0x000f9c       data     extern C:\MCC18\src\traditional\proc\p18F97J60.asm
                   MEMCON   0x000f9c       data     extern C:\MCC18\src\traditional\proc\p18F97J60.asm
                 PIE1bits   0x000f9d       data     extern C:\MCC18\src\traditional\proc\p18F97J60.asm
                     PIE1   0x000f9d       data     extern C:\MCC18\src\traditional\proc\p18F97J60.asm
                     PIR1   0x000f9e       data     extern C:\MCC18\src\traditional\proc\p18F97J60.asm
                 PIR1bits   0x000f9e       data     extern C:\MCC18\src\traditional\proc\p18F97J60.asm
                 IPR1bits   0x000f9f       data     extern C:\MCC18\src\traditional\proc\p18F97J60.asm
                     IPR1   0x000f9f       data     extern C:\MCC18\src\traditional\proc\p18F97J60.asm
                     PIE2   0x000fa0       data     extern C:\MCC18\src\traditional\proc\p18F97J60.asm
                 PIE2bits   0x000fa0       data     extern C:\MCC18\src\traditional\proc\p18F97J60.asm
                     PIR2   0x000fa1       data     extern C:\MCC18\src\traditional\proc\p18F97J60.asm
                 PIR2bits   0x000fa1       data     extern C:\MCC18\src\traditional\proc\p18F97J60.asm
                     IPR2   0x000fa2       data     extern C:\MCC18\src\traditional\proc\p18F97J60.asm
                 IPR2bits   0x000fa2       data     extern C:\MCC18\src\traditional\proc\p18F97J60.asm
                     PIE3   0x000fa3       data     extern C:\MCC18\src\traditional\proc\p18F97J60.asm
                 PIE3bits   0x000fa3       data     extern C:\MCC18\src\traditional\proc\p18F97J60.asm
                     PIR3   0x000fa4       data     extern C:\MCC18\src\traditional\proc\p18F97J60.asm
                 PIR3bits   0x000fa4       data     extern C:\MCC18\src\traditional\proc\p18F97J60.asm
                     IPR3   0x000fa5       data     extern C:\MCC18\src\traditional\proc\p18F97J60.asm
                 IPR3bits   0x000fa5       data     extern C:\MCC18\src\traditional\proc\p18F97J60.asm
                   EECON1   0x000fa6       data     extern C:\MCC18\src\traditional\proc\p18F97J60.asm
               EECON1bits   0x000fa6       data     extern C:\MCC18\src\traditional\proc\p18F97J60.asm
                   EECON2   0x000fa7       data     extern C:\MCC18\src\traditional\proc\p18F97J60.asm
               RCSTA1bits   0x000fab       data     extern C:\MCC18\src\traditional\proc\p18F97J60.asm
                RCSTAbits   0x000fab       data     extern C:\MCC18\src\traditional\proc\p18F97J60.asm
                    RCSTA   0x000fab       data     extern C:\MCC18\src\traditional\proc\p18F97J60.asm
                   RCSTA1   0x000fab       data     extern C:\MCC18\src\traditional\proc\p18F97J60.asm
                    TXSTA   0x000fac       data     extern C:\MCC18\src\traditional\proc\p18F97J60.asm
                   TXSTA1   0x000fac       data     extern C:\MCC18\src\traditional\proc\p18F97J60.asm
               TXSTA1bits   0x000fac       data     extern C:\MCC18\src\traditional\proc\p18F97J60.asm
                TXSTAbits   0x000fac       data     extern C:\MCC18\src\traditional\proc\p18F97J60.asm
                    TXREG   0x000fad       data     extern C:\MCC18\src\traditional\proc\p18F97J60.asm
                   TXREG1   0x000fad       data     extern C:\MCC18\src\traditional\proc\p18F97J60.asm
                   RCREG1   0x000fae       data     extern C:\MCC18\src\traditional\proc\p18F97J60.asm
                    RCREG   0x000fae       data     extern C:\MCC18\src\traditional\proc\p18F97J60.asm
                   SPBRG1   0x000faf       data     extern C:\MCC18\src\traditional\proc\p18F97J60.asm
                    SPBRG   0x000faf       data     extern C:\MCC18\src\traditional\proc\p18F97J60.asm
                   PSPCON   0x000fb0       data     extern C:\MCC18\src\traditional\proc\p18F97J60.asm
               PSPCONbits   0x000fb0       data     extern C:\MCC18\src\traditional\proc\p18F97J60.asm
                T3CONbits   0x000fb1       data     extern C:\MCC18\src\traditional\proc\p18F97J60.asm
                    T3CON   0x000fb1       data     extern C:\MCC18\src\traditional\proc\p18F97J60.asm
                    TMR3L   0x000fb2       data     extern C:\MCC18\src\traditional\proc\p18F97J60.asm
                    TMR3H   0x000fb3       data     extern C:\MCC18\src\traditional\proc\p18F97J60.asm
                CMCONbits   0x000fb4       data     extern C:\MCC18\src\traditional\proc\p18F97J60.asm
                    CMCON   0x000fb4       data     extern C:\MCC18\src\traditional\proc\p18F97J60.asm
               CVRCONbits   0x000fb5       data     extern C:\MCC18\src\traditional\proc\p18F97J60.asm
                   CVRCON   0x000fb5       data     extern C:\MCC18\src\traditional\proc\p18F97J60.asm
                  ECCP1AS   0x000fb6       data     extern C:\MCC18\src\traditional\proc\p18F97J60.asm
              ECCP1ASbits   0x000fb6       data     extern C:\MCC18\src\traditional\proc\p18F97J60.asm
              CCP3CONbits   0x000fb7       data     extern C:\MCC18\src\traditional\proc\p18F97J60.asm
                  CCP3CON   0x000fb7       data     extern C:\MCC18\src\traditional\proc\p18F97J60.asm
             ECCP3CONbits   0x000fb7       data     extern C:\MCC18\src\traditional\proc\p18F97J60.asm
                 ECCP3CON   0x000fb7       data     extern C:\MCC18\src\traditional\proc\p18F97J60.asm
                    CCPR3   0x000fb8       data     extern C:\MCC18\src\traditional\proc\p18F97J60.asm
                   CCPR3L   0x000fb8       data     extern C:\MCC18\src\traditional\proc\p18F97J60.asm
                   CCPR3H   0x000fb9       data     extern C:\MCC18\src\traditional\proc\p18F97J60.asm
                 ECCP2CON   0x000fba       data     extern C:\MCC18\src\traditional\proc\p18F97J60.asm
             ECCP2CONbits   0x000fba       data     extern C:\MCC18\src\traditional\proc\p18F97J60.asm
                  CCP2CON   0x000fba       data     extern C:\MCC18\src\traditional\proc\p18F97J60.asm
              CCP2CONbits   0x000fba       data     extern C:\MCC18\src\traditional\proc\p18F97J60.asm
                   CCPR2L   0x000fbb       data     extern C:\MCC18\src\traditional\proc\p18F97J60.asm
                    CCPR2   0x000fbb       data     extern C:\MCC18\src\traditional\proc\p18F97J60.asm
                   CCPR2H   0x000fbc       data     extern C:\MCC18\src\traditional\proc\p18F97J60.asm
              CCP1CONbits   0x000fbd       data     extern C:\MCC18\src\traditional\proc\p18F97J60.asm
                  CCP1CON   0x000fbd       data     extern C:\MCC18\src\traditional\proc\p18F97J60.asm
             ECCP1CONbits   0x000fbd       data     extern C:\MCC18\src\traditional\proc\p18F97J60.asm
                 ECCP1CON   0x000fbd       data     extern C:\MCC18\src\traditional\proc\p18F97J60.asm
                   CCPR1L   0x000fbe       data     extern C:\MCC18\src\traditional\proc\p18F97J60.asm
                    CCPR1   0x000fbe       data     extern C:\MCC18\src\traditional\proc\p18F97J60.asm
                   CCPR1H   0x000fbf       data     extern C:\MCC18\src\traditional\proc\p18F97J60.asm
               ADCON2bits   0x000fc0       data     extern C:\MCC18\src\traditional\proc\p18F97J60.asm
                   ADCON2   0x000fc0       data     extern C:\MCC18\src\traditional\proc\p18F97J60.asm
               ADCON1bits   0x000fc1       data     extern C:\MCC18\src\traditional\proc\p18F97J60.asm
                   ADCON1   0x000fc1       data     extern C:\MCC18\src\traditional\proc\p18F97J60.asm
               ADCON0bits   0x000fc2       data     extern C:\MCC18\src\traditional\proc\p18F97J60.asm
                   ADCON0   0x000fc2       data     extern C:\MCC18\src\traditional\proc\p18F97J60.asm
                   ADRESL   0x000fc3       data     extern C:\MCC18\src\traditional\proc\p18F97J60.asm
                    ADRES   0x000fc3       data     extern C:\MCC18\src\traditional\proc\p18F97J60.asm
                   ADRESH   0x000fc4       data     extern C:\MCC18\src\traditional\proc\p18F97J60.asm
              SSPCON2bits   0x000fc5       data     extern C:\MCC18\src\traditional\proc\p18F97J60.asm
                  SSPCON2   0x000fc5       data     extern C:\MCC18\src\traditional\proc\p18F97J60.asm
                 SSP1CON2   0x000fc5       data     extern C:\MCC18\src\traditional\proc\p18F97J60.asm
             SSP1CON2bits   0x000fc5       data     extern C:\MCC18\src\traditional\proc\p18F97J60.asm
              SSPCON1bits   0x000fc6       data     extern C:\MCC18\src\traditional\proc\p18F97J60.asm
                  SSPCON1   0x000fc6       data     extern C:\MCC18\src\traditional\proc\p18F97J60.asm
             SSP1CON1bits   0x000fc6       data     extern C:\MCC18\src\traditional\proc\p18F97J60.asm
                 SSP1CON1   0x000fc6       data     extern C:\MCC18\src\traditional\proc\p18F97J60.asm
              SSPSTATbits   0x000fc7       data     extern C:\MCC18\src\traditional\proc\p18F97J60.asm
                  SSPSTAT   0x000fc7       data     extern C:\MCC18\src\traditional\proc\p18F97J60.asm
             SSP1STATbits   0x000fc7       data     extern C:\MCC18\src\traditional\proc\p18F97J60.asm
                 SSP1STAT   0x000fc7       data     extern C:\MCC18\src\traditional\proc\p18F97J60.asm
                  SSP1ADD   0x000fc8       data     extern C:\MCC18\src\traditional\proc\p18F97J60.asm
                   SSPADD   0x000fc8       data     extern C:\MCC18\src\traditional\proc\p18F97J60.asm
                  SSP1BUF   0x000fc9       data     extern C:\MCC18\src\traditional\proc\p18F97J60.asm
                   SSPBUF   0x000fc9       data     extern C:\MCC18\src\traditional\proc\p18F97J60.asm
                T2CONbits   0x000fca       data     extern C:\MCC18\src\traditional\proc\p18F97J60.asm
                    T2CON   0x000fca       data     extern C:\MCC18\src\traditional\proc\p18F97J60.asm
                      PR2   0x000fcb       data     extern C:\MCC18\src\traditional\proc\p18F97J60.asm
                     TMR2   0x000fcc       data     extern C:\MCC18\src\traditional\proc\p18F97J60.asm
                T1CONbits   0x000fcd       data     extern C:\MCC18\src\traditional\proc\p18F97J60.asm
                    T1CON   0x000fcd       data     extern C:\MCC18\src\traditional\proc\p18F97J60.asm
                    TMR1L   0x000fce       data     extern C:\MCC18\src\traditional\proc\p18F97J60.asm
                    TMR1H   0x000fcf       data     extern C:\MCC18\src\traditional\proc\p18F97J60.asm
                 RCONbits   0x000fd0       data     extern C:\MCC18\src\traditional\proc\p18F97J60.asm
                     RCON   0x000fd0       data     extern C:\MCC18\src\traditional\proc\p18F97J60.asm
                   WDTCON   0x000fd1       data     extern C:\MCC18\src\traditional\proc\p18F97J60.asm
               WDTCONbits   0x000fd1       data     extern C:\MCC18\src\traditional\proc\p18F97J60.asm
                    ECON1   0x000fd2       data     extern C:\MCC18\src\traditional\proc\p18F97J60.asm
                ECON1bits   0x000fd2       data     extern C:\MCC18\src\traditional\proc\p18F97J60.asm
                   OSCCON   0x000fd3       data     extern C:\MCC18\src\traditional\proc\p18F97J60.asm
               OSCCONbits   0x000fd3       data     extern C:\MCC18\src\traditional\proc\p18F97J60.asm
                    T0CON   0x000fd5       data     extern C:\MCC18\src\traditional\proc\p18F97J60.asm
                T0CONbits   0x000fd5       data     extern C:\MCC18\src\traditional\proc\p18F97J60.asm
                    TMR0L   0x000fd6       data     extern C:\MCC18\src\traditional\proc\p18F97J60.asm
                    TMR0H   0x000fd7       data     extern C:\MCC18\src\traditional\proc\p18F97J60.asm
               STATUSbits   0x000fd8       data     extern C:\MCC18\src\traditional\proc\p18F97J60.asm
                   STATUS   0x000fd8       data     extern C:\MCC18\src\traditional\proc\p18F97J60.asm
                     FSR2   0x000fd9       data     extern C:\MCC18\src\traditional\proc\p18F97J60.asm
                    FSR2L   0x000fd9       data     extern C:\MCC18\src\traditional\proc\p18F97J60.asm
                    FSR2H   0x000fda       data     extern C:\MCC18\src\traditional\proc\p18F97J60.asm
                   PLUSW2   0x000fdb       data     extern C:\MCC18\src\traditional\proc\p18F97J60.asm
                  PREINC2   0x000fdc       data     extern C:\MCC18\src\traditional\proc\p18F97J60.asm
                 POSTDEC2   0x000fdd       data     extern C:\MCC18\src\traditional\proc\p18F97J60.asm
                 POSTINC2   0x000fde       data     extern C:\MCC18\src\traditional\proc\p18F97J60.asm
                    INDF2   0x000fdf       data     extern C:\MCC18\src\traditional\proc\p18F97J60.asm
                      BSR   0x000fe0       data     extern C:\MCC18\src\traditional\proc\p18F97J60.asm
                     FSR1   0x000fe1       data     extern C:\MCC18\src\traditional\proc\p18F97J60.asm
                    FSR1L   0x000fe1       data     extern C:\MCC18\src\traditional\proc\p18F97J60.asm
                    FSR1H   0x000fe2       data     extern C:\MCC18\src\traditional\proc\p18F97J60.asm
                   PLUSW1   0x000fe3       data     extern C:\MCC18\src\traditional\proc\p18F97J60.asm
                  PREINC1   0x000fe4       data     extern C:\MCC18\src\traditional\proc\p18F97J60.asm
                 POSTDEC1   0x000fe5       data     extern C:\MCC18\src\traditional\proc\p18F97J60.asm
                 POSTINC1   0x000fe6       data     extern C:\MCC18\src\traditional\proc\p18F97J60.asm
                    INDF1   0x000fe7       data     extern C:\MCC18\src\traditional\proc\p18F97J60.asm
                     WREG   0x000fe8       data     extern C:\MCC18\src\traditional\proc\p18F97J60.asm
                    FSR0L   0x000fe9       data     extern C:\MCC18\src\traditional\proc\p18F97J60.asm
                     FSR0   0x000fe9       data     extern C:\MCC18\src\traditional\proc\p18F97J60.asm
                    FSR0H   0x000fea       data     extern C:\MCC18\src\traditional\proc\p18F97J60.asm
                   PLUSW0   0x000feb       data     extern C:\MCC18\src\traditional\proc\p18F97J60.asm
                  PREINC0   0x000fec       data     extern C:\MCC18\src\traditional\proc\p18F97J60.asm
                 POSTDEC0   0x000fed       data     extern C:\MCC18\src\traditional\proc\p18F97J60.asm
                 POSTINC0   0x000fee       data     extern C:\MCC18\src\traditional\proc\p18F97J60.asm
                    INDF0   0x000fef       data     extern C:\MCC18\src\traditional\proc\p18F97J60.asm
              INTCON3bits   0x000ff0       data     extern C:\MCC18\src\traditional\proc\p18F97J60.asm
                  INTCON3   0x000ff0       data     extern C:\MCC18\src\traditional\proc\p18F97J60.asm
              INTCON2bits   0x000ff1       data     extern C:\MCC18\src\traditional\proc\p18F97J60.asm
                  INTCON2   0x000ff1       data     extern C:\MCC18\src\traditional\proc\p18F97J60.asm
               INTCONbits   0x000ff2       data     extern C:\MCC18\src\traditional\proc\p18F97J60.asm
                   INTCON   0x000ff2       data     extern C:\MCC18\src\traditional\proc\p18F97J60.asm
                     PROD   0x000ff3       data     extern C:\MCC18\src\traditional\proc\p18F97J60.asm
                    PRODL   0x000ff3       data     extern C:\MCC18\src\traditional\proc\p18F97J60.asm
                    PRODH   0x000ff4       data     extern C:\MCC18\src\traditional\proc\p18F97J60.asm
                   TABLAT   0x000ff5       data     extern C:\MCC18\src\traditional\proc\p18F97J60.asm
                   TBLPTR   0x000ff6       data     extern C:\MCC18\src\traditional\proc\p18F97J60.asm
                  TBLPTRL   0x000ff6       data     extern C:\MCC18\src\traditional\proc\p18F97J60.asm
                  TBLPTRH   0x000ff7       data     extern C:\MCC18\src\traditional\proc\p18F97J60.asm
                  TBLPTRU   0x000ff8       data     extern C:\MCC18\src\traditional\proc\p18F97J60.asm
                       PC   0x000ff9       data     extern C:\MCC18\src\traditional\proc\p18F97J60.asm
                      PCL   0x000ff9       data     extern C:\MCC18\src\traditional\proc\p18F97J60.asm
                   PCLATH   0x000ffa       data     extern C:\MCC18\src\traditional\proc\p18F97J60.asm
                   PCLATU   0x000ffb       data     extern C:\MCC18\src\traditional\proc\p18F97J60.asm
                   STKPTR   0x000ffc       data     extern C:\MCC18\src\traditional\proc\p18F97J60.asm
               STKPTRbits   0x000ffc       data     extern C:\MCC18\src\traditional\proc\p18F97J60.asm
                     TOSL   0x000ffd       data     extern C:\MCC18\src\traditional\proc\p18F97J60.asm
                      TOS   0x000ffd       data     extern C:\MCC18\src\traditional\proc\p18F97J60.asm
                     TOSH   0x000ffe       data     extern C:\MCC18\src\traditional\proc\p18F97J60.asm
                     TOSU   0x000fff       data     extern C:\MCC18\src\traditional\proc\p18F97J60.asm


